207.46.13.83 - - [24/Feb/2016:04:28:40 -0500] "GET /2013/08/12/cucumber-and-bdd/ HTTP/1.1" 200 21826 "-" "Mozilla/5.0 (compatible; bingbot/2.0; +http://www.bing.com/bingbot.htm)"
207.46.13.83 - - [24/Feb/2016:04:28:41 -0500] "GET /2013/08/20/2013-mta-app-quest-at-challenge-post/ HTTP/1.1" 200 22293 "-" "Mozilla/5.0 (compatible; bingbot/2.0; +http://www.bing.com/bingbot.htm)"
207.46.13.83 - - [24/Feb/2016:04:28:42 -0500] "GET /2013/08/23/learning-arquillian/ HTTP/1.1" 200 24561 "-" "Mozilla/5.0 (compatible; bingbot/2.0; +http://www.bing.com/bingbot.htm)"
207.46.13.83 - - [24/Feb/2016:04:28:43 -0500] "GET /author/bunkertor/?lt;prefill>true</prefill>/page/1/<prefilltrue/prefill HTTP/1.1" 200 129096 "-" "Mozilla/5.0 (compatible; bingbot/2.0; +http://www.bing.com/bingbot.htm)"
207.46.13.83 - - [24/Feb/2016:04:28:44 -0500] "GET /2013/09/07/lambda-links-and-the-search-for-final-closure-java-8-and-scala/ HTTP/1.1" 200 23383 "-" "Mozilla/5.0 (compatible; bingbot/2.0; +http://www.bing.com/bingbot.htm)"
207.46.13.83 - - [24/Feb/2016:04:28:45 -0500] "GET /2014/04/14/soap-ssl-usernametoken-java-jax-ws/ HTTP/1.1" 200 28569 "-" "Mozilla/5.0 (compatible; bingbot/2.0; +http://www.bing.com/bingbot.htm)"
207.46.13.83 - - [24/Feb/2016:04:28:48 -0500] "GET /2014/04/22/spring-boot-spring-4/?relatedposts_to=110&relatedposts_order=0 HTTP/1.1" 200 21610 "-" "Mozilla/5.0 (compatible; bingbot/2.0; +http://www.bing.com/bingbot.htm)"
207.46.13.83 - - [24/Feb/2016:04:28:49 -0500] "GET /2013/10/09/links-of-the-day-09-oct-2013/ HTTP/1.1" 200 22467 "-" "Mozilla/5.0 (compatible; bingbot/2.0; +http://www.bing.com/bingbot.htm)"
207.46.13.83 - - [24/Feb/2016:04:28:51 -0500] "GET /2013/10/16/sql-2/ HTTP/1.1" 200 25215 "-" "Mozilla/5.0 (compatible; bingbot/2.0; +http://www.bing.com/bingbot.htm)"
207.46.13.83 - - [24/Feb/2016:04:28:52 -0500] "GET /2013/05/06/windows-mail-server/ HTTP/1.1" 200 21768 "-" "Mozilla/5.0 (compatible; bingbot/2.0; +http://www.bing.com/bingbot.htm)"
207.46.13.83 - - [24/Feb/2016:04:28:54 -0500] "GET /2013/10/16/static-code-analysis-code-coverage-and-jenkins-with-cloudbees/ HTTP/1.1" 200 23256 "-" "Mozilla/5.0 (compatible; bingbot/2.0; +http://www.bing.com/bingbot.htm)"
207.46.13.83 - - [24/Feb/2016:04:28:55 -0500] "GET /agile-manifesto/?share=stumbleupon HTTP/1.1" 200 23546 "-" "Mozilla/5.0 (compatible; bingbot/2.0; +http://www.bing.com/bingbot.htm)"
79.53.213.168 - - [24/Feb/2016:04:28:55 -0500] "GET /2015/07/26/microservices-devops-scala-akka-spring-boot-and-more/ HTTP/1.1" 200 31440 "https://www.google.it/" "Mozilla/5.0 (Macintosh; Intel Mac OS X 10_11_3) AppleWebKit/601.4.4 (KHTML, like Gecko) Version/9.0.3 Safari/601.4.4"
79.53.213.168 - - [24/Feb/2016:04:28:58 -0500] "GET /wp-content/themes/bhost/js/jquery.easing.min.js?ver=20130117 HTTP/1.1" 404 8472 "http://www.agilemobiledeveloper.com/2015/07/26/microservices-devops-scala-akka-spring-boot-and-more/" "Mozilla/5.0 (Macintosh; Intel Mac OS X 10_11_3) AppleWebKit/601.4.4 (KHTML, like Gecko) Version/9.0.3 Safari/601.4.4"
79.53.213.168 - - [24/Feb/2016:04:28:58 -0500] "GET /wp-content/uploads/2012/08/big-mvbbutton.png HTTP/1.1" 404 8472 "http://www.agilemobiledeveloper.com/2015/07/26/microservices-devops-scala-akka-spring-boot-and-more/" "Mozilla/5.0 (Macintosh; Intel Mac OS X 10_11_3) AppleWebKit/601.4.4 (KHTML, like Gecko) Version/9.0.3 Safari/601.4.4"
79.53.213.168 - - [24/Feb/2016:04:28:59 -0500] "GET /favicon.ico HTTP/1.1" 200 - "http://www.agilemobiledeveloper.com/2015/07/26/microservices-devops-scala-akka-spring-boot-and-more/" "Mozilla/5.0 (Macintosh; Intel Mac OS X 10_11_3) AppleWebKit/601.4.4 (KHTML, like Gecko) Version/9.0.3 Safari/601.4.4"
207.46.13.113 - - [24/Feb/2016:04:29:14 -0500] "GET /2013/09/ HTTP/1.1" 200 25867 "-" "Mozilla/5.0 (compatible; bingbot/2.0; +http://www.bing.com/bingbot.htm)"
207.46.13.113 - - [24/Feb/2016:04:29:15 -0500] "GET /2012/08/02/nodester-node-js-express-mongo-app-draft/?share=twitter HTTP/1.1" 200 26615 "-" "Mozilla/5.0 (compatible; bingbot/2.0; +http://www.bing.com/bingbot.htm)"
207.46.13.113 - - [24/Feb/2016:04:29:17 -0500] "GET /2014/04/09/jboss-forge-notes/ HTTP/1.1" 200 22612 "-" "Mozilla/5.0 (compatible; bingbot/2.0; +http://www.bing.com/bingbot.htm)"
207.46.13.113 - - [24/Feb/2016:04:29:18 -0500] "GET /2014/04/10/autocompletes/ HTTP/1.1" 200 26217 "-" "Mozilla/5.0 (compatible; bingbot/2.0; +http://www.bing.com/bingbot.htm)"
207.46.13.113 - - [24/Feb/2016:04:29:18 -0500] "GET /2014/04/22/spring-boot-spring-4/ HTTP/1.1" 200 21564 "-" "Mozilla/5.0 (compatible; bingbot/2.0; +http://www.bing.com/bingbot.htm)"
207.46.13.113 - - [24/Feb/2016:04:29:19 -0500] "GET /2013/10/03/git-r-done-scalathon-2012-notes/ HTTP/1.1" 200 37830 "-" "Mozilla/5.0 (compatible; bingbot/2.0; +http://www.bing.com/bingbot.htm)"
207.46.13.113 - - [24/Feb/2016:04:29:20 -0500] "GET /2012/07/18/html5-2/ HTTP/1.1" 200 24942 "-" "Mozilla/5.0 (compatible; bingbot/2.0; +http://www.bing.com/bingbot.htm)"
207.46.13.113 - - [24/Feb/2016:04:29:21 -0500] "GET /2013/02/ HTTP/1.1" 200 74649 "-" "Mozilla/5.0 (compatible; bingbot/2.0; +http://www.bing.com/bingbot.htm)"
207.46.13.113 - - [24/Feb/2016:04:29:23 -0500] "GET /2012/08/02/nodester-node-js-express-mongo-app-draft/?share=stumbleupon HTTP/1.1" 200 26619 "-" "Mozilla/5.0 (compatible; bingbot/2.0; +http://www.bing.com/bingbot.htm)"
207.46.13.113 - - [24/Feb/2016:04:29:24 -0500] "GET /2013/10/09/metrics/ HTTP/1.1" 200 22549 "-" "Mozilla/5.0 (compatible; bingbot/2.0; +http://www.bing.com/bingbot.htm)"
207.46.13.113 - - [24/Feb/2016:04:29:25 -0500] "GET /2014/05/ HTTP/1.1" 200 117172 "-" "Mozilla/5.0 (compatible; bingbot/2.0; +http://www.bing.com/bingbot.htm)"
207.46.13.113 - - [24/Feb/2016:04:29:26 -0500] "GET /2013/10/16/sql-dsl-jpa-jooq-oracle-merge-model/ HTTP/1.1" 200 22950 "-" "Mozilla/5.0 (compatible; bingbot/2.0; +http://www.bing.com/bingbot.htm)"
207.46.13.113 - - [24/Feb/2016:04:29:27 -0500] "GET /2012/07/03/spring-mvc-spring-data-for-mongodb-mongolab-openshift/?share=facebook HTTP/1.1" 200 23068 "-" "Mozilla/5.0 (compatible; bingbot/2.0; +http://www.bing.com/bingbot.htm)"
157.55.39.31 - - [24/Feb/2016:04:30:22 -0500] "GET /2012/07/17/no-not-python-its-the-holy-grails/?share=reddit HTTP/1.1" 200 27758 "-" "Mozilla/5.0 (compatible; bingbot/2.0; +http://www.bing.com/bingbot.htm)"157.55.39.31 - - [24/Feb/2016:04:30:23 -0500] "GET /wiki/las-vegas-casinos-on-the-strip/ HTTP/1.1" 404 8472 "-" "Mozilla/5.0 (compatible; bingbot/2.0; +http://www.bing.com/bingbot.htm)"
157.55.39.31 - - [24/Feb/2016:04:30:24 -0500] "GET /type/link/ HTTP/1.1" 200 22292 "-" "Mozilla/5.0 (compatible; bingbot/2.0; +http://www.bing.com/bingbot.htm)"
157.55.39.31 - - [24/Feb/2016:04:30:26 -0500] "GET /2013/01/31/android-java-heroku-jax-rs/ HTTP/1.1" 200 24407 "-" "Mozilla/5.0 (compatible; bingbot/2.0; +http://www.bing.com/bingbot.htm)"
157.55.39.31 - - [24/Feb/2016:04:30:28 -0500] "GET /2012/12/05/manfiesto-for-software-craftsmanship/ HTTP/1.1" 200 27443 "-" "Mozilla/5.0 (compatible; bingbot/2.0; +http://www.bing.com/bingbot.htm)"
157.55.39.31 - - [24/Feb/2016:04:30:30 -0500] "GET /2013/05/16/codenvy/ HTTP/1.1" 200 22440 "-" "Mozilla/5.0 (compatible; bingbot/2.0; +http://www.bing.com/bingbot.htm)"
157.55.39.31 - - [24/Feb/2016:04:30:31 -0500] "GET /2013/02/19/todays-links-2/ HTTP/1.1" 200 24766 "-" "Mozilla/5.0 (compatible; bingbot/2.0; +http://www.bing.com/bingbot.htm)"
157.55.39.31 - - [24/Feb/2016:04:30:32 -0500] "GET /2014/01/06/history-of-web-application-servers-1990s/ HTTP/1.1" 200 22263 "-" "Mozilla/5.0 (compatible; bingbot/2.0; +http://www.bing.com/bingbot.htm)"
157.55.39.31 - - [24/Feb/2016:04:30:33 -0500] "GET /page/5/ HTTP/1.1" 200 122152 "-" "Mozilla/5.0 (compatible; bingbot/2.0; +http://www.bing.com/bingbot.htm)"
157.55.39.31 - - [24/Feb/2016:04:30:37 -0500] "GET /2012/10/17/node-js-development-on-windows-with-webmatrix-2/ HTTP/1.1" 200 24960 "-" "Mozilla/5.0 (compatible; bingbot/2.0; +http://www.bing.com/bingbot.htm)"
107.170.102.81 - - [24/Feb/2016:04:30:38 -0500] "GET /feed/ HTTP/1.1" 200 129465 "-" "Feedbin feed-id:1015889 - 1 subscribers"
157.55.39.31 - - [24/Feb/2016:04:30:38 -0500] "GET /page/2/ HTTP/1.1" 200 137817 "-" "Mozilla/5.0 (compatible; bingbot/2.0; +http://www.bing.com/bingbot.htm)"
157.55.39.31 - - [24/Feb/2016:04:30:41 -0500] "GET /2013/05/31/links-du-jour/ HTTP/1.1" 200 23244 "-" "Mozilla/5.0 (compatible; bingbot/2.0; +http://www.bing.com/bingbot.htm)"
157.55.39.31 - - [24/Feb/2016:04:30:42 -0500] "GET /2013/05/29/droid-development-links/ HTTP/1.1" 200 29543 "-" "Mozilla/5.0 (compatible; bingbot/2.0; +http://www.bing.com/bingbot.htm)"
157.55.39.31 - - [24/Feb/2016:04:30:43 -0500] "GET /java-coding-standards/ HTTP/1.1" 200 20461 "-" "Mozilla/5.0 (compatible; bingbot/2.0; +http://www.bing.com/bingbot.htm)"
157.55.39.31 - - [24/Feb/2016:04:30:44 -0500] "GET /html5-reference/page/2/ HTTP/1.1" 200 19627 "-" "Mozilla/5.0 (compatible; bingbot/2.0; +http://www.bing.com/bingbot.htm)"
157.55.39.31 - - [24/Feb/2016:04:30:45 -0500] "GET /html5-reference/?share=reddit HTTP/1.1" 200 19591 "-" "Mozilla/5.0 (compatible; bingbot/2.0; +http://www.bing.com/bingbot.htm)"
157.55.39.31 - - [24/Feb/2016:04:30:46 -0500] "GET /html5-reference/?share=facebook HTTP/1.1" 200 19592 "-" "Mozilla/5.0 (compatible; bingbot/2.0; +http://www.bing.com/bingbot.htm)"
157.55.39.31 - - [24/Feb/2016:04:30:47 -0500] "GET /category/uncategorized/ HTTP/1.1" 200 15329 "-" "Mozilla/5.0 (compatible; bingbot/2.0; +http://www.bing.com/bingbot.htm)"
157.55.39.31 - - [24/Feb/2016:04:30:48 -0500] "GET /2013/03/01/links-of-the-day-3/ HTTP/1.1" 200 22304 "-" "Mozilla/5.0 (compatible; bingbot/2.0; +http://www.bing.com/bingbot.htm)"
157.55.39.31 - - [24/Feb/2016:04:30:49 -0500] "GET /2013/03/05/links-3/ HTTP/1.1" 200 31305 "-" "Mozilla/5.0 (compatible; bingbot/2.0; +http://www.bing.com/bingbot.htm)"
157.55.39.31 - - [24/Feb/2016:04:30:51 -0500] "GET /category/soap/ HTTP/1.1" 200 63775 "-" "Mozilla/5.0 (compatible; bingbot/2.0; +http://www.bing.com/bingbot.htm)"
157.55.39.31 - - [24/Feb/2016:04:30:53 -0500] "GET /category/scala-2/ HTTP/1.1" 200 96787 "-" "Mozilla/5.0 (compatible; bingbot/2.0; +http://www.bing.com/bingbot.htm)"
157.55.39.31 - - [24/Feb/2016:04:30:56 -0500] "GET /category/rest/ HTTP/1.1" 200 96069 "-" "Mozilla/5.0 (compatible; bingbot/2.0; +http://www.bing.com/bingbot.htm)"
157.55.39.31 - - [24/Feb/2016:04:30:58 -0500] "GET /2012/09/20/mongodb-2-2-live/?share=email HTTP/1.1" 200 21798 "-" "Mozilla/5.0 (compatible; bingbot/2.0; +http://www.bing.com/bingbot.htm)"
157.55.39.31 - - [24/Feb/2016:04:31:00 -0500] "GET /2013/05/16/spring-mvc-modern-html5/ HTTP/1.1" 200 23446 "-" "Mozilla/5.0 (compatible; bingbot/2.0; +http://www.bing.com/bingbot.htm)"
157.55.39.31 - - [24/Feb/2016:04:31:02 -0500] "GET /2013/03/18/links-of-the-day-4/ HTTP/1.1" 200 31272 "-" "Mozilla/5.0 (compatible; bingbot/2.0; +http://www.bing.com/bingbot.htm)"
157.55.39.31 - - [24/Feb/2016:04:31:04 -0500] "GET /2013/03/25/link-bag-for-weekend/ HTTP/1.1" 200 39752 "-" "Mozilla/5.0 (compatible; bingbot/2.0; +http://www.bing.com/bingbot.htm)"
157.55.39.31 - - [24/Feb/2016:04:31:06 -0500] "GET /2012/07/12/how-to-integrate-springmvc-and-backbone-js/?share=email HTTP/1.1" 200 22259 "-" "Mozilla/5.0 (compatible; bingbot/2.0; +http://www.bing.com/bingbot.htm)"
157.55.39.31 - - [24/Feb/2016:04:31:08 -0500] "GET /2012/07/03/spring-mvc-spring-data-for-mongodb-mongolab-openshift/?shared=email&msg=fail HTTP/1.1" 200 23081 "-" "Mozilla/5.0 (compatible; bingbot/2.0; +http://www.bing.com/bingbot.htm)"
157.55.39.31 - - [24/Feb/2016:04:31:44 -0500] "GET /2012/07/03/spring-mvc-spring-data-for-mongodb-mongolab-openshift/?share=twitter HTTP/1.1" 200 23068 "-" "Mozilla/5.0 (compatible; bingbot/2.0; +http://www.bing.com/bingbot.htm)"
157.55.39.31 - - [24/Feb/2016:04:31:45 -0500] "GET /2012/07/03/spring-mvc-spring-data-for-mongodb-mongolab-openshift/?share=reddit HTTP/1.1" 200 23068 "-" "Mozilla/5.0 (compatible; bingbot/2.0; +http://www.bing.com/bingbot.htm)"
157.55.39.31 - - [24/Feb/2016:04:31:46 -0500] "GET /2013/05/08/ibm-heap/ HTTP/1.1" 200 22086 "-" "Mozilla/5.0 (compatible; bingbot/2.0; +http://www.bing.com/bingbot.htm)"
157.55.39.31 - - [24/Feb/2016:04:31:47 -0500] "GET /2012/06/28/android-game-development-notes/?share=stumbleupon HTTP/1.1" 200 21511 "-" "Mozilla/5.0 (compatible; bingbot/2.0; +http://www.bing.com/bingbot.htm)"
157.55.39.31 - - [24/Feb/2016:04:31:49 -0500] "GET /2012/04/05/ton-of-subversion-and-codign-links/ HTTP/1.1" 200 40072 "-" "Mozilla/5.0 (compatible; bingbot/2.0; +http://www.bing.com/bingbot.htm)"
157.55.39.31 - - [24/Feb/2016:04:31:51 -0500] "GET /category/jvm/ HTTP/1.1" 200 28963 "-" "Mozilla/5.0 (compatible; bingbot/2.0; +http://www.bing.com/bingbot.htm)"
157.55.39.31 - - [24/Feb/2016:04:31:53 -0500] "GET /2012/06/27/httpt-cooptves9q/ HTTP/1.1" 200 21216 "-" "Mozilla/5.0 (compatible; bingbot/2.0; +http://www.bing.com/bingbot.htm)"
157.55.39.31 - - [24/Feb/2016:04:31:56 -0500] "GET /category/java/page/4/ HTTP/1.1" 200 153138 "-" "Mozilla/5.0 (compatible; bingbot/2.0; +http://www.bing.com/bingbot.htm)"
157.55.39.31 - - [24/Feb/2016:04:31:59 -0500] "GET /category/java/page/3/ HTTP/1.1" 200 162284 "-" "Mozilla/5.0 (compatible; bingbot/2.0; +http://www.bing.com/bingbot.htm)"
157.55.39.31 - - [24/Feb/2016:04:32:03 -0500] "GET /2012/08/30/test-driven-node-js-development/?share=email HTTP/1.1" 200 24630 "-" "Mozilla/5.0 (compatible; bingbot/2.0; +http://www.bing.com/bingbot.htm)"
157.55.39.31 - - [24/Feb/2016:04:32:05 -0500] "GET /2012/06/08/html5/?share=email HTTP/1.1" 200 23256 "-" "Mozilla/5.0 (compatible; bingbot/2.0; +http://www.bing.com/bingbot.htm)"
157.55.39.31 - - [24/Feb/2016:04:32:06 -0500] "GET /2012/06/08/grails/?share=email HTTP/1.1" 200 26765 "-" "Mozilla/5.0 (compatible; bingbot/2.0; +http://www.bing.com/bingbot.htm)"
157.55.39.31 - - [24/Feb/2016:04:32:08 -0500] "GET /2012/08/27/ehcache-hibernate-jpa-and-tomee/?share=email HTTP/1.1" 200 24231 "-" "Mozilla/5.0 (compatible; bingbot/2.0; +http://www.bing.com/bingbot.htm)"
157.55.39.31 - - [24/Feb/2016:04:32:09 -0500] "GET /2012/06/07/android-mongodb-node-js/ HTTP/1.1" 200 23842 "-" "Mozilla/5.0 (compatible; bingbot/2.0; +http://www.bing.com/bingbot.htm)"
157.55.39.31 - - [24/Feb/2016:04:32:10 -0500] "GET /2012/06/04/mongodb/?share=email HTTP/1.1" 200 27232 "-" "Mozilla/5.0 (compatible; bingbot/2.0; +http://www.bing.com/bingbot.htm)"
157.55.39.31 - - [24/Feb/2016:04:32:11 -0500] "GET /2012/06/03/vert-x/ HTTP/1.1" 200 21789 "-" "Mozilla/5.0 (compatible; bingbot/2.0; +http://www.bing.com/bingbot.htm)"
157.55.39.31 - - [24/Feb/2016:04:32:13 -0500] "GET /category/backbone-js/ HTTP/1.1" 200 46711 "-" "Mozilla/5.0 (compatible; bingbot/2.0; +http://www.bing.com/bingbot.htm)"
192.0.84.33 - - [24/Feb/2016:04:32:15 -0500] "HEAD / HTTP/1.1" 200 - "-" "jetmon/1.0 (Jetpack Site Uptime Monitor by WordPress.com)"
192.0.84.33 - - [24/Feb/2016:04:32:16 -0500] "HEAD / HTTP/1.1" 200 - "-" "jetmon/1.0 (Jetpack Site Uptime Monitor by WordPress.com)"
157.55.39.31 - - [24/Feb/2016:04:32:15 -0500] "GET /category/android/ HTTP/1.1" 200 112360 "-" "Mozilla/5.0 (compatible; bingbot/2.0; +http://www.bing.com/bingbot.htm)"
157.55.39.31 - - [24/Feb/2016:04:32:17 -0500] "GET /category/akka/ HTTP/1.1" 200 28968 "-" "Mozilla/5.0 (compatible; bingbot/2.0; +http://www.bing.com/bingbot.htm)"
157.55.39.31 - - [24/Feb/2016:04:32:18 -0500] "GET /category/agile/ HTTP/1.1" 200 64119 "-" "Mozilla/5.0 (compatible; bingbot/2.0; +http://www.bing.com/bingbot.htm)"
157.55.39.31 - - [24/Feb/2016:04:32:20 -0500] "GET /2012/05/30/node-js/ HTTP/1.1" 200 33636 "-" "Mozilla/5.0 (compatible; bingbot/2.0; +http://www.bing.com/bingbot.htm)"
157.55.39.31 - - [24/Feb/2016:04:32:23 -0500] "GET /2012/08/24/spring-html5-flex/?share=email HTTP/1.1" 200 27382 "-" "Mozilla/5.0 (compatible; bingbot/2.0; +http://www.bing.com/bingbot.htm)"
157.55.39.31 - - [24/Feb/2016:04:32:26 -0500] "GET /2012/04/05/ton-of-subversion-and-codign-links/?share=stumbleupon HTTP/1.1" 200 40091 "-" "Mozilla/5.0 (compatible; bingbot/2.0; +http://www.bing.com/bingbot.htm)"
157.55.39.31 - - [24/Feb/2016:04:32:27 -0500] "GET /2012/04/05/ton-of-subversion-and-codign-links/?share=facebook HTTP/1.1" 200 40088 "-" "Mozilla/5.0 (compatible; bingbot/2.0; +http://www.bing.com/bingbot.htm)"
157.55.39.31 - - [24/Feb/2016:04:32:28 -0500] "GET /2012/04/03/facebook-android/?share=email HTTP/1.1" 200 21273 "-" "Mozilla/5.0 (compatible; bingbot/2.0; +http://www.bing.com/bingbot.htm)"
157.55.39.31 - - [24/Feb/2016:04:32:29 -0500] "GET /author/bunkertor/page/4/ HTTP/1.1" 200 173853 "-" "Mozilla/5.0 (compatible; bingbot/2.0; +http://www.bing.com/bingbot.htm)"
157.55.39.31 - - [24/Feb/2016:04:32:32 -0500] "GET /2012/04/ HTTP/1.1" 200 60434 "-" "Mozilla/5.0 (compatible; bingbot/2.0; +http://www.bing.com/bingbot.htm)"
192.0.101.226 - - [24/Feb/2016:04:32:33 -0500] "HEAD / HTTP/1.1" 200 - "-" "jetmon/1.0 (Jetpack Site Uptime Monitor by WordPress.com)"
157.55.39.31 - - [24/Feb/2016:04:32:33 -0500] "GET /author/bunkertor/page/3/ HTTP/1.1" 200 199615 "-" "Mozilla/5.0 (compatible; bingbot/2.0; +http://www.bing.com/bingbot.htm)"
157.55.39.31 - - [24/Feb/2016:04:32:36 -0500] "GET /author/bunkertor/page/11/ HTTP/1.1" 200 156054 "-" "Mozilla/5.0 (compatible; bingbot/2.0; +http://www.bing.com/bingbot.htm)"
157.55.39.31 - - [24/Feb/2016:04:32:38 -0500] "GET /2013/11/15/apache-flume/ HTTP/1.1" 200 23142 "-" "Mozilla/5.0 (compatible; bingbot/2.0; +http://www.bing.com/bingbot.htm)"
192.0.101.226 - - [24/Feb/2016:04:32:47 -0500] "HEAD / HTTP/1.1" 200 - "-" "jetmon/1.0 (Jetpack Site Uptime Monitor by WordPress.com)"
65.254.225.145 - - [24/Feb/2016:04:33:04 -0500] "POST /wp-cron.php?doing_wp_cron=1456306384.4402539730072021484375 HTTP/1.1" 200 - "-" "WordPress/4.3.3; http://www.baconlandia.com"
192.0.101.226 - - [24/Feb/2016:04:33:03 -0500] "HEAD / HTTP/1.1" 200 - "-" "jetmon/1.0 (Jetpack Site Uptime Monitor by WordPress.com)"
192.0.101.226 - - [24/Feb/2016:04:33:05 -0500] "HEAD / HTTP/1.1" 200 - "-" "jetmon/1.0 (Jetpack Site Uptime Monitor by WordPress.com)"
157.55.39.31 - - [24/Feb/2016:04:33:18 -0500] "GET /2013/01/31/spring-tutorials-links/ HTTP/1.1" 200 26667 "-" "Mozilla/5.0 (compatible; bingbot/2.0; +http://www.bing.com/bingbot.htm)"
157.55.39.31 - - [24/Feb/2016:04:33:20 -0500] "GET /2013/06/03/log-scraping/ HTTP/1.1" 200 23186 "-" "Mozilla/5.0 (compatible; bingbot/2.0; +http://www.bing.com/bingbot.htm)"
157.55.39.31 - - [24/Feb/2016:04:33:21 -0500] "GET /2013/07/ HTTP/1.1" 200 90190 "-" "Mozilla/5.0 (compatible; bingbot/2.0; +http://www.bing.com/bingbot.htm)"
157.55.39.31 - - [24/Feb/2016:04:33:24 -0500] "GET /2014/02/07/jboss-as-7-and-jboss-eap-6-1-1-data-sources/ HTTP/1.1" 200 35563 "-" "Mozilla/5.0 (compatible; bingbot/2.0; +http://www.bing.com/bingbot.htm)"
217.69.133.247 - - [24/Feb/2016:04:33:24 -0500] "GET /robots.txt HTTP/1.1" 200 79 "-" "Mozilla/5.0 (compatible; Linux x86_64; Mail.RU_Bot/2.0; +http://go.mail.ru/help/robots)"
157.55.39.31 - - [24/Feb/2016:04:33:25 -0500] "GET /2014/02/10/java-rest-options/ HTTP/1.1" 200 26098 "-" "Mozilla/5.0 (compatible; bingbot/2.0; +http://www.bing.com/bingbot.htm)"
157.55.39.31 - - [24/Feb/2016:04:33:27 -0500] "GET /2013/08/08/java-fun-protocol-buffers-and-json/ HTTP/1.1" 200 22856 "-" "Mozilla/5.0 (compatible; bingbot/2.0; +http://www.bing.com/bingbot.htm)"
157.55.39.31 - - [24/Feb/2016:04:33:28 -0500] "GET /author/bunkertor/?lt;prefill>true</prefill>/page/35/ HTTP/1.1" 200 129078 "-" "Mozilla/5.0 (compatible; bingbot/2.0; +http://www.bing.com/bingbot.htm)"
217.69.133.190 - - [24/Feb/2016:04:33:31 -0500] "GET /sitemap.xml HTTP/1.1" 200 5892 "-" "Mozilla/5.0 (compatible; Linux x86_64; Mail.RU_Bot/2.0; +http://go.mail.ru/help/robots)"
157.55.39.31 - - [24/Feb/2016:04:33:31 -0500] "GET /2013/09/12/nio2-jdk7-file-reading/ HTTP/1.1" 200 24297 "-" "Mozilla/5.0 (compatible; bingbot/2.0; +http://www.bing.com/bingbot.htm)"
157.55.39.31 - - [24/Feb/2016:04:33:32 -0500] "GET /2013/10/ HTTP/1.1" 200 125412 "-" "Mozilla/5.0 (compatible; bingbot/2.0; +http://www.bing.com/bingbot.htm)"
217.69.133.246 - - [24/Feb/2016:04:33:37 -0500] "GET /html/pages/Dsc_7311.html HTTP/1.1" 404 33068 "-" "Mozilla/5.0 (compatible; Linux x86_64; Mail.RU_Bot/2.0; +http://go.mail.ru/help/robots)"
157.55.39.31 - - [24/Feb/2016:04:33:36 -0500] "GET /2013/10/03/eclipse-update-sites/ HTTP/1.1" 200 34029 "-" "Mozilla/5.0 (compatible; bingbot/2.0; +http://www.bing.com/bingbot.htm)"
77.75.77.62 - - [24/Feb/2016:04:33:39 -0500] "GET /robots.txt HTTP/1.1" 200 79 "-" "Mozilla/5.0 (compatible; SeznamBot/3.2; +http://fulltext.sblog.cz/)"
157.55.39.31 - - [24/Feb/2016:04:33:39 -0500] "GET /2013/05/08/cool-links-of-the-day/ HTTP/1.1" 200 23605 "-" "Mozilla/5.0 (compatible; bingbot/2.0; +http://www.bing.com/bingbot.htm)"
157.55.39.31 - - [24/Feb/2016:04:33:40 -0500] "GET /2013/10/03/links-4/ HTTP/1.1" 200 62028 "-" "Mozilla/5.0 (compatible; bingbot/2.0; +http://www.bing.com/bingbot.htm)"
157.55.39.31 - - [24/Feb/2016:04:33:44 -0500] "GET /2013/10/03/new-jersey-public-data/ HTTP/1.1" 200 20995 "-" "Mozilla/5.0 (compatible; bingbot/2.0; +http://www.bing.com/bingbot.htm)"
157.55.39.31 - - [24/Feb/2016:04:33:44 -0500] "GET /2013/10/15/cool-tools/ HTTP/1.1" 200 27835 "-" "Mozilla/5.0 (compatible; bingbot/2.0; +http://www.bing.com/bingbot.htm)"
157.55.39.31 - - [24/Feb/2016:04:33:45 -0500] "GET /2013/10/15/easytest-data-driven-testing/ HTTP/1.1" 200 22608 "-" "Mozilla/5.0 (compatible; bingbot/2.0; +http://www.bing.com/bingbot.htm)"
77.75.77.62 - - [24/Feb/2016:04:33:49 -0500] "GET /bizarreaudioarts/ HTTP/1.1" 404 33068 "-" "Mozilla/5.0 (compatible; SeznamBot/3.2; +http://fulltext.sblog.cz/)"
157.55.39.31 - - [24/Feb/2016:04:33:49 -0500] "GET /2014/04/25/presenting-jhipster/ HTTP/1.1" 200 21223 "-" "Mozilla/5.0 (compatible; bingbot/2.0; +http://www.bing.com/bingbot.htm)"
157.55.39.31 - - [24/Feb/2016:04:33:50 -0500] "GET /2014/05/07/mean-2/ HTTP/1.1" 200 44083 "-" "Mozilla/5.0 (compatible; bingbot/2.0; +http://www.bing.com/bingbot.htm)"
180.76.15.13 - - [24/Feb/2016:04:36:40 -0500] "GET /2013/05/08/websphere/embed/ HTTP/1.1" 200 18894 "-" "Mozilla/5.0 (compatible; Baiduspider/2.0; +http://www.baidu.com/search/spider.html)"
199.15.117.12 - - [24/Feb/2016:04:36:41 -0500] "GET /feed/ HTTP/1.1" 200 129465 "-" "Mozilla/5.0 (Ubuntu; X11; Linux x86_64; rv:8.0) Gecko/20100101 Firefox/8.0"
207.46.13.113 - - [24/Feb/2016:04:36:47 -0500] "GET /2014/01/09/timing-monitoring-microbenchmarks-and-metrics-for-java/ HTTP/1.1" 200 29121 "-" "Mozilla/5.0 (compatible; bingbot/2.0; +http://www.bing.com/bingbot.htm)"
192.0.84.33 - - [24/Feb/2016:04:37:18 -0500] "HEAD / HTTP/1.1" 200 - "-" "jetmon/1.0 (Jetpack Site Uptime Monitor by WordPress.com)"
192.0.84.33 - - [24/Feb/2016:04:37:20 -0500] "HEAD / HTTP/1.1" 200 - "-" "jetmon/1.0 (Jetpack Site Uptime Monitor by WordPress.com)"
207.46.13.83 - - [24/Feb/2016:04:37:27 -0500] "GET /wp-content/themes/bhost/style.css?ver=4.4.2 HTTP/1.1" 200 26358 "-" "Mozilla/5.0 (compatible; bingbot/2.0; +http://www.bing.com/bingbot.htm)"
192.0.101.226 - - [24/Feb/2016:04:37:38 -0500] "HEAD / HTTP/1.1" 200 - "-" "jetmon/1.0 (Jetpack Site Uptime Monitor by WordPress.com)"
192.0.101.226 - - [24/Feb/2016:04:37:43 -0500] "HEAD / HTTP/1.1" 200 - "-" "jetmon/1.0 (Jetpack Site Uptime Monitor by WordPress.com)"
192.0.101.226 - - [24/Feb/2016:04:38:05 -0500] "HEAD / HTTP/1.1" 200 - "-" "jetmon/1.0 (Jetpack Site Uptime Monitor by WordPress.com)"
192.0.101.226 - - [24/Feb/2016:04:38:10 -0500] "HEAD / HTTP/1.1" 200 - "-" "jetmon/1.0 (Jetpack Site Uptime Monitor by WordPress.com)"
195.154.34.150 - - [24/Feb/2016:04:39:33 -0500] "GET / HTTP/1.1" 200 129444 "http://www.agilemobiledeveloper.com/" "Mozilla/5.0 (Macintosh; Intel Mac OS X 10_7_5) AppleWebKit/536.30.1 (KHTML, like Gecko) Version/6.0.5 Safari/536.30.1"
195.154.34.150 - - [24/Feb/2016:04:39:35 -0500] "GET /2014/01/06/data-generator-and-data-migration/ HTTP/1.1" 200 22056 "http://www.agilemobiledeveloper.com/" "Mozilla/5.0 (Macintosh; Intel Mac OS X 10_7_5) AppleWebKit/536.30.1 (KHTML, like Gecko) Version/6.0.5 Safari/536.30.1"
195.154.34.150 - - [24/Feb/2016:04:39:36 -0500] "POST /wp-comments-post.php HTTP/1.1" 302 278 "http://www.agilemobiledeveloper.com/2014/01/06/data-generator-and-data-migration/" "Mozilla/5.0 (Macintosh; Intel Mac OS X 10_7_5) AppleWebKit/536.30.1 (KHTML, like Gecko) Version/6.0.5 Safari/536.30.1"
195.154.34.150 - - [24/Feb/2016:04:39:40 -0500] "GET /2014/01/06/data-generator-and-data-migration/ HTTP/1.1" 200 23707 "http://www.agilemobiledeveloper.com/2014/01/06/data-generator-and-data-migration/" "Mozilla/5.0 (Macintosh; Intel Mac OS X 10_7_5) AppleWebKit/536.30.1 (KHTML, like Gecko) Version/6.0.5 Safari/536.30.1"
195.154.34.150 - - [24/Feb/2016:04:39:41 -0500] "GET /2014/01/06/data-generator-and-data-migration/ HTTP/1.1" 200 22056 "-" "Mozilla/5.0 (Macintosh; Intel Mac OS X 10_7_5) AppleWebKit/536.30.1 (KHTML, like Gecko) Version/6.0.5 Safari/536.30.1"
157.55.39.97 - - [24/Feb/2016:04:39:45 -0500] "GET / HTTP/1.1" 200 129444 "-" "Mozilla/5.0 (compatible; bingbot/2.0; +http://www.bing.com/bingbot.htm)"
195.3.144.92 - - [24/Feb/2016:04:40:02 -0500] "GET /wp-login.php HTTP/1.1" 403 3109 "-" "Mozilla/5.0 (Windows NT 6.1; WOW64) AppleWebKit/537.36 (KHTML, like Gecko) Chrome/36.0.1985.125 Safari/537.36"
109.86.16.253 - - [24/Feb/2016:04:40:19 -0500] "GET / HTTP/1.1" 200 129444 "http://www.agilemobiledeveloper.com/" "Mozilla/4.0 (compatible; MSIE 6.0; Windows NT 5.1; SV1)"
54.224.168.18 - - [24/Feb/2016:04:41:20 -0500] "GET /feed/ HTTP/1.1" 200 129465 "-" "Flamingo_SearchEngine (+http://www.flamingosearch.com/bot)"
192.0.84.33 - - [24/Feb/2016:04:42:13 -0500] "HEAD / HTTP/1.1" 200 - "-" "jetmon/1.0 (Jetpack Site Uptime Monitor by WordPress.com)"
192.0.84.33 - - [24/Feb/2016:04:42:14 -0500] "HEAD / HTTP/1.1" 200 - "-" "jetmon/1.0 (Jetpack Site Uptime Monitor by WordPress.com)"
125.16.137.146 - - [24/Feb/2016:04:42:40 -0500] "GET / HTTP/1.1" 200 92050 "https://www.google.co.in" "Mozilla/5.0 (Windows NT 6.1; WOW64; rv:38.0) Gecko/20100101 Firefox/38.0"
125.16.137.146 - - [24/Feb/2016:04:42:42 -0500] "GET /wp-content/plugins/sociable/css/sociable.css?ver=4.4.2 HTTP/1.1" 200 5949 "http://sparkdeveloper.com/" "Mozilla/5.0 (Windows NT 6.1; WOW64; rv:38.0) Gecko/20100101 Firefox/38.0"
125.16.137.146 - - [24/Feb/2016:04:42:42 -0500] "GET /wp-includes/js/mediaelement/wp-mediaelement.css?ver=4.4.2 HTTP/1.1" 200 5279 "http://sparkdeveloper.com/" "Mozilla/5.0 (Windows NT 6.1; WOW64; rv:38.0) Gecko/20100101 Firefox/38.0"
125.16.137.146 - - [24/Feb/2016:04:42:42 -0500] "GET /wp-includes/js/mediaelement/mediaelementplayer.min.css?ver=2.18.1 HTTP/1.1" 200 20163 "http://sparkdeveloper.com/" "Mozilla/5.0 (Windows NT 6.1; WOW64; rv:38.0) Gecko/20100101 Firefox/38.0"
125.16.137.146 - - [24/Feb/2016:04:42:42 -0500] "GET /wp-content/themes/sundance/style.css?ver=4.4.2 HTTP/1.1" 200 32587 "http://sparkdeveloper.com/" "Mozilla/5.0 (Windows NT 6.1; WOW64; rv:38.0) Gecko/20100101 Firefox/38.0"
125.16.137.146 - - [24/Feb/2016:04:42:42 -0500] "GET /wp-includes/js/wp-emoji-release.min.js?ver=4.4.2 HTTP/1.1" 200 33713 "http://sparkdeveloper.com/" "Mozilla/5.0 (Windows NT 6.1; WOW64; rv:38.0) Gecko/20100101 Firefox/38.0"
125.16.137.146 - - [24/Feb/2016:04:42:42 -0500] "GET /wp-content/plugins/jetpack/css/jetpack.css?ver=3.9.1 HTTP/1.1" 200 57220 "http://sparkdeveloper.com/" "Mozilla/5.0 (Windows NT 6.1; WOW64; rv:38.0) Gecko/20100101 Firefox/38.0"
125.16.137.146 - - [24/Feb/2016:04:42:42 -0500] "GET /wp-includes/js/jquery/jquery.js?ver=1.11.3 HTTP/1.1" 200 95977 "http://sparkdeveloper.com/" "Mozilla/5.0 (Windows NT 6.1; WOW64; rv:38.0) Gecko/20100101 Firefox/38.0"
125.16.137.146 - - [24/Feb/2016:04:42:43 -0500] "GET /wp-includes/js/jquery/jquery-migrate.min.js?ver=1.2.1 HTTP/1.1" 200 7200 "http://sparkdeveloper.com/" "Mozilla/5.0 (Windows NT 6.1; WOW64; rv:38.0) Gecko/20100101 Firefox/38.0"
125.16.137.146 - - [24/Feb/2016:04:42:43 -0500] "GET /wp-content/plugins/sociable/js/sociable.js?ver=4.4.2 HTTP/1.1" 200 1959 "http://sparkdeveloper.com/" "Mozilla/5.0 (Windows NT 6.1; WOW64; rv:38.0) Gecko/20100101 Firefox/38.0"
125.16.137.146 - - [24/Feb/2016:04:42:43 -0500] "GET /wp-content/plugins/sociable/js/vuible.js?ver=4.4.2 HTTP/1.1" 200 370 "http://sparkdeveloper.com/" "Mozilla/5.0 (Windows NT 6.1; WOW64; rv:38.0) Gecko/20100101 Firefox/38.0"
125.16.137.146 - - [24/Feb/2016:04:42:43 -0500] "GET /wp-content/plugins/sociable/js/addtofavorites.js?ver=4.4.2 HTTP/1.1" 200 602 "http://sparkdeveloper.com/" "Mozilla/5.0 (Windows NT 6.1; WOW64; rv:38.0) Gecko/20100101 Firefox/38.0"
125.16.137.146 - - [24/Feb/2016:04:42:43 -0500] "GET /wp-content/plugins/jetpack/_inc/spin.js?ver=1.3 HTTP/1.1" 200 10197 "http://sparkdeveloper.com/" "Mozilla/5.0 (Windows NT 6.1; WOW64; rv:38.0) Gecko/20100101 Firefox/38.0"
125.16.137.146 - - [24/Feb/2016:04:42:43 -0500] "GET /wp-content/plugins/jetpack/_inc/jquery.spin.js?ver=1.3 HTTP/1.1" 200 3330 "http://sparkdeveloper.com/" "Mozilla/5.0 (Windows NT 6.1; WOW64; rv:38.0) Gecko/20100101 Firefox/38.0"
125.16.137.146 - - [24/Feb/2016:04:42:43 -0500] "GET /wp-content/plugins/jetpack/modules/tiled-gallery/tiled-gallery/tiled-gallery.js?ver=4.4.2 HTTP/1.1" 200 5407 "http://sparkdeveloper.com/" "Mozilla/5.0 (Windows NT 6.1; WOW64; rv:38.0) Gecko/20100101 Firefox/38.0"
192.0.101.226 - - [24/Feb/2016:04:42:43 -0500] "HEAD / HTTP/1.1" 200 - "-" "jetmon/1.0 (Jetpack Site Uptime Monitor by WordPress.com)"
125.16.137.146 - - [24/Feb/2016:04:42:44 -0500] "GET /wp-includes/js/mediaelement/wp-mediaelement.js?ver=4.4.2 HTTP/1.1" 200 1537 "http://sparkdeveloper.com/" "Mozilla/5.0 (Windows NT 6.1; WOW64; rv:38.0) Gecko/20100101 Firefox/38.0"
125.16.137.146 - - [24/Feb/2016:04:42:44 -0500] "GET /wp-content/plugins/jetpack/modules/carousel/jetpack-carousel.js?ver=20140505 HTTP/1.1" 200 54022 "http://sparkdeveloper.com/" "Mozilla/5.0 (Windows NT 6.1; WOW64; rv:38.0) Gecko/20100101 Firefox/38.0"
125.16.137.146 - - [24/Feb/2016:04:42:44 -0500] "GET /wp-content/plugins/jetpack/modules/shortcodes/js/jquery.cycle.js?ver=2.9999.8 HTTP/1.1" 200 52470 "http://sparkdeveloper.com/" "Mozilla/5.0 (Windows NT 6.1; WOW64; rv:38.0) Gecko/20100101 Firefox/38.0"
125.16.137.146 - - [24/Feb/2016:04:42:44 -0500] "GET /wp-content/plugins/jetpack/modules/infinite-scroll/infinity.js?ver=20141016 HTTP/1.1" 200 20844 "http://sparkdeveloper.com/" "Mozilla/5.0 (Windows NT 6.1; WOW64; rv:38.0) Gecko/20100101 Firefox/38.0"
125.16.137.146 - - [24/Feb/2016:04:42:44 -0500] "GET /wp-content/plugins/jetpack/modules/shortcodes/js/slideshow-shortcode.js?ver=20121214.1 HTTP/1.1" 200 5579 "http://sparkdeveloper.com/" "Mozilla/5.0 (Windows NT 6.1; WOW64; rv:38.0) Gecko/20100101 Firefox/38.0"
125.16.137.146 - - [24/Feb/2016:04:42:44 -0500] "GET /wp-content/plugins/jetpack/modules/photon/photon.js?ver=20130122 HTTP/1.1" 200 1378 "http://sparkdeveloper.com/" "Mozilla/5.0 (Windows NT 6.1; WOW64; rv:38.0) Gecko/20100101 Firefox/38.0"
125.16.137.146 - - [24/Feb/2016:04:42:44 -0500] "GET /wp-includes/js/mediaelement/mediaelement-and-player.min.js?ver=2.18.1 HTTP/1.1" 200 80660 "http://sparkdeveloper.com/" "Mozilla/5.0 (Windows NT 6.1; WOW64; rv:38.0) Gecko/20100101 Firefox/38.0"
125.16.137.146 - - [24/Feb/2016:04:42:44 -0500] "GET /wp-content/plugins/jetpack/modules/wpgroho.js?ver=4.4.2 HTTP/1.1" 200 1015 "http://sparkdeveloper.com/" "Mozilla/5.0 (Windows NT 6.1; WOW64; rv:38.0) Gecko/20100101 Firefox/38.0"
125.16.137.146 - - [24/Feb/2016:04:42:44 -0500] "GET /wp-content/themes/sundance/js/small-menu.js?ver=20120305 HTTP/1.1" 200 1254 "http://sparkdeveloper.com/" "Mozilla/5.0 (Windows NT 6.1; WOW64; rv:38.0) Gecko/20100101 Firefox/38.0"
125.16.137.146 - - [24/Feb/2016:04:42:44 -0500] "GET /wp-content/themes/sundance/js/jquery.flexslider.js?ver=20120903 HTTP/1.1" 200 39596 "http://sparkdeveloper.com/" "Mozilla/5.0 (Windows NT 6.1; WOW64; rv:38.0) Gecko/20100101 Firefox/38.0"
125.16.137.146 - - [24/Feb/2016:04:42:44 -0500] "GET /wp-content/themes/sundance/js/theme.js?ver=20120213 HTTP/1.1" 200 490 "http://sparkdeveloper.com/" "Mozilla/5.0 (Windows NT 6.1; WOW64; rv:38.0) Gecko/20100101 Firefox/38.0"
125.16.137.146 - - [24/Feb/2016:04:42:44 -0500] "GET /wp-includes/js/wp-embed.min.js?ver=4.4.2 HTTP/1.1" 200 1518 "http://sparkdeveloper.com/" "Mozilla/5.0 (Windows NT 6.1; WOW64; rv:38.0) Gecko/20100101 Firefox/38.0"
125.16.137.146 - - [24/Feb/2016:04:42:45 -0500] "GET /wp-content/uploads/2015/03/battle.jpg HTTP/1.1" 200 90966 "http://sparkdeveloper.com/" "Mozilla/5.0 (Windows NT 6.1; WOW64; rv:38.0) Gecko/20100101 Firefox/38.0"
125.16.137.146 - - [24/Feb/2016:04:42:45 -0500] "GET /wp-includes/images/rss.png HTTP/1.1" 200 608 "http://sparkdeveloper.com/" "Mozilla/5.0 (Windows NT 6.1; WOW64; rv:38.0) Gecko/20100101 Firefox/38.0"
125.16.137.146 - - [24/Feb/2016:04:42:45 -0500] "GET /wp-content/themes/sundance/images/bg.jpg HTTP/1.1" 200 497 "http://sparkdeveloper.com/" "Mozilla/5.0 (Windows NT 6.1; WOW64; rv:38.0) Gecko/20100101 Firefox/38.0"
192.0.101.226 - - [24/Feb/2016:04:42:45 -0500] "HEAD / HTTP/1.1" 200 - "-" "jetmon/1.0 (Jetpack Site Uptime Monitor by WordPress.com)"
192.0.101.226 - - [24/Feb/2016:04:42:57 -0500] "HEAD / HTTP/1.1" 200 - "-" "jetmon/1.0 (Jetpack Site Uptime Monitor by WordPress.com)"
125.16.137.146 - - [24/Feb/2016:04:42:59 -0500] "GET /favicon.ico HTTP/1.1" 200 - "-" "Mozilla/5.0 (Windows NT 6.1; WOW64; rv:38.0) Gecko/20100101 Firefox/38.0"
125.16.137.146 - - [24/Feb/2016:04:43:00 -0500] "GET /favicon.ico HTTP/1.1" 200 - "-" "Mozilla/5.0 (Windows NT 6.1; WOW64; rv:38.0) Gecko/20100101 Firefox/38.0"
192.0.101.226 - - [24/Feb/2016:04:43:04 -0500] "HEAD / HTTP/1.1" 200 - "-" "jetmon/1.0 (Jetpack Site Uptime Monitor by WordPress.com)"
54.174.54.112 - - [24/Feb/2016:04:43:10 -0500] "GET /robots.txt HTTP/1.1" 200 167 "-" "HubSpot Links Crawler 2.0 http://www.hubspot.com/"
54.174.54.112 - - [24/Feb/2016:04:43:12 -0500] "GET / HTTP/1.1" 200 92050 "-" "HubSpot Links Crawler 2.0 http://www.hubspot.com/"
195.154.34.150 - - [24/Feb/2016:04:43:28 -0500] "GET /2014/01/06/data-generator-and-data-migration/ HTTP/1.1" 200 22056 "-" "Mozilla/5.0 (Macintosh; Intel Mac OS X 10_7_5) AppleWebKit/536.30.1 (KHTML, like Gecko) Version/6.0.5 Safari/536.30.1"
146.127.253.13 - - [24/Feb/2016:04:43:50 -0500] "GET /wp-content/themes/dw-timeline/style.css?ver=c1a58eb4baaf24c3771085df3d54ff8d HTTP/1.1" 200 1085 "-" "Mozilla/4.0 (compatible;)"
195.154.34.150 - - [24/Feb/2016:04:44:26 -0500] "GET / HTTP/1.1" 200 129444 "http://www.agilemobiledeveloper.com/" "Mozilla/5.0 (Macintosh; Intel Mac OS X 10_7_5) AppleWebKit/536.30.1 (KHTML, like Gecko) Version/6.0.5 Safari/536.30.1"
195.154.34.150 - - [24/Feb/2016:04:44:28 -0500] "GET /2014/01/06/data-generator-and-data-migration/ HTTP/1.1" 200 22057 "http://www.agilemobiledeveloper.com/" "Mozilla/5.0 (Macintosh; Intel Mac OS X 10_7_5) AppleWebKit/536.30.1 (KHTML, like Gecko) Version/6.0.5 Safari/536.30.1"
195.154.34.150 - - [24/Feb/2016:04:44:29 -0500] "POST /wp-comments-post.php HTTP/1.1" 302 278 "http://www.agilemobiledeveloper.com/2014/01/06/data-generator-and-data-migration/" "Mozilla/5.0 (Macintosh; Intel Mac OS X 10_7_5) AppleWebKit/536.30.1 (KHTML, like Gecko) Version/6.0.5 Safari/536.30.1"
195.154.34.150 - - [24/Feb/2016:04:44:31 -0500] "GET /2014/01/06/data-generator-and-data-migration/ HTTP/1.1" 200 23789 "http://www.agilemobiledeveloper.com/2014/01/06/data-generator-and-data-migration/" "Mozilla/5.0 (Macintosh; Intel Mac OS X 10_7_5) AppleWebKit/536.30.1 (KHTML, like Gecko) Version/6.0.5 Safari/536.30.1"
195.154.34.150 - - [24/Feb/2016:04:44:32 -0500] "GET /2014/01/06/data-generator-and-data-migration/ HTTP/1.1" 200 22057 "-" "Mozilla/5.0 (Macintosh; Intel Mac OS X 10_7_5) AppleWebKit/536.30.1 (KHTML, like Gecko) Version/6.0.5 Safari/536.30.1"
195.154.34.150 - - [24/Feb/2016:04:44:40 -0500] "GET /2014/01/06/data-generator-and-data-migration/ HTTP/1.1" 200 22056 "-" "Mozilla/5.0 (Macintosh; Intel Mac OS X 10_7_5) AppleWebKit/536.30.1 (KHTML, like Gecko) Version/6.0.5 Safari/536.30.1"
65.254.225.145 - - [24/Feb/2016:04:44:41 -0500] "POST /wp-cron.php?doing_wp_cron=1456307081.0790588855743408203125 HTTP/1.1" 200 - "-" "WordPress/4.4.2; http://www.agilemobiledeveloper.com"
107.170.91.224 - - [24/Feb/2016:04:45:43 -0500] "GET /feed/ HTTP/1.1" 200 129465 "-" "Feedbin feed-id:1015889 - 1 subscribers"
77.75.77.62 - - [24/Feb/2016:04:47:10 -0500] "GET /robots.txt HTTP/1.1" 200 167 "-" "Mozilla/5.0 (compatible; SeznamBot/3.2; +http://fulltext.sblog.cz/)"
192.0.84.33 - - [24/Feb/2016:04:47:15 -0500] "HEAD / HTTP/1.1" 200 - "-" "jetmon/1.0 (Jetpack Site Uptime Monitor by WordPress.com)"
192.0.84.33 - - [24/Feb/2016:04:47:17 -0500] "HEAD / HTTP/1.1" 200 - "-" "jetmon/1.0 (Jetpack Site Uptime Monitor by WordPress.com)"
77.75.77.62 - - [24/Feb/2016:04:47:18 -0500] "GET /page/6/ HTTP/1.1" 200 112045 "-" "Mozilla/5.0 (compatible; SeznamBot/3.2; +http://fulltext.sblog.cz/)"
65.254.225.145 - - [24/Feb/2016:04:47:41 -0500] "POST /wp-cron.php?doing_wp_cron=1456307261.7942700386047363281250 HTTP/1.1" 200 - "-" "WordPress/4.3.3; http://www.dogshitsecurity.work"
192.0.101.226 - - [24/Feb/2016:04:47:40 -0500] "HEAD / HTTP/1.1" 200 - "-" "jetmon/1.0 (Jetpack Site Uptime Monitor by WordPress.com)"
192.0.101.226 - - [24/Feb/2016:04:47:43 -0500] "HEAD / HTTP/1.1" 200 - "-" "jetmon/1.0 (Jetpack Site Uptime Monitor by WordPress.com)"
192.0.101.226 - - [24/Feb/2016:04:48:04 -0500] "HEAD / HTTP/1.1" 200 - "-" "jetmon/1.0 (Jetpack Site Uptime Monitor by WordPress.com)"
65.254.225.145 - - [24/Feb/2016:04:48:07 -0500] "POST /wp-cron.php?doing_wp_cron=1456307287.3114459514617919921875 HTTP/1.1" 200 - "-" "WordPress/4.3.3; http://www.occultscienceindustries.com"
192.0.101.226 - - [24/Feb/2016:04:48:07 -0500] "HEAD / HTTP/1.1" 200 - "-" "jetmon/1.0 (Jetpack Site Uptime Monitor by WordPress.com)"
192.0.84.33 - - [24/Feb/2016:04:52:07 -0500] "HEAD / HTTP/1.1" 200 - "-" "jetmon/1.0 (Jetpack Site Uptime Monitor by WordPress.com)"
192.0.84.33 - - [24/Feb/2016:04:52:15 -0500] "HEAD / HTTP/1.1" 200 - "-" "jetmon/1.0 (Jetpack Site Uptime Monitor by WordPress.com)"
192.0.101.226 - - [24/Feb/2016:04:52:35 -0500] "HEAD / HTTP/1.1" 200 - "-" "jetmon/1.0 (Jetpack Site Uptime Monitor by WordPress.com)"
192.0.101.226 - - [24/Feb/2016:04:52:39 -0500] "HEAD / HTTP/1.1" 200 - "-" "jetmon/1.0 (Jetpack Site Uptime Monitor by WordPress.com)"
192.0.101.226 - - [24/Feb/2016:04:52:59 -0500] "HEAD / HTTP/1.1" 200 - "-" "jetmon/1.0 (Jetpack Site Uptime Monitor by WordPress.com)"
65.254.225.145 - - [24/Feb/2016:04:53:00 -0500] "POST /wp-cron.php?doing_wp_cron=1456307580.3955879211425781250000 HTTP/1.1" 200 - "-" "WordPress/4.3.3; http://www.occultscienceindustries.com"
46.148.22.18 - - [24/Feb/2016:04:53:02 -0500] "POST /xmlrpc.php HTTP/1.1" 200 536 "http://noiseweb.com/xmlrpc.php" "Mozilla/5.0 (Windows; U; Windows NT 6.0; en-US) AppleWebKit/528.4 (KHTML, like Gecko) Iron/0.3.155.0 Safari/18455624.528"
46.148.22.18 - - [24/Feb/2016:04:53:02 -0500] "POST /xmlrpc.php HTTP/1.1" 200 536 "http://noiseweb.com/xmlrpc.php" "Mozilla/5.0 (X11; U; Linux i686; fr; rv:1.8.1.6) Gecko/20071008 Ubuntu/7.10 (gutsy) Firefox/2.0.0.11"
192.0.101.226 - - [24/Feb/2016:04:53:08 -0500] "HEAD / HTTP/1.1" 200 - "-" "jetmon/1.0 (Jetpack Site Uptime Monitor by WordPress.com)"
83.145.88.180 - - [24/Feb/2016:04:55:15 -0500] "GET /2013/10/03/eclipse-update-sites/ HTTP/1.1" 200 34028 "https://www.google.fr" "Mozilla/5.0 (Windows NT 6.1; WOW64; rv:44.0) Gecko/20100101 Firefox/44.0"
83.145.88.180 - - [24/Feb/2016:04:55:16 -0500] "GET /wp-includes/wlwmanifest.xml HTTP/1.1" 200 1045 "http://www.agilemobiledeveloper.com/2013/10/03/eclipse-update-sites/" "Mozilla/5.0 (Windows NT 6.1; WOW64; rv:44.0) Gecko/20100101 Firefox/44.0"
83.145.88.180 - - [24/Feb/2016:04:55:16 -0500] "GET /wp-content/uploads/2012/08/big-mvbbutton.png HTTP/1.1" 500 251 "http://www.agilemobiledeveloper.com/2013/10/03/eclipse-update-sites/" "Mozilla/5.0 (Windows NT 6.1; WOW64; rv:44.0) Gecko/20100101 Firefox/44.0"
83.145.88.180 - - [24/Feb/2016:04:55:16 -0500] "GET /wp-content/themes/bhost/js/jquery.easing.min.js?ver=20130117 HTTP/1.1" 500 251 "http://www.agilemobiledeveloper.com/2013/10/03/eclipse-update-sites/" "Mozilla/5.0 (Windows NT 6.1; WOW64; rv:44.0) Gecko/20100101 Firefox/44.0"
83.145.88.180 - - [24/Feb/2016:04:55:17 -0500] "GET /wp-content/themes/bhost/js/jquery.easing.min.js?ver=20130117 HTTP/1.1" 500 251 "http://www.agilemobiledeveloper.com/2013/10/03/eclipse-update-sites/" "Mozilla/5.0 (Windows NT 6.1; WOW64; rv:44.0) Gecko/20100101 Firefox/44.0"
83.145.88.180 - - [24/Feb/2016:04:55:17 -0500] "GET /wp-content/uploads/2012/08/big-mvbbutton.png HTTP/1.1" 500 251 "http://www.agilemobiledeveloper.com/2013/10/03/eclipse-update-sites/" "Mozilla/5.0 (Windows NT 6.1; WOW64; rv:44.0) Gecko/20100101 Firefox/44.0"
83.145.88.180 - - [24/Feb/2016:04:55:16 -0500] "GET /wp-json/ HTTP/1.1" 200 991 "http://www.agilemobiledeveloper.com/2013/10/03/eclipse-update-sites/" "Mozilla/5.0 (Windows NT 6.1; WOW64; rv:44.0) Gecko/20100101 Firefox/44.0"
83.145.88.180 - - [24/Feb/2016:04:55:16 -0500] "GET /2013/10/03/eclipse-update-sites/feed/ HTTP/1.1" 200 794 "http://www.agilemobiledeveloper.com/2013/10/03/eclipse-update-sites/" "Mozilla/5.0 (Windows NT 6.1; WOW64; rv:44.0) Gecko/20100101 Firefox/44.0"
83.145.88.180 - - [24/Feb/2016:04:55:16 -0500] "GET /xmlrpc.php HTTP/1.1" 405 42 "http://www.agilemobiledeveloper.com/2013/10/03/eclipse-update-sites/" "Mozilla/5.0 (Windows NT 6.1; WOW64; rv:44.0) Gecko/20100101 Firefox/44.0"
83.145.88.180 - - [24/Feb/2016:04:55:16 -0500] "GET /xmlrpc.php?rsd HTTP/1.1" 200 902 "http://www.agilemobiledeveloper.com/2013/10/03/eclipse-update-sites/" "Mozilla/5.0 (Windows NT 6.1; WOW64; rv:44.0) Gecko/20100101 Firefox/44.0"
83.145.88.180 - - [24/Feb/2016:04:55:16 -0500] "GET /comments/feed/ HTTP/1.1" 200 5760 "http://www.agilemobiledeveloper.com/2013/10/03/eclipse-update-sites/" "Mozilla/5.0 (Windows NT 6.1; WOW64; rv:44.0) Gecko/20100101 Firefox/44.0"
83.145.88.180 - - [24/Feb/2016:04:55:16 -0500] "GET /wp-json/oembed/1.0/embed?url=http%3A%2F%2Fwww.agilemobiledeveloper.com%2F2013%2F10%2F03%2Feclipse-update-sites%2F HTTP/1.1" 200 2433 "http://www.agilemobiledeveloper.com/2013/10/03/eclipse-update-sites/" "Mozilla/5.0 (Windows NT 6.1; WOW64; rv:44.0) Gecko/20100101 Firefox/44.0"
83.145.88.180 - - [24/Feb/2016:04:55:16 -0500] "GET /wp-json/oembed/1.0/embed?url=http%3A%2F%2Fwww.agilemobiledeveloper.com%2F2013%2F10%2F03%2Feclipse-update-sites%2F& HTTP/1.1" 200 2433 "http://www.agilemobiledeveloper.com/2013/10/03/eclipse-update-sites/" "Mozilla/5.0 (Windows NT 6.1; WOW64; rv:44.0) Gecko/20100101 Firefox/44.0"
83.145.88.180 - - [24/Feb/2016:04:55:16 -0500] "GET /2013/10/03/new-jersey-public-data/ HTTP/1.1" 200 20996 "http://www.agilemobiledeveloper.com/2013/10/03/eclipse-update-sites/" "Mozilla/5.0 (Windows NT 6.1; WOW64; rv:44.0) Gecko/20100101 Firefox/44.0"
83.145.88.180 - - [24/Feb/2016:04:55:16 -0500] "GET /2013/10/03/git-r-done-scalathon-2012-notes/ HTTP/1.1" 200 37832 "http://www.agilemobiledeveloper.com/2013/10/03/eclipse-update-sites/" "Mozilla/5.0 (Windows NT 6.1; WOW64; rv:44.0) Gecko/20100101 Firefox/44.0"
83.145.88.180 - - [24/Feb/2016:04:55:16 -0500] "GET /feed/ HTTP/1.1" 200 129465 "http://www.agilemobiledeveloper.com/2013/10/03/eclipse-update-sites/" "Mozilla/5.0 (Windows NT 6.1; WOW64; rv:44.0) Gecko/20100101 Firefox/44.0"
83.145.88.180 - - [24/Feb/2016:04:55:17 -0500] "GET /wp-content/themes/bhost/js/jquery.easing.min.js?ver=20130117 HTTP/1.1" 404 8472 "http://www.agilemobiledeveloper.com/2013/10/03/eclipse-update-sites/" "Mozilla/5.0 (Windows NT 6.1; WOW64; rv:44.0) Gecko/20100101 Firefox/44.0"
83.145.88.180 - - [24/Feb/2016:04:55:19 -0500] "GET /favicon.ico HTTP/1.1" 200 - "-" "Mozilla/5.0 (Windows NT 6.1; WOW64; rv:44.0) Gecko/20100101 Firefox/44.0"
83.145.88.180 - - [24/Feb/2016:04:55:18 -0500] "GET /2013/10/03/new-jersey-public-data/feed/ HTTP/1.1" 200 800 "-" "Mozilla/4.0 (compatible;)"
83.145.88.180 - - [24/Feb/2016:04:55:18 -0500] "GET /2013/10/03/git-r-done-scalathon-2012-notes/feed/ HTTP/1.1" 200 843 "-" "Mozilla/4.0 (compatible;)"
83.145.88.180 - - [24/Feb/2016:04:55:18 -0500] "GET /wp-json/oembed/1.0/embed?url=http%3A%2F%2Fwww.agilemobiledeveloper.com%2F2013%2F10%2F03%2Fnew-jersey-public-data%2F HTTP/1.1" 200 2441 "-" "Mozilla/4.0 (compatible;)"
83.145.88.180 - - [24/Feb/2016:04:55:18 -0500] "GET /wp-json/oembed/1.0/embed?url=http%3A%2F%2Fwww.agilemobiledeveloper.com%2F2013%2F10%2F03%2Fgit-r-done-scalathon-2012-notes%2F& HTTP/1.1" 200 2497 "-" "Mozilla/4.0 (compatible;)"
83.145.88.180 - - [24/Feb/2016:04:55:18 -0500] "GET /wp-json/oembed/1.0/embed?url=http%3A%2F%2Fwww.agilemobiledeveloper.com%2F2013%2F10%2F03%2Fnew-jersey-public-data%2F& HTTP/1.1" 200 2441 "-" "Mozilla/4.0 (compatible;)"
83.145.88.180 - - [24/Feb/2016:04:55:18 -0500] "GET /wp-json/oembed/1.0/embed?url=http%3A%2F%2Fwww.agilemobiledeveloper.com%2F2013%2F10%2F03%2Fgit-r-done-scalathon-2012-notes%2F HTTP/1.1" 200 2497 "-" "Mozilla/4.0 (compatible;)"
83.145.88.180 - - [24/Feb/2016:04:55:18 -0500] "GET /2013/10/09/metrics/ HTTP/1.1" 200 22550 "-" "Mozilla/4.0 (compatible;)"
83.145.88.180 - - [24/Feb/2016:04:55:18 -0500] "GET /2013/10/03/links-4/ HTTP/1.1" 200 62028 "-" "Mozilla/4.0 (compatible;)"
83.145.88.180 - - [24/Feb/2016:04:55:20 -0500] "GET /2013/10/09/metrics/feed/ HTTP/1.1" 200 755 "-" "Mozilla/4.0 (compatible;)"
83.145.88.180 - - [24/Feb/2016:04:55:20 -0500] "GET /wp-json/oembed/1.0/embed?url=http%3A%2F%2Fwww.agilemobiledeveloper.com%2F2013%2F10%2F09%2Fmetrics%2F& HTTP/1.1" 200 2381 "-" "Mozilla/4.0 (compatible;)"
83.145.88.180 - - [24/Feb/2016:04:55:20 -0500] "GET /wp-json/oembed/1.0/embed?url=http%3A%2F%2Fwww.agilemobiledeveloper.com%2F2013%2F10%2F09%2Fmetrics%2F HTTP/1.1" 200 2381 "-" "Mozilla/4.0 (compatible;)"
83.145.88.180 - - [24/Feb/2016:04:55:20 -0500] "GET /2013/10/09/links-of-the-day-09-oct-2013/ HTTP/1.1" 200 22465 "-" "Mozilla/4.0 (compatible;)"
83.145.88.180 - - [24/Feb/2016:04:55:20 -0500] "GET /2013/10/03/links-4/feed/ HTTP/1.1" 200 753 "-" "Mozilla/4.0 (compatible;)"
83.145.88.180 - - [24/Feb/2016:04:55:20 -0500] "GET /wp-json/oembed/1.0/embed?url=http%3A%2F%2Fwww.agilemobiledeveloper.com%2F2013%2F10%2F03%2Flinks-4%2F HTTP/1.1" 200 2377 "-" "Mozilla/4.0 (compatible;)"
83.145.88.180 - - [24/Feb/2016:04:55:20 -0500] "GET /wp-json/oembed/1.0/embed?url=http%3A%2F%2Fwww.agilemobiledeveloper.com%2F2013%2F10%2F03%2Flinks-4%2F& HTTP/1.1" 200 2377 "-" "Mozilla/4.0 (compatible;)"
83.145.88.180 - - [24/Feb/2016:04:55:20 -0500] "GET /2013/09/24/technet-for-java-javaone-2013/ HTTP/1.1" 200 23743 "-" "Mozilla/4.0 (compatible;)"
180.76.15.13 - - [24/Feb/2016:04:55:30 -0500] "GET / HTTP/1.1" 200 102798 "-" "Mozilla/5.0 (compatible; Baiduspider/2.0; +http://www.baidu.com/search/spider.html)"
207.46.13.113 - - [24/Feb/2016:04:56:07 -0500] "GET /category/node-js/page/3/ HTTP/1.1" 404 8472 "-" "Mozilla/5.0 (iPhone; CPU iPhone OS 7_0 like Mac OS X) AppleWebKit/537.51.1 (KHTML, like Gecko) Version/7.0 Mobile/11A465 Safari/9537.53 (compatible; bingbot/2.0;  http://www.bing.com/bingbot.htm)"
180.76.15.143 - - [24/Feb/2016:04:57:07 -0500] "GET /2013/09/24/technet-for-java-javaone-2013/ HTTP/1.1" 200 23744 "-" "Mozilla/5.0 (compatible; Baiduspider/2.0; +http://www.baidu.com/search/spider.html)"
192.0.84.33 - - [24/Feb/2016:04:57:11 -0500] "HEAD / HTTP/1.1" 200 - "-" "jetmon/1.0 (Jetpack Site Uptime Monitor by WordPress.com)"
192.0.84.33 - - [24/Feb/2016:04:57:13 -0500] "HEAD / HTTP/1.1" 200 - "-" "jetmon/1.0 (Jetpack Site Uptime Monitor by WordPress.com)"
192.0.101.226 - - [24/Feb/2016:04:57:34 -0500] "HEAD / HTTP/1.1" 200 - "-" "jetmon/1.0 (Jetpack Site Uptime Monitor by WordPress.com)"
65.254.225.145 - - [24/Feb/2016:04:57:35 -0500] "POST /wp-cron.php?doing_wp_cron=1456307855.6384599208831787109375 HTTP/1.1" 200 - "-" "WordPress/4.2.7; http://www.devopscops.xyz"
192.0.101.226 - - [24/Feb/2016:04:57:42 -0500] "HEAD / HTTP/1.1" 200 - "-" "jetmon/1.0 (Jetpack Site Uptime Monitor by WordPress.com)"
192.0.101.226 - - [24/Feb/2016:04:58:02 -0500] "HEAD / HTTP/1.1" 200 - "-" "jetmon/1.0 (Jetpack Site Uptime Monitor by WordPress.com)"
192.0.101.226 - - [24/Feb/2016:04:58:06 -0500] "HEAD / HTTP/1.1" 200 - "-" "jetmon/1.0 (Jetpack Site Uptime Monitor by WordPress.com)"
80.35.196.103 - - [24/Feb/2016:04:58:21 -0500] "GET /2015/06/26/mongodb-injection-security/ HTTP/1.1" 200 57345 "https://www.google.es/" "Mozilla/5.0 (X11; Linux x86_64) AppleWebKit/537.36 (KHTML, like Gecko) Chrome/48.0.2564.116 Safari/537.36"
80.35.196.103 - - [24/Feb/2016:04:58:25 -0500] "GET /wp-content/plugins/thinkup-panels/css/front.css?ver=2.2.3 HTTP/1.1" 200 819 "http://www.mongodbdev.com/2015/06/26/mongodb-injection-security/" "Mozilla/5.0 (X11; Linux x86_64) AppleWebKit/537.36 (KHTML, like Gecko) Chrome/48.0.2564.116 Safari/537.36"
80.35.196.103 - - [24/Feb/2016:04:58:25 -0500] "GET /wp-content/themes/Melos_Pro/styles/style-shortcodes.css?ver=1.1.10 HTTP/1.1" 200 47369 "http://www.mongodbdev.com/2015/06/26/mongodb-injection-security/" "Mozilla/5.0 (X11; Linux x86_64) AppleWebKit/537.36 (KHTML, like Gecko) Chrome/48.0.2564.116 Safari/537.36"
80.35.196.103 - - [24/Feb/2016:04:58:25 -0500] "GET /wp-content/plugins/contact-form-7/includes/css/styles.css?ver=4.4 HTTP/1.1" 200 1099 "http://www.mongodbdev.com/2015/06/26/mongodb-injection-security/" "Mozilla/5.0 (X11; Linux x86_64) AppleWebKit/537.36 (KHTML, like Gecko) Chrome/48.0.2564.116 Safari/537.36"
80.35.196.103 - - [24/Feb/2016:04:58:25 -0500] "GET /wp-content/plugins/thinkup-panels/thinkup-customization/css/thinkup-front.css?ver=2.2.3 HTTP/1.1" 200 1033 "http://www.mongodbdev.com/2015/06/26/mongodb-injection-security/" "Mozilla/5.0 (X11; Linux x86_64) AppleWebKit/537.36 (KHTML, like Gecko) Chrome/48.0.2564.116 Safari/537.36"
