80.35.196.103 - - [24/Feb/2016:04:58:25 -0500] "GET /wp-content/themes/Melos_Pro/lib/extentions/prettyPhoto/css/prettyPhoto.css?ver=3.1.6 HTTP/1.1" 200 27154 "http://www.mongodbdev.com/2015/06/26/mongodb-injection-security/" "Mozilla/5.0 (X11; Linux x86_64) AppleWebKit/537.36 (KHTML, like Gecko) Chrome/48.0.2564.116 Safari/537.36"
80.35.196.103 - - [24/Feb/2016:04:58:25 -0500] "GET /wp-content/themes/Melos_Pro/lib/extentions/bootstrap/css/bootstrap.min.css?ver=2.3.2 HTTP/1.1" 200 69439 "http://www.mongodbdev.com/2015/06/26/mongodb-injection-security/" "Mozilla/5.0 (X11; Linux x86_64) AppleWebKit/537.36 (KHTML, like Gecko) Chrome/48.0.2564.116 Safari/537.36"
80.35.196.103 - - [24/Feb/2016:04:58:25 -0500] "GET /wp-content/themes/Melos_Pro/style.css?ver=1.1.10 HTTP/1.1" 200 158608 "http://www.mongodbdev.com/2015/06/26/mongodb-injection-security/" "Mozilla/5.0 (X11; Linux x86_64) AppleWebKit/537.36 (KHTML, like Gecko) Chrome/48.0.2564.116 Safari/537.36"
80.35.196.103 - - [24/Feb/2016:04:58:25 -0500] "GET /wp-includes/css/dashicons.min.css?ver=4.4.2 HTTP/1.1" 200 46136 "http://www.mongodbdev.com/2015/06/26/mongodb-injection-security/" "Mozilla/5.0 (X11; Linux x86_64) AppleWebKit/537.36 (KHTML, like Gecko) Chrome/48.0.2564.116 Safari/537.36"
80.35.196.103 - - [24/Feb/2016:04:58:25 -0500] "GET /wp-content/themes/Melos_Pro/lib/extentions/font-awesome/css/font-awesome.css?ver=4.2.0 HTTP/1.1" 200 26651 "http://www.mongodbdev.com/2015/06/26/mongodb-injection-security/" "Mozilla/5.0 (X11; Linux x86_64) AppleWebKit/537.36 (KHTML, like Gecko) Chrome/48.0.2564.116 Safari/537.36"
80.35.196.103 - - [24/Feb/2016:04:58:26 -0500] "GET /wp-content/themes/Melos_Pro/styles/style-portfolio.css?ver=1.1.10 HTTP/1.1" 200 6398 "http://www.mongodbdev.com/2015/06/26/mongodb-injection-security/" "Mozilla/5.0 (X11; Linux x86_64) AppleWebKit/537.36 (KHTML, like Gecko) Chrome/48.0.2564.116 Safari/537.36"
80.35.196.103 - - [24/Feb/2016:04:58:26 -0500] "GET /wp-content/themes/Melos_Pro/styles/style-responsive.css?ver=1.1.10 HTTP/1.1" 200 11573 "http://www.mongodbdev.com/2015/06/26/mongodb-injection-security/" "Mozilla/5.0 (X11; Linux x86_64) AppleWebKit/537.36 (KHTML, like Gecko) Chrome/48.0.2564.116 Safari/537.36"
80.35.196.103 - - [24/Feb/2016:04:58:26 -0500] "GET /wp-content/plugins/jetpack/_inc/genericons/genericons/genericons.css?ver=3.1 HTTP/1.1" 200 28266 "http://www.mongodbdev.com/2015/06/26/mongodb-injection-security/" "Mozilla/5.0 (X11; Linux x86_64) AppleWebKit/537.36 (KHTML, like Gecko) Chrome/48.0.2564.116 Safari/537.36"
80.35.196.103 - - [24/Feb/2016:04:58:26 -0500] "GET /wp-content/plugins/jetpack/css/jetpack.css?ver=3.9.1 HTTP/1.1" 200 57220 "http://www.mongodbdev.com/2015/06/26/mongodb-injection-security/" "Mozilla/5.0 (X11; Linux x86_64) AppleWebKit/537.36 (KHTML, like Gecko) Chrome/48.0.2564.116 Safari/537.36"
80.35.196.103 - - [24/Feb/2016:04:58:26 -0500] "GET /wp-includes/js/jquery/jquery-migrate.min.js?ver=1.2.1 HTTP/1.1" 200 7200 "http://www.mongodbdev.com/2015/06/26/mongodb-injection-security/" "Mozilla/5.0 (X11; Linux x86_64) AppleWebKit/537.36 (KHTML, like Gecko) Chrome/48.0.2564.116 Safari/537.36"
80.35.196.103 - - [24/Feb/2016:04:58:26 -0500] "GET /wp-includes/js/jquery/jquery.js?ver=1.11.3 HTTP/1.1" 200 95977 "http://www.mongodbdev.com/2015/06/26/mongodb-injection-security/" "Mozilla/5.0 (X11; Linux x86_64) AppleWebKit/537.36 (KHTML, like Gecko) Chrome/48.0.2564.116 Safari/537.36"
80.35.196.103 - - [24/Feb/2016:04:58:26 -0500] "GET /wp-content/plugins/jetpack/modules/related-posts/related-posts.js?ver=20150408 HTTP/1.1" 200 6094 "http://www.mongodbdev.com/2015/06/26/mongodb-injection-security/" "Mozilla/5.0 (X11; Linux x86_64) AppleWebKit/537.36 (KHTML, like Gecko) Chrome/48.0.2564.116 Safari/537.36"
80.35.196.103 - - [24/Feb/2016:04:58:26 -0500] "GET /wp-content/themes/Melos_Pro/lib/scripts/plugins/sticky/jquery.sticky.js?ver=true HTTP/1.1" 200 4376 "http://www.mongodbdev.com/2015/06/26/mongodb-injection-security/" "Mozilla/5.0 (X11; Linux x86_64) AppleWebKit/537.36 (KHTML, like Gecko) Chrome/48.0.2564.116 Safari/537.36"
80.35.196.103 - - [24/Feb/2016:04:58:26 -0500] "GET /wp-content/themes/Melos_Pro/lib/scripts/plugins/videoBG/jquery.videoBG.js?ver=0.2 HTTP/1.1" 200 7890 "http://www.mongodbdev.com/2015/06/26/mongodb-injection-security/" "Mozilla/5.0 (X11; Linux x86_64) AppleWebKit/537.36 (KHTML, like Gecko) Chrome/48.0.2564.116 Safari/537.36"
80.35.196.103 - - [24/Feb/2016:04:58:26 -0500] "GET /wp-content/themes/Melos_Pro/lib/widgets/twitterfeed/js/jquery.tweetscroll.js?ver=4.4.2 HTTP/1.1" 200 6691 "http://www.mongodbdev.com/2015/06/26/mongodb-injection-security/" "Mozilla/5.0 (X11; Linux x86_64) AppleWebKit/537.36 (KHTML, like Gecko) Chrome/48.0.2564.116 Safari/537.36"
80.35.196.103 - - [24/Feb/2016:04:58:26 -0500] "GET /wp-content/themes/Melos_Pro/lib/extentions/post-like/post-like.js?ver=1.0 HTTP/1.1" 200 1022 "http://www.mongodbdev.com/2015/06/26/mongodb-injection-security/" "Mozilla/5.0 (X11; Linux x86_64) AppleWebKit/537.36 (KHTML, like Gecko) Chrome/48.0.2564.116 Safari/537.36"
80.35.196.103 - - [24/Feb/2016:04:58:26 -0500] "GET /wp-content/plugins/jetpack/modules/photon/photon.js?ver=20130122 HTTP/1.1" 200 1378 "http://www.mongodbdev.com/2015/06/26/mongodb-injection-security/" "Mozilla/5.0 (X11; Linux x86_64) AppleWebKit/537.36 (KHTML, like Gecko) Chrome/48.0.2564.116 Safari/537.36"
80.35.196.103 - - [24/Feb/2016:04:58:26 -0500] "GET /wp-content/plugins/akismet/_inc/form.js?ver=3.1.7 HTTP/1.1" 200 700 "http://www.mongodbdev.com/2015/06/26/mongodb-injection-security/" "Mozilla/5.0 (X11; Linux x86_64) AppleWebKit/537.36 (KHTML, like Gecko) Chrome/48.0.2564.116 Safari/537.36"
80.35.196.103 - - [24/Feb/2016:04:58:26 -0500] "GET /wp-content/plugins/contact-form-7/includes/js/jquery.form.min.js?ver=3.51.0-2014.06.20 HTTP/1.1" 200 15248 "http://www.mongodbdev.com/2015/06/26/mongodb-injection-security/" "Mozilla/5.0 (X11; Linux x86_64) AppleWebKit/537.36 (KHTML, like Gecko) Chrome/48.0.2564.116 Safari/537.36"
80.35.196.103 - - [24/Feb/2016:04:58:26 -0500] "GET /wp-content/plugins/contact-form-7/includes/js/scripts.js?ver=4.4 HTTP/1.1" 200 11819 "http://www.mongodbdev.com/2015/06/26/mongodb-injection-security/" "Mozilla/5.0 (X11; Linux x86_64) AppleWebKit/537.36 (KHTML, like Gecko) Chrome/48.0.2564.116 Safari/537.36"
80.35.196.103 - - [24/Feb/2016:04:58:26 -0500] "GET /wp-content/plugins/jetpack/modules/wpgroho.js?ver=4.4.2 HTTP/1.1" 200 1015 "http://www.mongodbdev.com/2015/06/26/mongodb-injection-security/" "Mozilla/5.0 (X11; Linux x86_64) AppleWebKit/537.36 (KHTML, like Gecko) Chrome/48.0.2564.116 Safari/537.36"
80.35.196.103 - - [24/Feb/2016:04:58:26 -0500] "GET /wp-content/themes/Melos_Pro/lib/scripts/plugins/imagesloaded/imagesloaded.js?ver=1.3.4 HTTP/1.1" 200 27336 "http://www.mongodbdev.com/2015/06/26/mongodb-injection-security/" "Mozilla/5.0 (X11; Linux x86_64) AppleWebKit/537.36 (KHTML, like Gecko) Chrome/48.0.2564.116 Safari/537.36"
80.35.196.103 - - [24/Feb/2016:04:58:26 -0500] "GET /wp-content/themes/Melos_Pro/lib/extentions/prettyPhoto/js/jquery.prettyPhoto.js?ver=3.1.6 HTTP/1.1" 200 35296 "http://www.mongodbdev.com/2015/06/26/mongodb-injection-security/" "Mozilla/5.0 (X11; Linux x86_64) AppleWebKit/537.36 (KHTML, like Gecko) Chrome/48.0.2564.116 Safari/537.36"
80.35.196.103 - - [24/Feb/2016:04:58:26 -0500] "GET /wp-content/themes/Melos_Pro/lib/scripts/main-frontend.js?ver=1.1 HTTP/1.1" 200 30938 "http://www.mongodbdev.com/2015/06/26/mongodb-injection-security/" "Mozilla/5.0 (X11; Linux x86_64) AppleWebKit/537.36 (KHTML, like Gecko) Chrome/48.0.2564.116 Safari/537.36"
80.35.196.103 - - [24/Feb/2016:04:58:26 -0500] "GET /wp-content/themes/Melos_Pro/lib/extentions/bootstrap/js/bootstrap.js?ver=2.3.2 HTTP/1.1" 200 64265 "http://www.mongodbdev.com/2015/06/26/mongodb-injection-security/" "Mozilla/5.0 (X11; Linux x86_64) AppleWebKit/537.36 (KHTML, like Gecko) Chrome/48.0.2564.116 Safari/537.36"
80.35.196.103 - - [24/Feb/2016:04:58:26 -0500] "GET /wp-content/themes/Melos_Pro/lib/scripts/plugins/waypoints/waypoints.min.js?ver=2.0.3 HTTP/1.1" 200 8051 "http://www.mongodbdev.com/2015/06/26/mongodb-injection-security/" "Mozilla/5.0 (X11; Linux x86_64) AppleWebKit/537.36 (KHTML, like Gecko) Chrome/48.0.2564.116 Safari/537.36"
80.35.196.103 - - [24/Feb/2016:04:58:26 -0500] "GET /wp-content/themes/Melos_Pro/lib/scripts/modernizr.js?ver=2.6.2 HTTP/1.1" 200 51537 "http://www.mongodbdev.com/2015/06/26/mongodb-injection-security/" "Mozilla/5.0 (X11; Linux x86_64) AppleWebKit/537.36 (KHTML, like Gecko) Chrome/48.0.2564.116 Safari/537.36"
80.35.196.103 - - [24/Feb/2016:04:58:26 -0500] "GET /wp-content/themes/Melos_Pro/lib/scripts/plugins/waypoints/waypoints-sticky.min.js?ver=2.0.3 HTTP/1.1" 200 1079 "http://www.mongodbdev.com/2015/06/26/mongodb-injection-security/" "Mozilla/5.0 (X11; Linux x86_64) AppleWebKit/537.36 (KHTML, like Gecko) Chrome/48.0.2564.116 Safari/537.36"
80.35.196.103 - - [24/Feb/2016:04:58:26 -0500] "GET /wp-content/themes/Melos_Pro/lib/scripts/plugins/scrollup/jquery.scrollUp.min.js?ver=2.3.3 HTTP/1.1" 200 2151 "http://www.mongodbdev.com/2015/06/26/mongodb-injection-security/" "Mozilla/5.0 (X11; Linux x86_64) AppleWebKit/537.36 (KHTML, like Gecko) Chrome/48.0.2564.116 Safari/537.36"
80.35.196.103 - - [24/Feb/2016:04:58:26 -0500] "GET /wp-includes/js/comment-reply.min.js?ver=4.4.2 HTTP/1.1" 200 1078 "http://www.mongodbdev.com/2015/06/26/mongodb-injection-security/" "Mozilla/5.0 (X11; Linux x86_64) AppleWebKit/537.36 (KHTML, like Gecko) Chrome/48.0.2564.116 Safari/537.36"
80.35.196.103 - - [24/Feb/2016:04:58:27 -0500] "GET /wp-content/themes/Melos_Pro/lib/scripts/plugins/carouFredSel/jquery.carouFredSel-6.2.1.js?ver=4.4.2 HTTP/1.1" 200 95344 "http://www.mongodbdev.com/2015/06/26/mongodb-injection-security/" "Mozilla/5.0 (X11; Linux x86_64) AppleWebKit/537.36 (KHTML, like Gecko) Chrome/48.0.2564.116 Safari/537.36"
80.35.196.103 - - [24/Feb/2016:04:58:27 -0500] "GET /wp-content/themes/Melos_Pro/lib/scripts/plugins/ResponsiveSlides/responsiveslides.min.js?ver=1.54 HTTP/1.1" 200 3405 "http://www.mongodbdev.com/2015/06/26/mongodb-injection-security/" "Mozilla/5.0 (X11; Linux x86_64) AppleWebKit/537.36 (KHTML, like Gecko) Chrome/48.0.2564.116 Safari/537.36"
80.35.196.103 - - [24/Feb/2016:04:58:27 -0500] "GET /wp-content/themes/Melos_Pro/lib/scripts/plugins/ResponsiveSlides/responsiveslides-call.js?ver=1.1.10 HTTP/1.1" 200 10889 "http://www.mongodbdev.com/2015/06/26/mongodb-injection-security/" "Mozilla/5.0 (X11; Linux x86_64) AppleWebKit/537.36 (KHTML, like Gecko) Chrome/48.0.2564.116 Safari/537.36"
80.35.196.103 - - [24/Feb/2016:04:58:27 -0500] "GET /wp-includes/js/wp-embed.min.js?ver=4.4.2 HTTP/1.1" 200 1518 "http://www.mongodbdev.com/2015/06/26/mongodb-injection-security/" "Mozilla/5.0 (X11; Linux x86_64) AppleWebKit/537.36 (KHTML, like Gecko) Chrome/48.0.2564.116 Safari/537.36"
80.35.196.103 - - [24/Feb/2016:04:58:27 -0500] "GET /wp-content/themes/Melos_Pro/lib/scripts/plugins/knob/jquery.knob.js?ver=1.2.8 HTTP/1.1" 200 26427 "http://www.mongodbdev.com/2015/06/26/mongodb-injection-security/" "Mozilla/5.0 (X11; Linux x86_64) AppleWebKit/537.36 (KHTML, like Gecko) Chrome/48.0.2564.116 Safari/537.36"
80.35.196.103 - - [24/Feb/2016:04:58:27 -0500] "GET /wp-content/plugins/jetpack/_inc/postmessage.js?ver=3.9.1 HTTP/1.1" 200 19615 "http://www.mongodbdev.com/2015/06/26/mongodb-injection-security/" "Mozilla/5.0 (X11; Linux x86_64) AppleWebKit/537.36 (KHTML, like Gecko) Chrome/48.0.2564.116 Safari/537.36"
80.35.196.103 - - [24/Feb/2016:04:58:27 -0500] "GET /wp-content/plugins/jetpack/_inc/jquery.inview.js?ver=3.9.1 HTTP/1.1" 200 5590 "http://www.mongodbdev.com/2015/06/26/mongodb-injection-security/" "Mozilla/5.0 (X11; Linux x86_64) AppleWebKit/537.36 (KHTML, like Gecko) Chrome/48.0.2564.116 Safari/537.36"
80.35.196.103 - - [24/Feb/2016:04:58:27 -0500] "GET /wp-content/plugins/jetpack/modules/likes/queuehandler.js?ver=3.9.1 HTTP/1.1" 200 7709 "http://www.mongodbdev.com/2015/06/26/mongodb-injection-security/" "Mozilla/5.0 (X11; Linux x86_64) AppleWebKit/537.36 (KHTML, like Gecko) Chrome/48.0.2564.116 Safari/537.36"
80.35.196.103 - - [24/Feb/2016:04:58:27 -0500] "GET /wp-content/plugins/jetpack/_inc/jquery.jetpack-resize.js?ver=3.9.1 HTTP/1.1" 200 8104 "http://www.mongodbdev.com/2015/06/26/mongodb-injection-security/" "Mozilla/5.0 (X11; Linux x86_64) AppleWebKit/537.36 (KHTML, like Gecko) Chrome/48.0.2564.116 Safari/537.36"
80.35.196.103 - - [24/Feb/2016:04:58:27 -0500] "GET /wp-content/plugins/jetpack/modules/sharedaddy/sharing.js?ver=3.9.1 HTTP/1.1" 200 15152 "http://www.mongodbdev.com/2015/06/26/mongodb-injection-security/" "Mozilla/5.0 (X11; Linux x86_64) AppleWebKit/537.36 (KHTML, like Gecko) Chrome/48.0.2564.116 Safari/537.36"
80.35.196.103 - - [24/Feb/2016:04:58:27 -0500] "GET /wp-content/themes/Melos_Pro/lib/extentions/font-awesome/fonts/fontawesome-webfont.woff?v=4.2.0 HTTP/1.1" 200 65452 "http://www.mongodbdev.com/wp-content/themes/Melos_Pro/lib/extentions/font-awesome/css/font-awesome.css?ver=4.2.0" "Mozilla/5.0 (X11; Linux x86_64) AppleWebKit/537.36 (KHTML, like Gecko) Chrome/48.0.2564.116 Safari/537.36"
80.35.196.103 - - [24/Feb/2016:04:58:27 -0500] "GET /wp-includes/js/wp-emoji-release.min.js?ver=4.4.2 HTTP/1.1" 200 33713 "http://www.mongodbdev.com/2015/06/26/mongodb-injection-security/" "Mozilla/5.0 (X11; Linux x86_64) AppleWebKit/537.36 (KHTML, like Gecko) Chrome/48.0.2564.116 Safari/537.36"
80.35.196.103 - - [24/Feb/2016:04:58:27 -0500] "GET /wp-content/plugins/jetpack/modules/sharedaddy/images/loading.gif HTTP/1.1" 200 2530 "http://www.mongodbdev.com/2015/06/26/mongodb-injection-security/" "Mozilla/5.0 (X11; Linux x86_64) AppleWebKit/537.36 (KHTML, like Gecko) Chrome/48.0.2564.116 Safari/537.36"
80.35.196.103 - - [24/Feb/2016:04:58:27 -0500] "GET /wp-content/uploads/2016/01/logo-airis.png HTTP/1.1" 200 24074 "http://www.mongodbdev.com/2015/06/26/mongodb-injection-security/" "Mozilla/5.0 (X11; Linux x86_64) AppleWebKit/537.36 (KHTML, like Gecko) Chrome/48.0.2564.116 Safari/537.36"
80.35.196.103 - - [24/Feb/2016:04:58:27 -0500] "GET /2015/06/26/mongodb-injection-security/?relatedposts=1 HTTP/1.1" 200 2616 "http://www.mongodbdev.com/2015/06/26/mongodb-injection-security/" "Mozilla/5.0 (X11; Linux x86_64) AppleWebKit/537.36 (KHTML, like Gecko) Chrome/48.0.2564.116 Safari/537.36"
192.0.99.59 - - [24/Feb/2016:04:58:28 -0500] "GET /wp-content/uploads/2016/01/logo-airis.png HTTP/1.1" 200 24074 "-" "Photon/1.0"
192.0.100.59 - - [24/Feb/2016:04:58:29 -0500] "GET /wp-content/uploads/2015/05/jU464qixEw6OcFI-225x300.jpg HTTP/1.1" 200 27905 "-" "Photon/1.0"
192.0.99.179 - - [24/Feb/2016:04:58:29 -0500] "GET /wp-content/uploads/2015/05/jU464qixEw6OcFI-225x300.jpg HTTP/1.1" 200 27905 "-" "Photon/1.0"
104.131.226.73 - - [24/Feb/2016:04:59:40 -0500] "GET /feed/ HTTP/1.1" 200 129465 "-" "Feedbin feed-id:1015889 - 1 subscribers"
180.76.15.150 - - [24/Feb/2016:05:00:21 -0500] "GET /313-2/ HTTP/1.1" 404 35679 "-" "Mozilla/5.0 (compatible; Baiduspider/2.0; +http://www.baidu.com/search/spider.html)"
66.249.66.147 - - [24/Feb/2016:05:01:54 -0500] "GET /robots.txt HTTP/1.1" 200 167 "-" "Mozilla/5.0 (compatible; Googlebot/2.1; +http://www.google.com/bot.html)"
192.0.84.33 - - [24/Feb/2016:05:02:16 -0500] "HEAD / HTTP/1.1" 200 - "-" "jetmon/1.0 (Jetpack Site Uptime Monitor by WordPress.com)"
192.0.84.33 - - [24/Feb/2016:05:02:22 -0500] "HEAD / HTTP/1.1" 200 - "-" "jetmon/1.0 (Jetpack Site Uptime Monitor by WordPress.com)"
66.249.66.151 - - [24/Feb/2016:05:02:30 -0500] "GET /wp-content/plugins/jetpack/modules/minileven/theme/pub/minileven/style.css?ver=4.4.1 HTTP/1.1" 200 31037 "http://sparkdeveloper.com/category/spark/" "Mozilla/5.0 (compatible; Googlebot/2.1; +http://www.google.com/bot.html)"
65.254.225.145 - - [24/Feb/2016:05:02:43 -0500] "POST /wp-cron.php?doing_wp_cron=1456308163.9331750869750976562500 HTTP/1.1" 200 - "-" "WordPress/4.3.3; http://www.dogshitsecurity.work"
192.0.101.226 - - [24/Feb/2016:05:02:44 -0500] "HEAD / HTTP/1.1" 200 - "-" "jetmon/1.0 (Jetpack Site Uptime Monitor by WordPress.com)"
192.0.101.226 - - [24/Feb/2016:05:02:43 -0500] "HEAD / HTTP/1.1" 200 - "-" "jetmon/1.0 (Jetpack Site Uptime Monitor by WordPress.com)"
192.0.101.226 - - [24/Feb/2016:05:03:03 -0500] "HEAD / HTTP/1.1" 200 - "-" "jetmon/1.0 (Jetpack Site Uptime Monitor by WordPress.com)"
192.0.101.226 - - [24/Feb/2016:05:03:11 -0500] "HEAD / HTTP/1.1" 200 - "-" "jetmon/1.0 (Jetpack Site Uptime Monitor by WordPress.com)"
120.52.73.149 - - [24/Feb/2016:05:03:20 -0500] "GET / HTTP/1.1" 200 102798 "http://timandstephwedding.org/" "Mozilla/5.0 (Windows NT 6.1) AppleWebKit/537.36 (KHTML, like Gecko) Dragon/36.1.1.21 Chrome/36.0.1985.97 Safari/537.36"
37.1.218.125 - - [24/Feb/2016:05:03:28 -0500] "GET / HTTP/1.1" 301 244 "-" "Mozilla/5.0 (Windows; U; Windows NT 5.1; en-US; rv:1.9.1.6) Gecko/20091201 Firefox/3.5.6 (.NET CLR 2.0.50727; .NET CLR 3.0.4506.2152; .NET CLR 3.5.30729)"
123.30.175.160 - - [24/Feb/2016:05:05:09 -0500] "GET /robots.txt HTTP/1.1" 200 187 "-" "Mozilla/5.0 (compatible; coccoc/1.0; +http://help.coccoc.com/)"
123.30.175.158 - - [24/Feb/2016:05:05:16 -0500] "GET /2013/10/16/static-code-analysis-code-coverage-and-jenkins-with-cloudbees/ HTTP/1.1" 200 23255 "-" "Mozilla/5.0 (compatible; coccoc/1.0; +http://help.coccoc.com/)"
92.247.181.31 - - [24/Feb/2016:05:07:03 -0500] "GET /feed/ HTTP/1.1" 200 179372 "http://sparkdeveloper.com/" "Mozilla/5.0 (compatible; inoreader.com-like FeedFetcher-Google)"
192.0.84.33 - - [24/Feb/2016:05:07:10 -0500] "HEAD / HTTP/1.1" 200 - "-" "jetmon/1.0 (Jetpack Site Uptime Monitor by WordPress.com)"
192.0.84.33 - - [24/Feb/2016:05:07:13 -0500] "HEAD / HTTP/1.1" 200 - "-" "jetmon/1.0 (Jetpack Site Uptime Monitor by WordPress.com)"
192.0.101.226 - - [24/Feb/2016:05:07:41 -0500] "HEAD / HTTP/1.1" 200 - "-" "jetmon/1.0 (Jetpack Site Uptime Monitor by WordPress.com)"
192.0.101.226 - - [24/Feb/2016:05:07:42 -0500] "HEAD / HTTP/1.1" 200 - "-" "jetmon/1.0 (Jetpack Site Uptime Monitor by WordPress.com)"
125.16.137.146 - - [24/Feb/2016:05:07:44 -0500] "POST /?infinity=scrolling HTTP/1.1" 200 94909 "http://sparkdeveloper.com/" "Mozilla/5.0 (Windows NT 6.1; WOW64; rv:38.0) Gecko/20100101 Firefox/38.0"
192.0.101.226 - - [24/Feb/2016:05:08:04 -0500] "HEAD / HTTP/1.1" 200 - "-" "jetmon/1.0 (Jetpack Site Uptime Monitor by WordPress.com)"
192.0.101.226 - - [24/Feb/2016:05:08:05 -0500] "HEAD / HTTP/1.1" 200 - "-" "jetmon/1.0 (Jetpack Site Uptime Monitor by WordPress.com)"
107.173.193.105 - - [24/Feb/2016:05:08:56 -0500] "GET /category/java/ HTTP/1.1" 200 108240 "http://sparkdeveloper.com/" "Mozilla/5.0 (Windows NT 5.1) AppleWebKit/537.36 (KHTML, like Gecko) Chrome/39.0.2171.99 Safari/537.36"
107.173.193.105 - - [24/Feb/2016:05:08:58 -0500] "GET /wp-login.php?action=register HTTP/1.1" 302 244 "http://sparkdeveloper.com/" "Opera/9.80 (Windows NT 6.2; Win64; x64) Presto/2.12.388 Version/12.17"
107.173.193.105 - - [24/Feb/2016:05:08:59 -0500] "GET /wp-login.php?registration=disabled HTTP/1.1" 200 5927 "http://sparkdeveloper.com/" "Opera/9.80 (Windows NT 6.2; Win64; x64) Presto/2.12.388 Version/12.17"
65.254.225.145 - - [24/Feb/2016:05:09:55 -0500] "POST /wp-cron.php?doing_wp_cron=1456308595.5427379608154296875000 HTTP/1.1" 200 - "-" "WordPress/4.4.2; http://www.mongodbdev.com"
46.148.22.18 - - [24/Feb/2016:05:09:52 -0500] "POST /xmlrpc.php HTTP/1.1" 200 446 "http://mongodbdev.com/xmlrpc.php" "Mozilla/5.0 (Windows; U; Win98; en-US; rv:1.8.1.17) Gecko/20080829 Mozilla/5.0 (X11; U; Linux armv7l; en-US; rv:1.9.2a1pre) Gecko/20090322 Fennec/1.0b2pre"
68.180.229.154 - - [24/Feb/2016:05:11:18 -0500] "GET /2015/08/18/jvm-devops-with-immutable-infrastructure/ HTTP/1.1" 200 23845 "-" "Mozilla/5.0 (compatible; Yahoo! Slurp; http://help.yahoo.com/help/us/ysearch/slurp)"
91.121.100.66 - - [24/Feb/2016:05:11:37 -0500] "GET //wp-login.php HTTP/1.1" 403 3414 "-" "Mozilla/5.0 (Macintosh; Intel Mac OS X 10.10; rv:43.0) Gecko/20100101 Firefox/43.0"
192.0.84.33 - - [24/Feb/2016:05:12:12 -0500] "HEAD / HTTP/1.1" 200 - "-" "jetmon/1.0 (Jetpack Site Uptime Monitor by WordPress.com)"
192.0.84.33 - - [24/Feb/2016:05:12:16 -0500] "HEAD / HTTP/1.1" 200 - "-" "jetmon/1.0 (Jetpack Site Uptime Monitor by WordPress.com)"
192.0.101.226 - - [24/Feb/2016:05:12:35 -0500] "HEAD / HTTP/1.1" 200 - "-" "jetmon/1.0 (Jetpack Site Uptime Monitor by WordPress.com)"
192.0.101.226 - - [24/Feb/2016:05:12:43 -0500] "HEAD / HTTP/1.1" 200 - "-" "jetmon/1.0 (Jetpack Site Uptime Monitor by WordPress.com)"
192.0.101.226 - - [24/Feb/2016:05:13:01 -0500] "HEAD / HTTP/1.1" 200 - "-" "jetmon/1.0 (Jetpack Site Uptime Monitor by WordPress.com)"
65.254.225.145 - - [24/Feb/2016:05:13:02 -0500] "POST /wp-cron.php?doing_wp_cron=1456308782.6504209041595458984375 HTTP/1.1" 200 - "-" "WordPress/4.3.3; http://www.occultscienceindustries.com"
192.0.101.226 - - [24/Feb/2016:05:13:06 -0500] "HEAD / HTTP/1.1" 200 - "-" "jetmon/1.0 (Jetpack Site Uptime Monitor by WordPress.com)"
107.170.91.224 - - [24/Feb/2016:05:14:44 -0500] "GET /feed/ HTTP/1.1" 200 129465 "-" "Feedbin feed-id:1015889 - 1 subscribers"
91.103.43.50 - - [24/Feb/2016:05:16:27 -0500] "GET /wp-content/plugins/jetpack/modules/shortcodes/js/jquery.cycle.js?ver=2.9999.8 HTTP/1.1" 200 52470 "-" "Mozilla/4.0 (compatible;)"
192.0.84.33 - - [24/Feb/2016:05:17:09 -0500] "HEAD / HTTP/1.1" 200 - "-" "jetmon/1.0 (Jetpack Site Uptime Monitor by WordPress.com)"
65.254.225.145 - - [24/Feb/2016:05:17:20 -0500] "POST /wp-cron.php?doing_wp_cron=1456309040.2001650333404541015625 HTTP/1.1" 200 - "-" "WordPress/4.4.2; http://www.mongodbdev.com"
192.0.84.33 - - [24/Feb/2016:05:17:18 -0500] "HEAD / HTTP/1.1" 200 - "-" "jetmon/1.0 (Jetpack Site Uptime Monitor by WordPress.com)"
180.76.15.23 - - [24/Feb/2016:05:17:34 -0500] "GET /2013/10/09/metrics/embed/ HTTP/1.1" 200 19335 "-" "Mozilla/5.0 (compatible; Baiduspider/2.0; +http://www.baidu.com/search/spider.html)"
65.254.225.145 - - [24/Feb/2016:05:17:35 -0500] "POST /wp-cron.php?doing_wp_cron=1456309055.6276049613952636718750 HTTP/1.1" 200 - "-" "WordPress/4.4.2; http://www.agilemobiledeveloper.com"
65.254.225.145 - - [24/Feb/2016:05:17:38 -0500] "POST /wp-cron.php?doing_wp_cron=1456309058.3390200138092041015625 HTTP/1.1" 200 - "-" "WordPress/4.2.7; http://www.devopscops.xyz"
192.0.101.226 - - [24/Feb/2016:05:17:37 -0500] "HEAD / HTTP/1.1" 200 - "-" "jetmon/1.0 (Jetpack Site Uptime Monitor by WordPress.com)"
192.0.101.226 - - [24/Feb/2016:05:17:47 -0500] "HEAD / HTTP/1.1" 200 - "-" "jetmon/1.0 (Jetpack Site Uptime Monitor by WordPress.com)"
192.198.80.227 - - [24/Feb/2016:05:17:49 -0500] "GET /2013/07/23/bridging-between-soap-services-draft/ HTTP/1.1" 200 22348 "-" "Mozilla/5.0 (Windows NT 6.3; WOW64; Trident/7.0; rv:11.0) like Gecko"
192.0.101.226 - - [24/Feb/2016:05:18:03 -0500] "HEAD / HTTP/1.1" 200 - "-" "jetmon/1.0 (Jetpack Site Uptime Monitor by WordPress.com)"
192.0.101.226 - - [24/Feb/2016:05:18:07 -0500] "HEAD / HTTP/1.1" 200 - "-" "jetmon/1.0 (Jetpack Site Uptime Monitor by WordPress.com)"
180.76.15.15 - - [24/Feb/2016:05:18:57 -0500] "GET /2014/10/16/spark-on-tachyon-on-pivotal-hd-2-0-hadoop-2-2/ HTTP/1.1" 200 88061 "-" "Mozilla/5.0 (compatible; Baiduspider/2.0; +http://www.baidu.com/search/spider.html)"
65.254.225.145 - - [24/Feb/2016:05:18:57 -0500] "POST /wp-cron.php?doing_wp_cron=1456309137.7950510978698730468750 HTTP/1.1" 200 - "-" "WordPress/4.4.2; http://sparkdeveloper.com"
207.46.13.59 - - [24/Feb/2016:05:21:18 -0500] "GET /2015/06/02/mongodb-world-day-2-2015/ HTTP/1.1" 200 53458 "-" "Mozilla/5.0 (compatible; bingbot/2.0; +http://www.bing.com/bingbot.htm)"
157.55.39.88 - - [24/Feb/2016:05:21:36 -0500] "GET /wp-content/plugins/jetpack/_inc/genericons/genericons/genericons.css?ver=3.1 HTTP/1.1" 200 28266 "-" "Mozilla/5.0 (compatible; bingbot/2.0; +http://www.bing.com/bingbot.htm)"
157.55.39.88 - - [24/Feb/2016:05:21:36 -0500] "GET /wp-content/plugins/jetpack/modules/likes/queuehandler.js?ver=3.9.1 HTTP/1.1" 200 7709 "-" "Mozilla/5.0 (compatible; bingbot/2.0; +http://www.bing.com/bingbot.htm)"
157.55.39.88 - - [24/Feb/2016:05:21:36 -0500] "GET /wp-content/plugins/jetpack/modules/related-posts/related-posts.js?ver=20150408 HTTP/1.1" 200 6094 "-" "Mozilla/5.0 (compatible; bingbot/2.0; +http://www.bing.com/bingbot.htm)"
157.55.39.88 - - [24/Feb/2016:05:21:36 -0500] "GET /wp-content/themes/Melos_Pro/lib/extentions/bootstrap/js/bootstrap.js?ver=2.3.2 HTTP/1.1" 200 64265 "-" "Mozilla/5.0 (compatible; bingbot/2.0; +http://www.bing.com/bingbot.htm)"
157.55.39.88 - - [24/Feb/2016:05:21:36 -0500] "GET /wp-content/themes/Melos_Pro/lib/extentions/font-awesome/css/font-awesome.css?ver=4.2.0 HTTP/1.1" 200 26651 "-" "Mozilla/5.0 (compatible; bingbot/2.0; +http://www.bing.com/bingbot.htm)"
157.55.39.88 - - [24/Feb/2016:05:21:37 -0500] "GET /wp-content/themes/Melos_Pro/lib/scripts/plugins/ResponsiveSlides/responsiveslides.min.js?ver=1.54 HTTP/1.1" 200 3405 "-" "Mozilla/5.0 (compatible; bingbot/2.0; +http://www.bing.com/bingbot.htm)"
157.55.39.88 - - [24/Feb/2016:05:21:37 -0500] "GET /wp-content/themes/Melos_Pro/lib/scripts/plugins/ResponsiveSlides/responsiveslides-call.js?ver=1.1.10 HTTP/1.1" 200 10889 "-" "Mozilla/5.0 (compatible; bingbot/2.0; +http://www.bing.com/bingbot.htm)"
157.55.39.88 - - [24/Feb/2016:05:21:37 -0500] "GET /wp-content/themes/Melos_Pro/lib/scripts/plugins/sticky/jquery.sticky.js?ver=true HTTP/1.1" 200 4376 "-" "Mozilla/5.0 (compatible; bingbot/2.0; +http://www.bing.com/bingbot.htm)"
157.55.39.88 - - [24/Feb/2016:05:21:37 -0500] "GET /wp-content/themes/Melos_Pro/lib/scripts/plugins/videoBG/jquery.videoBG.js?ver=0.2 HTTP/1.1" 200 7890 "-" "Mozilla/5.0 (compatible; bingbot/2.0; +http://www.bing.com/bingbot.htm)"
157.55.39.88 - - [24/Feb/2016:05:21:37 -0500] "GET /wp-content/themes/Melos_Pro/style.css?ver=1.1.10 HTTP/1.1" 200 158608 "-" "Mozilla/5.0 (compatible; bingbot/2.0; +http://www.bing.com/bingbot.htm)"
157.55.39.88 - - [24/Feb/2016:05:21:37 -0500] "GET /wp-content/themes/Melos_Pro/styles/style-portfolio.css?ver=1.1.10 HTTP/1.1" 200 6398 "-" "Mozilla/5.0 (compatible; bingbot/2.0; +http://www.bing.com/bingbot.htm)"
157.55.39.88 - - [24/Feb/2016:05:21:37 -0500] "GET /wp-includes/js/jquery/jquery-migrate.min.js?ver=1.2.1 HTTP/1.1" 200 7200 "-" "Mozilla/5.0 (compatible; bingbot/2.0; +http://www.bing.com/bingbot.htm)"
157.55.39.88 - - [24/Feb/2016:05:21:37 -0500] "GET /wp-includes/js/wp-embed.min.js?ver=4.4.2 HTTP/1.1" 200 1518 "-" "Mozilla/5.0 (compatible; bingbot/2.0; +http://www.bing.com/bingbot.htm)"
207.46.13.59 - - [24/Feb/2016:05:21:49 -0500] "GET /wp-content/plugins/akismet/_inc/form.js?ver=3.1.7 HTTP/1.1" 200 700 "-" "Mozilla/5.0 (compatible; bingbot/2.0; +http://www.bing.com/bingbot.htm)"
207.46.13.59 - - [24/Feb/2016:05:21:49 -0500] "GET /wp-content/plugins/jetpack/css/jetpack.css?ver=3.9.1 HTTP/1.1" 200 57220 "-" "Mozilla/5.0 (compatible; bingbot/2.0; +http://www.bing.com/bingbot.htm)"
207.46.13.59 - - [24/Feb/2016:05:21:49 -0500] "GET /wp-content/plugins/jetpack/modules/photon/photon.js?ver=20130122 HTTP/1.1" 200 1378 "-" "Mozilla/5.0 (compatible; bingbot/2.0; +http://www.bing.com/bingbot.htm)"
207.46.13.59 - - [24/Feb/2016:05:21:49 -0500] "GET /wp-content/plugins/thinkup-panels/css/front.css?ver=2.2.3 HTTP/1.1" 200 819 "-" "Mozilla/5.0 (compatible; bingbot/2.0; +http://www.bing.com/bingbot.htm)"
207.46.13.59 - - [24/Feb/2016:05:21:50 -0500] "GET /wp-content/themes/Melos_Pro/lib/extentions/prettyPhoto/js/jquery.prettyPhoto.js?ver=3.1.6 HTTP/1.1" 200 35296 "-" "Mozilla/5.0 (compatible; bingbot/2.0; +http://www.bing.com/bingbot.htm)"
207.46.13.59 - - [24/Feb/2016:05:21:50 -0500] "GET /wp-content/themes/Melos_Pro/lib/scripts/modernizr.js?ver=2.6.2 HTTP/1.1" 200 51537 "-" "Mozilla/5.0 (compatible; bingbot/2.0; +http://www.bing.com/bingbot.htm)"
207.46.13.59 - - [24/Feb/2016:05:21:50 -0500] "GET /wp-content/themes/Melos_Pro/lib/scripts/main-frontend.js?ver=1.1 HTTP/1.1" 200 30938 "-" "Mozilla/5.0 (compatible; bingbot/2.0; +http://www.bing.com/bingbot.htm)"
207.46.13.59 - - [24/Feb/2016:05:21:50 -0500] "GET /wp-content/themes/Melos_Pro/lib/scripts/plugins/waypoints/waypoints-sticky.min.js?ver=2.0.3 HTTP/1.1" 200 1079 "-" "Mozilla/5.0 (compatible; bingbot/2.0; +http://www.bing.com/bingbot.htm)"
207.46.13.59 - - [24/Feb/2016:05:21:50 -0500] "GET /wp-content/themes/Melos_Pro/lib/widgets/twitterfeed/js/jquery.tweetscroll.js?ver=4.4.2 HTTP/1.1" 200 6691 "-" "Mozilla/5.0 (compatible; bingbot/2.0; +http://www.bing.com/bingbot.htm)"
207.46.13.59 - - [24/Feb/2016:05:21:51 -0500] "GET /wp-content/themes/Melos_Pro/styles/style-responsive.css?ver=1.1.10 HTTP/1.1" 200 11573 "-" "Mozilla/5.0 (compatible; bingbot/2.0; +http://www.bing.com/bingbot.htm)"
207.46.13.59 - - [24/Feb/2016:05:21:51 -0500] "GET /wp-includes/css/dashicons.min.css?ver=4.4.2 HTTP/1.1" 200 46136 "-" "Mozilla/5.0 (compatible; bingbot/2.0; +http://www.bing.com/bingbot.htm)"
207.46.13.59 - - [24/Feb/2016:05:21:51 -0500] "GET /wp-includes/js/jquery/jquery.js?ver=1.11.3 HTTP/1.1" 200 95977 "-" "Mozilla/5.0 (compatible; bingbot/2.0; +http://www.bing.com/bingbot.htm)"
192.0.84.33 - - [24/Feb/2016:05:22:14 -0500] "HEAD / HTTP/1.1" 200 - "-" "jetmon/1.0 (Jetpack Site Uptime Monitor by WordPress.com)"
192.0.84.33 - - [24/Feb/2016:05:22:19 -0500] "HEAD / HTTP/1.1" 200 - "-" "jetmon/1.0 (Jetpack Site Uptime Monitor by WordPress.com)"
192.0.101.226 - - [24/Feb/2016:05:22:39 -0500] "HEAD / HTTP/1.1" 200 - "-" "jetmon/1.0 (Jetpack Site Uptime Monitor by WordPress.com)"
192.0.101.226 - - [24/Feb/2016:05:22:50 -0500] "HEAD / HTTP/1.1" 200 - "-" "jetmon/1.0 (Jetpack Site Uptime Monitor by WordPress.com)"
192.0.101.226 - - [24/Feb/2016:05:23:02 -0500] "HEAD / HTTP/1.1" 200 - "-" "jetmon/1.0 (Jetpack Site Uptime Monitor by WordPress.com)"
192.0.101.226 - - [24/Feb/2016:05:23:07 -0500] "HEAD / HTTP/1.1" 200 - "-" "jetmon/1.0 (Jetpack Site Uptime Monitor by WordPress.com)"
77.75.76.165 - - [24/Feb/2016:05:26:17 -0500] "GET /robots.txt HTTP/1.1" 200 187 "-" "Mozilla/5.0 (compatible; SeznamBot/3.2; +http://fulltext.sblog.cz/)"
77.75.76.165 - - [24/Feb/2016:05:26:20 -0500] "GET /2013/06/ HTTP/1.1" 200 31769 "-" "Mozilla/5.0 (compatible; SeznamBot/3.2; +http://fulltext.sblog.cz/)"
192.0.84.33 - - [24/Feb/2016:05:27:11 -0500] "HEAD / HTTP/1.1" 200 - "-" "jetmon/1.0 (Jetpack Site Uptime Monitor by WordPress.com)"
192.0.84.33 - - [24/Feb/2016:05:27:12 -0500] "HEAD / HTTP/1.1" 200 - "-" "jetmon/1.0 (Jetpack Site Uptime Monitor by WordPress.com)"
66.249.83.181 - - [24/Feb/2016:05:27:18 -0500] "GET /feed/ HTTP/1.1" 200 129465 "-" "Mozilla/5.0 (Windows NT 6.1; rv:6.0) Gecko/20110814 Firefox/6.0 Google Favicon"
66.249.83.184 - - [24/Feb/2016:05:27:20 -0500] "GET /favicon.ico HTTP/1.1" 200 - "-" "Mozilla/5.0 (Windows NT 6.1; rv:6.0) Gecko/20110814 Firefox/6.0 Google Favicon"
157.55.39.165 - - [24/Feb/2016:05:27:21 -0500] "GET /robots.txt HTTP/1.1" 200 67 "-" "Mozilla/5.0 (compatible; bingbot/2.0; +http://www.bing.com/bingbot.htm)"
192.0.101.226 - - [24/Feb/2016:05:27:42 -0500] "HEAD / HTTP/1.1" 200 - "-" "jetmon/1.0 (Jetpack Site Uptime Monitor by WordPress.com)"
192.0.101.226 - - [24/Feb/2016:05:27:45 -0500] "HEAD / HTTP/1.1" 200 - "-" "jetmon/1.0 (Jetpack Site Uptime Monitor by WordPress.com)"
192.0.101.226 - - [24/Feb/2016:05:28:03 -0500] "HEAD / HTTP/1.1" 200 - "-" "jetmon/1.0 (Jetpack Site Uptime Monitor by WordPress.com)"
192.0.101.226 - - [24/Feb/2016:05:28:06 -0500] "HEAD / HTTP/1.1" 200 - "-" "jetmon/1.0 (Jetpack Site Uptime Monitor by WordPress.com)"
65.254.225.145 - - [24/Feb/2016:05:28:07 -0500] "POST /wp-cron.php?doing_wp_cron=1456309687.5485069751739501953125 HTTP/1.1" 200 - "-" "WordPress/4.3.3; http://www.baconlandia.com"
107.170.91.224 - - [24/Feb/2016:05:28:29 -0500] "GET /feed/ HTTP/1.1" 200 129465 "-" "Feedbin feed-id:1015889 - 1 subscribers"
107.21.1.8 - - [24/Feb/2016:05:28:37 -0500] "GET / HTTP/1.1" 200 92050 "http://sparkdeveloper.com/" "Mozilla/5.0 (compatible; DuckDuckGo-Favicons-Bot/1.0; +http://duckduckgo.com)"
107.21.1.8 - - [24/Feb/2016:05:28:38 -0500] "GET /favicon.ico HTTP/1.1" 200 - "http://sparkdeveloper.com/favicon.ico" "Mozilla/5.0 (compatible; DuckDuckGo-Favicons-Bot/1.0; +http://duckduckgo.com)"
192.0.84.33 - - [24/Feb/2016:05:32:14 -0500] "HEAD / HTTP/1.1" 200 - "-" "jetmon/1.0 (Jetpack Site Uptime Monitor by WordPress.com)"
192.0.84.33 - - [24/Feb/2016:05:32:17 -0500] "HEAD / HTTP/1.1" 200 - "-" "jetmon/1.0 (Jetpack Site Uptime Monitor by WordPress.com)"
192.0.101.226 - - [24/Feb/2016:05:32:33 -0500] "HEAD / HTTP/1.1" 200 - "-" "jetmon/1.0 (Jetpack Site Uptime Monitor by WordPress.com)"
192.0.101.226 - - [24/Feb/2016:05:32:53 -0500] "HEAD / HTTP/1.1" 200 - "-" "jetmon/1.0 (Jetpack Site Uptime Monitor by WordPress.com)"
192.0.101.226 - - [24/Feb/2016:05:33:08 -0500] "HEAD / HTTP/1.1" 200 - "-" "jetmon/1.0 (Jetpack Site Uptime Monitor by WordPress.com)"
192.0.101.226 - - [24/Feb/2016:05:33:12 -0500] "HEAD / HTTP/1.1" 200 - "-" "jetmon/1.0 (Jetpack Site Uptime Monitor by WordPress.com)"
65.254.225.145 - - [24/Feb/2016:05:33:13 -0500] "POST /wp-cron.php?doing_wp_cron=1456309993.1334550380706787109375 HTTP/1.1" 200 - "-" "WordPress/4.3.3; http://www.baconlandia.com"
54.165.176.73 - - [24/Feb/2016:05:34:19 -0500] "GET /feed/ HTTP/1.1" 200 129465 "-" "python-requests/2.5.0 CPython/2.7.9 Linux/3.14.20-20.44.amzn1.x86_64"
203.133.171.21 - - [24/Feb/2016:05:35:33 -0500] "GET / HTTP/1.1" 403 202 "-" "Mozilla/5.0 (compatible; MSIE or Firefox mutant;) Daum 4.1"
185.92.73.125 - - [24/Feb/2016:05:35:56 -0500] "GET /wp-content/uploads/2016/02/info.php HTTP/1.1" 301 397 "http://baconlandia.com/wp-content/uploads/2016/02/info.php" "Mozilla/4.0 (compatible; MSIE 6.0; Windows NT 5.1; SV1)"
185.92.73.125 - - [24/Feb/2016:05:36:02 -0500] "GET /wp-content/uploads/2016/02/info.php HTTP/1.1" 404 10650 "http://baconlandia.com/wp-content/uploads/2016/02/info.php" "Mozilla/4.0 (compatible; MSIE 6.0; Windows NT 5.1; SV1)"
192.0.84.33 - - [24/Feb/2016:05:37:12 -0500] "HEAD / HTTP/1.1" 200 - "-" "jetmon/1.0 (Jetpack Site Uptime Monitor by WordPress.com)"
192.0.84.33 - - [24/Feb/2016:05:37:21 -0500] "HEAD / HTTP/1.1" 200 - "-" "jetmon/1.0 (Jetpack Site Uptime Monitor by WordPress.com)"
157.55.39.165 - - [24/Feb/2016:05:37:41 -0500] "GET /wp-content/plugins/contact-form-7/includes/css/styles.css?ver=4.4 HTTP/1.1" 200 1099 "-" "Mozilla/5.0 (compatible; bingbot/2.0; +http://www.bing.com/bingbot.htm)"
157.55.39.165 - - [24/Feb/2016:05:37:41 -0500] "GET /wp-content/plugins/contact-form-7/includes/js/jquery.form.min.js?ver=3.51.0-2014.06.20 HTTP/1.1" 200 15248 "-" "Mozilla/5.0 (compatible; bingbot/2.0; +http://www.bing.com/bingbot.htm)"
157.55.39.165 - - [24/Feb/2016:05:37:41 -0500] "GET /wp-content/plugins/jetpack/_inc/jquery.inview.js?ver=3.9.1 HTTP/1.1" 200 5590 "-" "Mozilla/5.0 (compatible; bingbot/2.0; +http://www.bing.com/bingbot.htm)"
157.55.39.165 - - [24/Feb/2016:05:37:42 -0500] "GET /wp-content/plugins/jetpack/modules/wpgroho.js?ver=4.4.2 HTTP/1.1" 200 1015 "-" "Mozilla/5.0 (compatible; bingbot/2.0; +http://www.bing.com/bingbot.htm)"
157.55.39.165 - - [24/Feb/2016:05:37:42 -0500] "GET /wp-content/plugins/thinkup-panels/thinkup-customization/css/thinkup-front.css?ver=2.2.3 HTTP/1.1" 200 1033 "-" "Mozilla/5.0 (compatible; bingbot/2.0; +http://www.bing.com/bingbot.htm)"
192.0.101.226 - - [24/Feb/2016:05:37:41 -0500] "HEAD / HTTP/1.1" 200 - "-" "jetmon/1.0 (Jetpack Site Uptime Monitor by WordPress.com)"
157.55.39.165 - - [24/Feb/2016:05:37:42 -0500] "GET /wp-content/themes/Melos_Pro/lib/extentions/prettyPhoto/css/prettyPhoto.css?ver=3.1.6 HTTP/1.1" 200 27154 "-" "Mozilla/5.0 (compatible; bingbot/2.0; +http://www.bing.com/bingbot.htm)"
157.55.39.165 - - [24/Feb/2016:05:37:42 -0500] "GET /wp-content/themes/Melos_Pro/lib/scripts/plugins/carouFredSel/jquery.carouFredSel-6.2.1.js?ver=4.4.2 HTTP/1.1" 200 95344 "-" "Mozilla/5.0 (compatible; bingbot/2.0; +http://www.bing.com/bingbot.htm)"
157.55.39.165 - - [24/Feb/2016:05:37:45 -0500] "GET /wp-content/themes/Melos_Pro/lib/scripts/plugins/imagesloaded/imagesloaded.js?ver=1.3.4 HTTP/1.1" 200 27336 "-" "Mozilla/5.0 (compatible; bingbot/2.0; +http://www.bing.com/bingbot.htm)"
157.55.39.165 - - [24/Feb/2016:05:37:45 -0500] "GET /wp-content/themes/Melos_Pro/lib/scripts/plugins/scrollup/jquery.scrollUp.min.js?ver=2.3.3 HTTP/1.1" 200 2151 "-" "Mozilla/5.0 (compatible; bingbot/2.0; +http://www.bing.com/bingbot.htm)"
157.55.39.165 - - [24/Feb/2016:05:37:45 -0500] "GET /wp-content/themes/Melos_Pro/lib/scripts/plugins/waypoints/waypoints.min.js?ver=2.0.3 HTTP/1.1" 200 8051 "-" "Mozilla/5.0 (compatible; bingbot/2.0; +http://www.bing.com/bingbot.htm)"
157.55.39.165 - - [24/Feb/2016:05:37:45 -0500] "GET /wp-content/themes/Melos_Pro/styles/style-shortcodes.css?ver=1.1.10 HTTP/1.1" 200 47369 "-" "Mozilla/5.0 (compatible; bingbot/2.0; +http://www.bing.com/bingbot.htm)"
157.55.39.165 - - [24/Feb/2016:05:37:45 -0500] "GET /wp-includes/js/wp-emoji-release.min.js?ver=4.4.2 HTTP/1.1" 200 33713 "-" "Mozilla/5.0 (compatible; bingbot/2.0; +http://www.bing.com/bingbot.htm)"
192.0.101.226 - - [24/Feb/2016:05:37:48 -0500] "HEAD / HTTP/1.1" 200 - "-" "jetmon/1.0 (Jetpack Site Uptime Monitor by WordPress.com)"
157.55.39.2 - - [24/Feb/2016:05:37:51 -0500] "GET /wp-content/plugins/contact-form-7/includes/js/scripts.js?ver=4.4 HTTP/1.1" 200 11819 "-" "Mozilla/5.0 (compatible; bingbot/2.0; +http://www.bing.com/bingbot.htm)"
157.55.39.2 - - [24/Feb/2016:05:37:51 -0500] "GET /2015/06/02/mongodb-world-day-2-2015/?share=twitter HTTP/1.1" 302 475 "-" "Mozilla/5.0 (compatible; bingbot/2.0; +http://www.bing.com/bingbot.htm)"
157.55.39.2 - - [24/Feb/2016:05:37:54 -0500] "GET /wp-content/plugins/jetpack/_inc/jquery.jetpack-resize.js?ver=3.9.1 HTTP/1.1" 200 8104 "-" "Mozilla/5.0 (compatible; bingbot/2.0; +http://www.bing.com/bingbot.htm)"
157.55.39.2 - - [24/Feb/2016:05:37:55 -0500] "GET /wp-content/plugins/jetpack/_inc/postmessage.js?ver=3.9.1 HTTP/1.1" 200 19615 "-" "Mozilla/5.0 (compatible; bingbot/2.0; +http://www.bing.com/bingbot.htm)"
157.55.39.2 - - [24/Feb/2016:05:37:55 -0500] "GET /wp-content/plugins/jetpack/modules/sharedaddy/sharing.js?ver=3.9.1 HTTP/1.1" 200 15152 "-" "Mozilla/5.0 (compatible; bingbot/2.0; +http://www.bing.com/bingbot.htm)"
192.0.101.226 - - [24/Feb/2016:05:38:00 -0500] "HEAD / HTTP/1.1" 200 - "-" "jetmon/1.0 (Jetpack Site Uptime Monitor by WordPress.com)"
180.76.15.30 - - [24/Feb/2016:05:38:02 -0500] "GET /wp-json/oembed/1.0/embed?url=http%3A%2F%2Fwww.agilemobiledeveloper.com%2F2013%2F05%2F01%2Fcool-new-stuff%2F HTTP/1.1" 200 2409 "-" "Mozilla/5.0 (compatible; Baiduspider/2.0; +http://www.baidu.com/search/spider.html)"
192.0.101.226 - - [24/Feb/2016:05:38:07 -0500] "HEAD / HTTP/1.1" 200 - "-" "jetmon/1.0 (Jetpack Site Uptime Monitor by WordPress.com)"
91.228.197.248 - - [24/Feb/2016:05:38:45 -0500] "GET /bg/tools.php?event=reg HTTP/1.1" 404 8472 "-" "Mozilla/5.0 (Windows NT 5.1) AppleWebKit/497.33 (KHTML, like Gecko) Chrome/1826.0.1826.147 Safari/497.33"
91.228.197.248 - - [24/Feb/2016:05:38:49 -0500] "GET /tools.php?event=reg HTTP/1.1" 404 8472 "-" "Mozilla/5.0 (Windows NT 6.1; rv:10.0) Gecko/20100101 Firefox/30.0"
91.228.197.248 - - [24/Feb/2016:05:38:53 -0500] "GET /bbs/tools.php?event=reg HTTP/1.1" 404 8472 "-" "Mozilla/5.0 (Windows NT 6.1; rv:19.0) Gecko/20100102 Firefox/32.0"
91.228.197.248 - - [24/Feb/2016:05:38:56 -0500] "GET /doska_ob/tools.php?event=reg HTTP/1.1" 404 8472 "-" "Mozilla/5.0 (Windows NT 6.1; rv:17.0) Gecko/20100101 Firefox/29.0"
91.228.197.248 - - [24/Feb/2016:05:39:00 -0500] "GET /board/tools.php?event=reg HTTP/1.1" 404 8472 "-" "Mozilla/5.0 (Windows NT 5.1) AppleWebKit/528.35 (KHTML, like Gecko) Chrome/1896.0.1896.151 Safari/528.35"
82.77.156.218 - - [24/Feb/2016:05:39:30 -0500] "GET /favicon.ico HTTP/1.1" 200 - "-" "Mozilla/5.0 (Windows NT 6.3; WOW64; rv:43.0) Gecko/20100101 Firefox/43.0"
91.121.83.118 - - [24/Feb/2016:05:39:36 -0500] "GET / HTTP/1.1" 403 202 "-" "Mozilla/5.0 (Windows NT 6.3; Win64; x64) AppleWebKit/537.36 (KHTML, like Gecko) Chrome/37.0.2049.0 Safari/537.36"
89.123.40.60 - - [24/Feb/2016:05:40:26 -0500] "GET /favicon.ico HTTP/1.1" 200 - "-" "Mozilla/5.0 (Windows NT 6.3; WOW64; rv:43.0) Gecko/20100101 Firefox/43.0"
208.115.113.85 - - [24/Feb/2016:05:41:05 -0500] "GET /robots.txt HTTP/1.1" 406 261 "-" "Mozilla/5.0 (compatible; DotBot/1.1; http://www.opensiteexplorer.org/dotbot, help@moz.com)"
50.28.55.90 - - [24/Feb/2016:05:41:13 -0500] "GET /feed/ HTTP/1.1" 200 129465 "-" "Mozilla/5.0 (Windows NT 6.3; Win64; x64) AppleWebKit/537.36 (KHTML, like Gecko) Chrome/37.0.2049.0 Safari/537.36"
65.19.167.132 - - [24/Feb/2016:05:41:49 -0500] "GET / HTTP/1.1" 301 235 "http://burger-imperia.com/" "Mozilla/5.0 (X11; Linux x86_64) AppleWebKit/537.36 (KHTML, like Gecko) Chrome/37.0.2062.120 Safari/537.36"
65.19.167.132 - - [24/Feb/2016:05:41:52 -0500] "GET / HTTP/1.1" 200 12840 "http://burger-imperia.com/" "Mozilla/5.0 (X11; Linux x86_64) AppleWebKit/537.36 (KHTML, like Gecko) Chrome/37.0.2062.120 Safari/537.36"
199.16.156.126 - - [24/Feb/2016:05:41:57 -0500] "GET /robots.txt HTTP/1.1" 200 167 "-" "Twitterbot/1.0"
199.16.156.126 - - [24/Feb/2016:05:42:00 -0500] "GET /2015/11/04/setting-up-a-standalone-apache-spark-1-5-1-cluster-on-ubuntu/ HTTP/1.1" 200 74094 "-" "Twitterbot/1.0"
192.0.84.33 - - [24/Feb/2016:05:42:09 -0500] "HEAD / HTTP/1.1" 200 - "-" "jetmon/1.0 (Jetpack Site Uptime Monitor by WordPress.com)"
192.0.84.33 - - [24/Feb/2016:05:42:12 -0500] "HEAD / HTTP/1.1" 200 - "-" "jetmon/1.0 (Jetpack Site Uptime Monitor by WordPress.com)"
192.0.101.226 - - [24/Feb/2016:05:42:36 -0500] "HEAD / HTTP/1.1" 200 - "-" "jetmon/1.0 (Jetpack Site Uptime Monitor by WordPress.com)"
192.0.101.226 - - [24/Feb/2016:05:42:44 -0500] "HEAD / HTTP/1.1" 200 - "-" "jetmon/1.0 (Jetpack Site Uptime Monitor by WordPress.com)"
192.0.101.226 - - [24/Feb/2016:05:43:03 -0500] "HEAD / HTTP/1.1" 200 - "-" "jetmon/1.0 (Jetpack Site Uptime Monitor by WordPress.com)"
192.0.101.226 - - [24/Feb/2016:05:43:09 -0500] "HEAD / HTTP/1.1" 200 - "-" "jetmon/1.0 (Jetpack Site Uptime Monitor by WordPress.com)"
107.170.119.178 - - [24/Feb/2016:05:43:56 -0500] "GET /feed/ HTTP/1.1" 200 129465 "-" "Feedbin feed-id:1015889 - 1 subscribers"
192.0.84.33 - - [24/Feb/2016:05:47:07 -0500] "HEAD / HTTP/1.1" 200 - "-" "jetmon/1.0 (Jetpack Site Uptime Monitor by WordPress.com)"
192.0.84.33 - - [24/Feb/2016:05:47:16 -0500] "HEAD / HTTP/1.1" 200 - "-" "jetmon/1.0 (Jetpack Site Uptime Monitor by WordPress.com)"
192.0.101.226 - - [24/Feb/2016:05:47:42 -0500] "HEAD / HTTP/1.1" 200 - "-" "jetmon/1.0 (Jetpack Site Uptime Monitor by WordPress.com)"
192.0.101.226 - - [24/Feb/2016:05:47:44 -0500] "HEAD / HTTP/1.1" 200 - "-" "jetmon/1.0 (Jetpack Site Uptime Monitor by WordPress.com)"
65.254.225.145 - - [24/Feb/2016:05:47:43 -0500] "POST /wp-cron.php?doing_wp_cron=1456310862.9956469535827636718750 HTTP/1.1" 200 - "-" "WordPress/4.3.3; http://www.dogshitsecurity.work"
192.0.101.226 - - [24/Feb/2016:05:48:01 -0500] "HEAD / HTTP/1.1" 200 - "-" "jetmon/1.0 (Jetpack Site Uptime Monitor by WordPress.com)"
65.254.225.145 - - [24/Feb/2016:05:48:02 -0500] "POST /wp-cron.php?doing_wp_cron=1456310882.1150369644165039062500 HTTP/1.1" 200 - "-" "WordPress/4.3.3; http://www.occultscienceindustries.com"
192.0.101.226 - - [24/Feb/2016:05:48:08 -0500] "HEAD / HTTP/1.1" 200 - "-" "jetmon/1.0 (Jetpack Site Uptime Monitor by WordPress.com)"
157.55.39.97 - - [24/Feb/2016:05:49:24 -0500] "GET /2013/04/ HTTP/1.1" 200 25654 "-" "Mozilla/5.0 (compatible; bingbot/2.0; +http://www.bing.com/bingbot.htm)"
66.102.9.4 - - [24/Feb/2016:05:50:07 -0500] "GET /favicon.ico HTTP/1.1" 200 - "-" "Mozilla/5.0 (Windows NT 6.1; rv:6.0) Gecko/20110814 Firefox/6.0 Google Favicon"
46.148.18.162 - - [24/Feb/2016:05:50:48 -0500] "POST /xmlrpc.php HTTP/1.1" 200 447 "http://baconlandia.com/xmlrpc.php" "Mozilla/5.0 (X11; U; Linux i686 (x86_64); en-US; rv:1.8.1.11) Gecko/20080109 (Charlotte/0.9t; http://www.searchme.com/support/) (Charlotte/0.9t; http://www.searchme.com/support/)"
104.233.108.86 - - [24/Feb/2016:05:51:08 -0500] "HEAD /2015/11/04/setting-up-a-standalone-apache-spark-1-5-1-cluster-on-ubuntu/ HTTP/1.1" 200 - "-" "curl/7.38.0"
104.233.108.86 - - [24/Feb/2016:05:51:10 -0500] "HEAD /2015/11/04/setting-up-a-standalone-apache-spark-1-5-1-cluster-on-ubuntu/ HTTP/1.1" 200 - "-" "Mozilla/5.0 (Windows NT 6.1; rv:38.0) Gecko/20100101 Firefox/38.0"
104.233.108.86 - - [24/Feb/2016:05:51:11 -0500] "GET /2015/11/04/setting-up-a-standalone-apache-spark-1-5-1-cluster-on-ubuntu/ HTTP/1.1" 200 74094 "-" "Mozilla/5.0 (Windows NT 6.1; rv:38.0) Gecko/20100101 Firefox/38.0"
192.0.117.242 - - [24/Feb/2016:05:51:19 -0500] "GET /wp-content/uploads/2013/05/eclipse.png HTTP/1.1" 404 8472 "-" "Photon/1.0"
192.0.84.33 - - [24/Feb/2016:05:52:09 -0500] "HEAD / HTTP/1.1" 200 - "-" "jetmon/1.0 (Jetpack Site Uptime Monitor by WordPress.com)"
192.0.84.33 - - [24/Feb/2016:05:52:13 -0500] "HEAD / HTTP/1.1" 200 - "-" "jetmon/1.0 (Jetpack Site Uptime Monitor by WordPress.com)"
192.0.101.226 - - [24/Feb/2016:05:52:36 -0500] "HEAD / HTTP/1.1" 200 - "-" "jetmon/1.0 (Jetpack Site Uptime Monitor by WordPress.com)"
192.0.101.226 - - [24/Feb/2016:05:52:45 -0500] "HEAD / HTTP/1.1" 200 - "-" "jetmon/1.0 (Jetpack Site Uptime Monitor by WordPress.com)"
65.254.225.145 - - [24/Feb/2016:05:53:03 -0500] "POST /wp-cron.php?doing_wp_cron=1456311183.7056999206542968750000 HTTP/1.1" 200 - "-" "WordPress/4.3.3; http://www.occultscienceindustries.com"
192.0.101.226 - - [24/Feb/2016:05:53:02 -0500] "HEAD / HTTP/1.1" 200 - "-" "jetmon/1.0 (Jetpack Site Uptime Monitor by WordPress.com)"
192.0.101.226 - - [24/Feb/2016:05:53:10 -0500] "HEAD / HTTP/1.1" 200 - "-" "jetmon/1.0 (Jetpack Site Uptime Monitor by WordPress.com)"
46.119.123.238 - - [24/Feb/2016:05:54:44 -0500] "GET / HTTP/1.1" 200 92050 "http://aftermarket.afora.ru/" "Mozilla/4.0 (compatible; MSIE 6.0; Windows NT 5.1)"
46.119.123.238 - - [24/Feb/2016:05:54:45 -0500] "GET / HTTP/1.1" 200 92050 "http://aftermarket.afora.ru/" "Mozilla/4.0 (compatible; MSIE 6.0; Windows NT 5.1)"
46.119.123.238 - - [24/Feb/2016:05:54:46 -0500] "GET / HTTP/1.1" 200 92050 "http://aftermarket.afora.ru/" "Mozilla/4.0 (compatible; MSIE 6.0; Windows NT 5.1)"
91.121.100.66 - - [24/Feb/2016:05:56:53 -0500] "GET //wp-login.php HTTP/1.1" 403 3110 "-" "Mozilla/5.0 (Macintosh; Intel Mac OS X 10.10; rv:43.0) Gecko/20100101 Firefox/43.0"
192.0.84.33 - - [24/Feb/2016:05:57:06 -0500] "HEAD / HTTP/1.1" 200 - "-" "jetmon/1.0 (Jetpack Site Uptime Monitor by WordPress.com)"
192.0.84.33 - - [24/Feb/2016:05:57:12 -0500] "HEAD / HTTP/1.1" 200 - "-" "jetmon/1.0 (Jetpack Site Uptime Monitor by WordPress.com)"
107.170.102.81 - - [24/Feb/2016:05:57:33 -0500] "GET /feed/ HTTP/1.1" 200 129465 "-" "Feedbin feed-id:1015889 - 1 subscribers"
192.0.101.226 - - [24/Feb/2016:05:57:39 -0500] "HEAD / HTTP/1.1" 200 - "-" "jetmon/1.0 (Jetpack Site Uptime Monitor by WordPress.com)"
65.254.225.145 - - [24/Feb/2016:05:57:39 -0500] "POST /wp-cron.php?doing_wp_cron=1456311459.7367310523986816406250 HTTP/1.1" 200 - "-" "WordPress/4.2.7; http://www.devopscops.xyz"
192.0.101.226 - - [24/Feb/2016:05:57:42 -0500] "HEAD / HTTP/1.1" 200 - "-" "jetmon/1.0 (Jetpack Site Uptime Monitor by WordPress.com)"
192.0.101.226 - - [24/Feb/2016:05:58:02 -0500] "HEAD / HTTP/1.1" 200 - "-" "jetmon/1.0 (Jetpack Site Uptime Monitor by WordPress.com)"
192.0.101.226 - - [24/Feb/2016:05:58:11 -0500] "HEAD / HTTP/1.1" 200 - "-" "jetmon/1.0 (Jetpack Site Uptime Monitor by WordPress.com)"
94.158.95.124 - - [24/Feb/2016:05:59:45 -0500] "GET / HTTP/1.1" 200 92050 "http://creativelabs.biz" "Mozilla/5.0 (Windows NT 5.1) AppleWebKit/537.36 (KHTML, like Gecko) Chrome/45.0.2454.101 Safari/537.36"
94.158.95.124 - - [24/Feb/2016:05:59:49 -0500] "GET / HTTP/1.1" 200 92050 "http://creativelabs.biz" "Mozilla/5.0 (Windows NT 6.1; rv:40.0) Gecko/20100101 Firefox/40.0"
94.158.95.124 - - [24/Feb/2016:05:59:51 -0500] "GET / HTTP/1.1" 200 92050 "http://creativelabs.biz" "Mozilla/5.0 (Windows NT 6.3; WOW64) AppleWebKit/537.36 (KHTML, like Gecko) Chrome/45.0.2454.101 Safari/537.36"
94.158.95.124 - - [24/Feb/2016:05:59:53 -0500] "GET / HTTP/1.1" 200 92050 "http://creativelabs.biz" "Mozilla/5.0 (Windows NT 6.3; WOW64) AppleWebKit/537.36 (KHTML, like Gecko) Chrome/45.0.2454.99 Safari/537.36"
107.21.1.8 - - [24/Feb/2016:06:00:31 -0500] "GET / HTTP/1.1" 200 129444 "http://www.agilemobiledeveloper.com/" "Mozilla/5.0 (compatible; DuckDuckGo-Favicons-Bot/1.0; +http://duckduckgo.com)"
107.21.1.8 - - [24/Feb/2016:06:00:33 -0500] "GET /favicon.ico HTTP/1.1" 200 - "http://www.agilemobiledeveloper.com/favicon.ico" "Mozilla/5.0 (compatible; DuckDuckGo-Favicons-Bot/1.0; +http://duckduckgo.com)"
192.0.84.33 - - [24/Feb/2016:06:02:07 -0500] "HEAD / HTTP/1.1" 200 - "-" "jetmon/1.0 (Jetpack Site Uptime Monitor by WordPress.com)"
192.0.84.33 - - [24/Feb/2016:06:02:17 -0500] "HEAD / HTTP/1.1" 200 - "-" "jetmon/1.0 (Jetpack Site Uptime Monitor by WordPress.com)"
192.0.101.226 - - [24/Feb/2016:06:02:40 -0500] "HEAD / HTTP/1.1" 200 - "-" "jetmon/1.0 (Jetpack Site Uptime Monitor by WordPress.com)"
65.254.225.145 - - [24/Feb/2016:06:02:50 -0500] "POST /wp-cron.php?doing_wp_cron=1456311770.1698501110076904296875 HTTP/1.1" 200 - "-" "WordPress/4.3.3; http://www.dogshitsecurity.work"
192.0.101.226 - - [24/Feb/2016:06:02:49 -0500] "HEAD / HTTP/1.1" 200 - "-" "jetmon/1.0 (Jetpack Site Uptime Monitor by WordPress.com)"
192.0.101.226 - - [24/Feb/2016:06:03:10 -0500] "HEAD / HTTP/1.1" 200 - "-" "jetmon/1.0 (Jetpack Site Uptime Monitor by WordPress.com)"
192.0.101.226 - - [24/Feb/2016:06:03:12 -0500] "HEAD / HTTP/1.1" 200 - "-" "jetmon/1.0 (Jetpack Site Uptime Monitor by WordPress.com)"
157.55.39.31 - - [24/Feb/2016:06:04:22 -0500] "GET /feed/ HTTP/1.1" 200 129465 "-" "Mozilla/5.0 (compatible; bingbot/2.0; +http://www.bing.com/bingbot.htm)"
