192.0.84.33 - - [24/Feb/2016:00:02:12 -0500] "HEAD / HTTP/1.1" 200 - "-" "jetmon/1.0 (Jetpack Site Uptime Monitor by WordPress.com)"
192.0.84.33 - - [24/Feb/2016:00:02:15 -0500] "HEAD / HTTP/1.1" 200 - "-" "jetmon/1.0 (Jetpack Site Uptime Monitor by WordPress.com)"
192.0.101.226 - - [24/Feb/2016:00:02:38 -0500] "HEAD / HTTP/1.1" 200 - "-" "jetmon/1.0 (Jetpack Site Uptime Monitor by WordPress.com)"
192.0.101.226 - - [24/Feb/2016:00:02:39 -0500] "HEAD / HTTP/1.1" 200 - "-" "jetmon/1.0 (Jetpack Site Uptime Monitor by WordPress.com)"
65.254.225.145 - - [24/Feb/2016:00:02:40 -0500] "POST /wp-cron.php?doing_wp_cron=1456290160.6154010295867919921875 HTTP/1.1" 200 - "-" "WordPress/4.3.3; http://www.security.work"
192.0.101.226 - - [24/Feb/2016:00:03:03 -0500] "HEAD / HTTP/1.1" 200 - "-" "jetmon/1.0 (Jetpack Site Uptime Monitor by WordPress.com)"
51.255.65.85 - - [24/Feb/2016:00:03:17 -0500] "GET /feed/ HTTP/1.1" 200 129465 "-" "Mozilla/5.0 (compatible; AhrefsBot/5.0; +http://ahrefs.com/robot/)"
192.0.101.226 - - [24/Feb/2016:00:03:17 -0500] "HEAD / HTTP/1.1" 200 - "-" "jetmon/1.0 (Jetpack Site Uptime Monitor by WordPress.com)"
92.247.181.31 - - [24/Feb/2016:00:05:16 -0500] "GET /feed/ HTTP/1.1" 200 179372 "http://sparkdeveloper.com/" "Mozilla/5.0 (compatible; inoreader.com-like FeedFetcher-Google)"
68.180.229.154 - - [24/Feb/2016:00:05:46 -0500] "GET /2015/11/26/hawt/feed/ HTTP/1.1" 200 746 "-" "Mozilla/5.0 (compatible; Yahoo! Slurp; http://help.yahoo.com/help/us/ysearch/slurp)"
180.76.15.32 - - [24/Feb/2016:00:05:52 -0500] "GET / HTTP/1.1" 200 129444 "-" "Mozilla/5.0 (compatible; Baiduspider/2.0; +http://www.baidu.com/search/spider.html)"
192.0.84.33 - - [24/Feb/2016:00:07:07 -0500] "HEAD / HTTP/1.1" 200 - "-" "jetmon/1.0 (Jetpack Site Uptime Monitor by WordPress.com)"
192.0.84.33 - - [24/Feb/2016:00:07:10 -0500] "HEAD / HTTP/1.1" 200 - "-" "jetmon/1.0 (Jetpack Site Uptime Monitor by WordPress.com)"
192.0.101.226 - - [24/Feb/2016:00:07:39 -0500] "HEAD / HTTP/1.1" 200 - "-" "jetmon/1.0 (Jetpack Site Uptime Monitor by WordPress.com)"
192.0.101.226 - - [24/Feb/2016:00:07:41 -0500] "HEAD / HTTP/1.1" 200 - "-" "jetmon/1.0 (Jetpack Site Uptime Monitor by WordPress.com)"
192.0.101.226 - - [24/Feb/2016:00:08:02 -0500] "HEAD / HTTP/1.1" 200 - "-" "jetmon/1.0 (Jetpack Site Uptime Monitor by WordPress.com)"
192.0.101.226 - - [24/Feb/2016:00:08:05 -0500] "HEAD / HTTP/1.1" 200 - "-" "jetmon/1.0 (Jetpack Site Uptime Monitor by WordPress.com)"
107.170.91.224 - - [24/Feb/2016:00:08:45 -0500] "GET /feed/ HTTP/1.1" 200 129465 "-" "Feedbin feed-id:1015889 - 1 subscribers"
114.200.179.85 - - [24/Feb/2016:00:09:59 -0500] "GET / HTTP/1.1" 200 91966 "https://www.google.co.kr/" "Mozilla/5.0 (Windows NT 10.0; WOW64) AppleWebKit/537.36 (KHTML, like Gecko) Chrome/49.0.2623.54 Safari/537.36"
114.200.179.85 - - [24/Feb/2016:00:10:01 -0500] "GET /wp-content/plugins/sociable/css/sociable.css?ver=4.4.2 HTTP/1.1" 200 5949 "http://sparkdeveloper.com/" "Mozilla/5.0 (Windows NT 10.0; WOW64) AppleWebKit/537.36 (KHTML, like Gecko) Chrome/49.0.2623.54 Safari/537.36"
114.200.179.85 - - [24/Feb/2016:00:10:02 -0500] "GET /wp-includes/js/mediaelement/mediaelementplayer.min.css?ver=2.18.1 HTTP/1.1" 200 20163 "http://sparkdeveloper.com/" "Mozilla/5.0 (Windows NT 10.0; WOW64) AppleWebKit/537.36 (KHTML, like Gecko) Chrome/49.0.2623.54 Safari/537.36"
114.200.179.85 - - [24/Feb/2016:00:10:02 -0500] "GET /wp-includes/js/mediaelement/wp-mediaelement.css?ver=4.4.2 HTTP/1.1" 200 5279 "http://sparkdeveloper.com/" "Mozilla/5.0 (Windows NT 10.0; WOW64) AppleWebKit/537.36 (KHTML, like Gecko) Chrome/49.0.2623.54 Safari/537.36"
114.200.179.85 - - [24/Feb/2016:00:10:02 -0500] "GET /wp-content/themes/sundance/style.css?ver=4.4.2 HTTP/1.1" 200 32587 "http://sparkdeveloper.com/" "Mozilla/5.0 (Windows NT 10.0; WOW64) AppleWebKit/537.36 (KHTML, like Gecko) Chrome/49.0.2623.54 Safari/537.36"
114.200.179.85 - - [24/Feb/2016:00:10:02 -0500] "GET /wp-content/plugins/jetpack/css/jetpack.css?ver=3.9.1 HTTP/1.1" 200 57220 "http://sparkdeveloper.com/" "Mozilla/5.0 (Windows NT 10.0; WOW64) AppleWebKit/537.36 (KHTML, like Gecko) Chrome/49.0.2623.54 Safari/537.36"
114.200.179.85 - - [24/Feb/2016:00:10:02 -0500] "GET /wp-includes/js/jquery/jquery.js?ver=1.11.3 HTTP/1.1" 200 95977 "http://sparkdeveloper.com/" "Mozilla/5.0 (Windows NT 10.0; WOW64) AppleWebKit/537.36 (KHTML, like Gecko) Chrome/49.0.2623.54 Safari/537.36"
114.200.179.85 - - [24/Feb/2016:00:10:02 -0500] "GET /wp-includes/js/jquery/jquery-migrate.min.js?ver=1.2.1 HTTP/1.1" 200 7200 "http://sparkdeveloper.com/" "Mozilla/5.0 (Windows NT 10.0; WOW64) AppleWebKit/537.36 (KHTML, like Gecko) Chrome/49.0.2623.54 Safari/537.36"
114.200.179.85 - - [24/Feb/2016:00:10:02 -0500] "GET /wp-content/plugins/sociable/js/sociable.js?ver=4.4.2 HTTP/1.1" 200 1959 "http://sparkdeveloper.com/" "Mozilla/5.0 (Windows NT 10.0; WOW64) AppleWebKit/537.36 (KHTML, like Gecko) Chrome/49.0.2623.54 Safari/537.36"
114.200.179.85 - - [24/Feb/2016:00:10:02 -0500] "GET /wp-content/plugins/sociable/js/vuible.js?ver=4.4.2 HTTP/1.1" 200 370 "http://sparkdeveloper.com/" "Mozilla/5.0 (Windows NT 10.0; WOW64) AppleWebKit/537.36 (KHTML, like Gecko) Chrome/49.0.2623.54 Safari/537.36"
114.200.179.85 - - [24/Feb/2016:00:10:03 -0500] "GET /wp-content/plugins/sociable/js/addtofavorites.js?ver=4.4.2 HTTP/1.1" 200 602 "http://sparkdeveloper.com/" "Mozilla/5.0 (Windows NT 10.0; WOW64) AppleWebKit/537.36 (KHTML, like Gecko) Chrome/49.0.2623.54 Safari/537.36"
114.200.179.85 - - [24/Feb/2016:00:10:03 -0500] "GET /wp-content/plugins/jetpack/_inc/spin.js?ver=1.3 HTTP/1.1" 200 10197 "http://sparkdeveloper.com/" "Mozilla/5.0 (Windows NT 10.0; WOW64) AppleWebKit/537.36 (KHTML, like Gecko) Chrome/49.0.2623.54 Safari/537.36"
114.200.179.85 - - [24/Feb/2016:00:10:03 -0500] "GET /wp-content/plugins/jetpack/_inc/jquery.spin.js?ver=1.3 HTTP/1.1" 200 3330 "http://sparkdeveloper.com/" "Mozilla/5.0 (Windows NT 10.0; WOW64) AppleWebKit/537.36 (KHTML, like Gecko) Chrome/49.0.2623.54 Safari/537.36"
114.200.179.85 - - [24/Feb/2016:00:10:03 -0500] "GET /wp-content/plugins/jetpack/modules/tiled-gallery/tiled-gallery/tiled-gallery.js?ver=4.4.2 HTTP/1.1" 200 5407 "http://sparkdeveloper.com/" "Mozilla/5.0 (Windows NT 10.0; WOW64) AppleWebKit/537.36 (KHTML, like Gecko) Chrome/49.0.2623.54 Safari/537.36"
114.200.179.85 - - [24/Feb/2016:00:10:03 -0500] "GET /wp-content/plugins/jetpack/modules/infinite-scroll/infinity.js?ver=20141016 HTTP/1.1" 200 20844 "http://sparkdeveloper.com/" "Mozilla/5.0 (Windows NT 10.0; WOW64) AppleWebKit/537.36 (KHTML, like Gecko) Chrome/49.0.2623.54 Safari/537.36"
114.200.179.85 - - [24/Feb/2016:00:10:03 -0500] "GET /wp-content/plugins/jetpack/modules/shortcodes/js/jquery.cycle.js?ver=2.9999.8 HTTP/1.1" 200 52470 "http://sparkdeveloper.com/" "Mozilla/5.0 (Windows NT 10.0; WOW64) AppleWebKit/537.36 (KHTML, like Gecko) Chrome/49.0.2623.54 Safari/537.36"
114.200.179.85 - - [24/Feb/2016:00:10:03 -0500] "GET /wp-content/plugins/jetpack/modules/shortcodes/js/slideshow-shortcode.js?ver=20121214.1 HTTP/1.1" 200 5579 "http://sparkdeveloper.com/" "Mozilla/5.0 (Windows NT 10.0; WOW64) AppleWebKit/537.36 (KHTML, like Gecko) Chrome/49.0.2623.54 Safari/537.36"
114.200.179.85 - - [24/Feb/2016:00:10:03 -0500] "GET /wp-content/plugins/jetpack/modules/photon/photon.js?ver=20130122 HTTP/1.1" 200 1378 "http://sparkdeveloper.com/" "Mozilla/5.0 (Windows NT 10.0; WOW64) AppleWebKit/537.36 (KHTML, like Gecko) Chrome/49.0.2623.54 Safari/537.36"
114.200.179.85 - - [24/Feb/2016:00:10:03 -0500] "GET /wp-content/plugins/jetpack/modules/carousel/jetpack-carousel.js?ver=20140505 HTTP/1.1" 200 54022 "http://sparkdeveloper.com/" "Mozilla/5.0 (Windows NT 10.0; WOW64) AppleWebKit/537.36 (KHTML, like Gecko) Chrome/49.0.2623.54 Safari/537.36"
114.200.179.85 - - [24/Feb/2016:00:10:03 -0500] "GET /wp-includes/js/mediaelement/mediaelement-and-player.min.js?ver=2.18.1 HTTP/1.1" 200 80660 "http://sparkdeveloper.com/" "Mozilla/5.0 (Windows NT 10.0; WOW64) AppleWebKit/537.36 (KHTML, like Gecko) Chrome/49.0.2623.54 Safari/537.36"
114.200.179.85 - - [24/Feb/2016:00:10:03 -0500] "GET /wp-includes/js/mediaelement/wp-mediaelement.js?ver=4.4.2 HTTP/1.1" 200 1537 "http://sparkdeveloper.com/" "Mozilla/5.0 (Windows NT 10.0; WOW64) AppleWebKit/537.36 (KHTML, like Gecko) Chrome/49.0.2623.54 Safari/537.36"
114.200.179.85 - - [24/Feb/2016:00:10:03 -0500] "GET /wp-content/plugins/jetpack/modules/wpgroho.js?ver=4.4.2 HTTP/1.1" 200 1015 "http://sparkdeveloper.com/" "Mozilla/5.0 (Windows NT 10.0; WOW64) AppleWebKit/537.36 (KHTML, like Gecko) Chrome/49.0.2623.54 Safari/537.36"
114.200.179.85 - - [24/Feb/2016:00:10:03 -0500] "GET /wp-content/themes/sundance/js/small-menu.js?ver=20120305 HTTP/1.1" 200 1254 "http://sparkdeveloper.com/" "Mozilla/5.0 (Windows NT 10.0; WOW64) AppleWebKit/537.36 (KHTML, like Gecko) Chrome/49.0.2623.54 Safari/537.36"
114.200.179.85 - - [24/Feb/2016:00:10:04 -0500] "GET /wp-content/themes/sundance/js/theme.js?ver=20120213 HTTP/1.1" 200 490 "http://sparkdeveloper.com/" "Mozilla/5.0 (Windows NT 10.0; WOW64) AppleWebKit/537.36 (KHTML, like Gecko) Chrome/49.0.2623.54 Safari/537.36"
114.200.179.85 - - [24/Feb/2016:00:10:04 -0500] "GET /wp-content/themes/sundance/js/jquery.flexslider.js?ver=20120903 HTTP/1.1" 200 39596 "http://sparkdeveloper.com/" "Mozilla/5.0 (Windows NT 10.0; WOW64) AppleWebKit/537.36 (KHTML, like Gecko) Chrome/49.0.2623.54 Safari/537.36"
114.200.179.85 - - [24/Feb/2016:00:10:04 -0500] "GET /wp-includes/js/wp-embed.min.js?ver=4.4.2 HTTP/1.1" 200 1518 "http://sparkdeveloper.com/" "Mozilla/5.0 (Windows NT 10.0; WOW64) AppleWebKit/537.36 (KHTML, like Gecko) Chrome/49.0.2623.54 Safari/537.36"
114.200.179.85 - - [24/Feb/2016:00:10:04 -0500] "GET /wp-includes/js/wp-emoji-release.min.js?ver=4.4.2 HTTP/1.1" 200 33713 "http://sparkdeveloper.com/" "Mozilla/5.0 (Windows NT 10.0; WOW64) AppleWebKit/537.36 (KHTML, like Gecko) Chrome/49.0.2623.54 Safari/537.36"
114.200.179.85 - - [24/Feb/2016:00:10:04 -0500] "GET /wp-content/uploads/2015/03/battle.jpg HTTP/1.1" 200 90966 "http://sparkdeveloper.com/" "Mozilla/5.0 (Windows NT 10.0; WOW64) AppleWebKit/537.36 (KHTML, like Gecko) Chrome/49.0.2623.54 Safari/537.36"
114.200.179.85 - - [24/Feb/2016:00:10:04 -0500] "GET /wp-includes/images/rss.png HTTP/1.1" 200 608 "http://sparkdeveloper.com/" "Mozilla/5.0 (Windows NT 10.0; WOW64) AppleWebKit/537.36 (KHTML, like Gecko) Chrome/49.0.2623.54 Safari/537.36"
114.200.179.85 - - [24/Feb/2016:00:10:04 -0500] "GET /wp-content/themes/sundance/images/bg.jpg HTTP/1.1" 200 497 "http://sparkdeveloper.com/" "Mozilla/5.0 (Windows NT 10.0; WOW64) AppleWebKit/537.36 (KHTML, like Gecko) Chrome/49.0.2623.54 Safari/537.36"
114.200.179.85 - - [24/Feb/2016:00:10:23 -0500] "GET /favicon.ico HTTP/1.1" 200 - "http://sparkdeveloper.com/" "Mozilla/5.0 (Windows NT 10.0; WOW64) AppleWebKit/537.36 (KHTML, like Gecko) Chrome/49.0.2623.54 Safari/537.36"
180.76.15.22 - - [24/Feb/2016:00:10:45 -0500] "GET /2014/10/ HTTP/1.1" 200 16448 "-" "Mozilla/5.0 (compatible; Baiduspider/2.0; +http://www.baidu.com/search/spider.html)"
54.165.176.73 - - [24/Feb/2016:00:11:11 -0500] "GET /feed/ HTTP/1.1" 304 - "-" "python-requests/2.5.0 CPython/2.7.9 Linux/3.14.20-20.44.amzn1.x86_64"
94.158.95.124 - - [24/Feb/2016:00:11:58 -0500] "GET / HTTP/1.1" 200 91966 "http://creativelabs.biz" "Mozilla/5.0 (Windows NT 10.0; WOW64; rv:40.0) Gecko/20100101 Firefox/40.0"
94.158.95.124 - - [24/Feb/2016:00:12:01 -0500] "GET / HTTP/1.1" 200 91966 "http://creativelabs.biz" "Mozilla/5.0 (Windows NT 6.1; WOW64) AppleWebKit/537.36 (KHTML, like Gecko) Chrome/45.0.2454.93 Safari/537.36"
94.158.95.124 - - [24/Feb/2016:00:12:03 -0500] "GET / HTTP/1.1" 200 91966 "http://creativelabs.biz" "Mozilla/5.0 (Windows NT 6.1) AppleWebKit/537.36 (KHTML, like Gecko) Chrome/45.0.2454.99 Safari/537.36"
94.158.95.124 - - [24/Feb/2016:00:12:04 -0500] "GET / HTTP/1.1" 200 91966 "http://creativelabs.biz" "Mozilla/5.0 (Windows NT 10.0; WOW64) AppleWebKit/537.36 (KHTML, like Gecko) Chrome/45.0.2454.101 Safari/537.36"
192.0.84.33 - - [24/Feb/2016:00:12:06 -0500] "HEAD / HTTP/1.1" 200 - "-" "jetmon/1.0 (Jetpack Site Uptime Monitor by WordPress.com)"
192.0.84.33 - - [24/Feb/2016:00:12:20 -0500] "HEAD / HTTP/1.1" 200 - "-" "jetmon/1.0 (Jetpack Site Uptime Monitor by WordPress.com)"
65.254.225.145 - - [24/Feb/2016:00:12:22 -0500] "POST /wp-cron.php?doing_wp_cron=1456290742.7452800273895263671875 HTTP/1.1" 200 - "-" "WordPress/4.4.2; http://www.mongodbdev.com"
192.0.101.226 - - [24/Feb/2016:00:12:39 -0500] "HEAD / HTTP/1.1" 200 - "-" "jetmon/1.0 (Jetpack Site Uptime Monitor by WordPress.com)"
192.0.101.226 - - [24/Feb/2016:00:12:44 -0500] "HEAD / HTTP/1.1" 200 - "-" "jetmon/1.0 (Jetpack Site Uptime Monitor by WordPress.com)"
192.0.101.226 - - [24/Feb/2016:00:13:02 -0500] "HEAD / HTTP/1.1" 200 - "-" "jetmon/1.0 (Jetpack Site Uptime Monitor by WordPress.com)"
192.0.101.226 - - [24/Feb/2016:00:13:02 -0500] "HEAD / HTTP/1.1" 200 - "-" "jetmon/1.0 (Jetpack Site Uptime Monitor by WordPress.com)"
157.55.39.233 - - [24/Feb/2016:00:14:08 -0500] "GET /sitemap.xml HTTP/1.1" 200 58963 "-" "Mozilla/5.0 (compatible; bingbot/2.0; +http://www.bing.com/bingbot.htm)"
68.180.228.42 - - [24/Feb/2016:00:14:32 -0500] "GET /2015/11/29/apache-spark-recent-links/ HTTP/1.1" 200 68400 "-" "Mozilla/5.0 (compatible; Yahoo! Slurp; http://help.yahoo.com/help/us/ysearch/slurp)"
65.254.225.145 - - [24/Feb/2016:00:15:26 -0500] "POST /wp-cron.php?doing_wp_cron=1456290926.5574789047241210937500 HTTP/1.1" 200 - "-" "WordPress/4.4.2; http://www.agilemobiledeveloper.com"
1.22.46.232 - - [24/Feb/2016:00:15:49 -0500] "GET /2015/03/19/apache-spark-quick-guide/ HTTP/1.1" 200 80937 "https://www.google.co.in/" "Mozilla/5.0 (Windows NT 6.3; WOW64) AppleWebKit/537.36 (KHTML, like Gecko) Chrome/48.0.2564.116 Safari/537.36"
1.22.46.232 - - [24/Feb/2016:00:15:50 -0500] "GET /wp-content/plugins/sociable/css/sociable.css?ver=4.4.2 HTTP/1.1" 200 5949 "http://sparkdeveloper.com/2015/03/19/apache-spark-quick-guide/" "Mozilla/5.0 (Windows NT 6.3; WOW64) AppleWebKit/537.36 (KHTML, like Gecko) Chrome/48.0.2564.116 Safari/537.36"
1.22.46.232 - - [24/Feb/2016:00:15:51 -0500] "GET /wp-content/themes/sundance/style.css?ver=4.4.2 HTTP/1.1" 200 32587 "http://sparkdeveloper.com/2015/03/19/apache-spark-quick-guide/" "Mozilla/5.0 (Windows NT 6.3; WOW64) AppleWebKit/537.36 (KHTML, like Gecko) Chrome/48.0.2564.116 Safari/537.36"
1.22.46.232 - - [24/Feb/2016:00:15:51 -0500] "GET /wp-content/plugins/jetpack/css/jetpack.css?ver=3.9.1 HTTP/1.1" 200 57220 "http://sparkdeveloper.com/2015/03/19/apache-spark-quick-guide/" "Mozilla/5.0 (Windows NT 6.3; WOW64) AppleWebKit/537.36 (KHTML, like Gecko) Chrome/48.0.2564.116 Safari/537.36"
1.22.46.232 - - [24/Feb/2016:00:15:51 -0500] "GET /wp-includes/js/jquery/jquery.js?ver=1.11.3 HTTP/1.1" 200 95977 "http://sparkdeveloper.com/2015/03/19/apache-spark-quick-guide/" "Mozilla/5.0 (Windows NT 6.3; WOW64) AppleWebKit/537.36 (KHTML, like Gecko) Chrome/48.0.2564.116 Safari/537.36"
1.22.46.232 - - [24/Feb/2016:00:15:51 -0500] "GET /wp-includes/js/jquery/jquery-migrate.min.js?ver=1.2.1 HTTP/1.1" 200 7200 "http://sparkdeveloper.com/2015/03/19/apache-spark-quick-guide/" "Mozilla/5.0 (Windows NT 6.3; WOW64) AppleWebKit/537.36 (KHTML, like Gecko) Chrome/48.0.2564.116 Safari/537.36"
1.22.46.232 - - [24/Feb/2016:00:15:51 -0500] "GET /wp-content/plugins/sociable/js/sociable.js?ver=4.4.2 HTTP/1.1" 200 1959 "http://sparkdeveloper.com/2015/03/19/apache-spark-quick-guide/" "Mozilla/5.0 (Windows NT 6.3; WOW64) AppleWebKit/537.36 (KHTML, like Gecko) Chrome/48.0.2564.116 Safari/537.36"
1.22.46.232 - - [24/Feb/2016:00:15:52 -0500] "GET /wp-includes/js/wp-emoji-release.min.js?ver=4.4.2 HTTP/1.1" 200 33713 "http://sparkdeveloper.com/2015/03/19/apache-spark-quick-guide/" "Mozilla/5.0 (Windows NT 6.3; WOW64) AppleWebKit/537.36 (KHTML, like Gecko) Chrome/48.0.2564.116 Safari/537.36"
1.22.46.232 - - [24/Feb/2016:00:15:52 -0500] "GET /wp-content/plugins/akismet/_inc/form.js?ver=3.1.7 HTTP/1.1" 200 700 "http://sparkdeveloper.com/2015/03/19/apache-spark-quick-guide/" "Mozilla/5.0 (Windows NT 6.3; WOW64) AppleWebKit/537.36 (KHTML, like Gecko) Chrome/48.0.2564.116 Safari/537.36"
1.22.46.232 - - [24/Feb/2016:00:15:52 -0500] "GET /wp-content/themes/sundance/js/small-menu.js?ver=20120305 HTTP/1.1" 200 1254 "http://sparkdeveloper.com/2015/03/19/apache-spark-quick-guide/" "Mozilla/5.0 (Windows NT 6.3; WOW64) AppleWebKit/537.36 (KHTML, like Gecko) Chrome/48.0.2564.116 Safari/537.36"
1.22.46.232 - - [24/Feb/2016:00:15:52 -0500] "GET /wp-includes/js/comment-reply.min.js?ver=4.4.2 HTTP/1.1" 200 1078 "http://sparkdeveloper.com/2015/03/19/apache-spark-quick-guide/" "Mozilla/5.0 (Windows NT 6.3; WOW64) AppleWebKit/537.36 (KHTML, like Gecko) Chrome/48.0.2564.116 Safari/537.36"
1.22.46.232 - - [24/Feb/2016:00:15:52 -0500] "GET /wp-content/themes/sundance/js/jquery.flexslider.js?ver=20120903 HTTP/1.1" 200 39596 "http://sparkdeveloper.com/2015/03/19/apache-spark-quick-guide/" "Mozilla/5.0 (Windows NT 6.3; WOW64) AppleWebKit/537.36 (KHTML, like Gecko) Chrome/48.0.2564.116 Safari/537.36"
1.22.46.232 - - [24/Feb/2016:00:15:52 -0500] "GET /wp-content/themes/sundance/js/theme.js?ver=20120213 HTTP/1.1" 200 490 "http://sparkdeveloper.com/2015/03/19/apache-spark-quick-guide/" "Mozilla/5.0 (Windows NT 6.3; WOW64) AppleWebKit/537.36 (KHTML, like Gecko) Chrome/48.0.2564.116 Safari/537.36"
1.22.46.232 - - [24/Feb/2016:00:15:52 -0500] "GET /wp-includes/js/wp-embed.min.js?ver=4.4.2 HTTP/1.1" 200 1518 "http://sparkdeveloper.com/2015/03/19/apache-spark-quick-guide/" "Mozilla/5.0 (Windows NT 6.3; WOW64) AppleWebKit/537.36 (KHTML, like Gecko) Chrome/48.0.2564.116 Safari/537.36"
1.22.46.232 - - [24/Feb/2016:00:15:53 -0500] "GET /wp-includes/images/rss.png HTTP/1.1" 200 608 "http://sparkdeveloper.com/2015/03/19/apache-spark-quick-guide/" "Mozilla/5.0 (Windows NT 6.3; WOW64) AppleWebKit/537.36 (KHTML, like Gecko) Chrome/48.0.2564.116 Safari/537.36"
1.22.46.232 - - [24/Feb/2016:00:15:53 -0500] "GET /wp-content/uploads/2015/03/battle.jpg HTTP/1.1" 200 90966 "http://sparkdeveloper.com/2015/03/19/apache-spark-quick-guide/" "Mozilla/5.0 (Windows NT 6.3; WOW64) AppleWebKit/537.36 (KHTML, like Gecko) Chrome/48.0.2564.116 Safari/537.36"
1.22.46.232 - - [24/Feb/2016:00:15:53 -0500] "GET /wp-content/plugins/sociable/images/sprites/option1_48.png HTTP/1.1" 200 44468 "http://sparkdeveloper.com/wp-content/plugins/sociable/css/sociable.css?ver=4.4.2" "Mozilla/5.0 (Windows NT 6.3; WOW64) AppleWebKit/537.36 (KHTML, like Gecko) Chrome/48.0.2564.116 Safari/537.36"
1.22.46.232 - - [24/Feb/2016:00:15:53 -0500] "GET /wp-content/themes/sundance/images/bg.jpg HTTP/1.1" 200 497 "http://sparkdeveloper.com/2015/03/19/apache-spark-quick-guide/" "Mozilla/5.0 (Windows NT 6.3; WOW64) AppleWebKit/537.36 (KHTML, like Gecko) Chrome/48.0.2564.116 Safari/537.36"
1.22.46.232 - - [24/Feb/2016:00:15:53 -0500] "GET /2015/03/19/apache-spark-quick-guide/?relatedposts=1 HTTP/1.1" 200 2485 "http://sparkdeveloper.com/2015/03/19/apache-spark-quick-guide/" "Mozilla/5.0 (Windows NT 6.3; WOW64) AppleWebKit/537.36 (KHTML, like Gecko) Chrome/48.0.2564.116 Safari/537.36"
1.22.46.232 - - [24/Feb/2016:00:15:55 -0500] "GET /favicon.ico HTTP/1.1" 200 - "http://sparkdeveloper.com/2015/03/19/apache-spark-quick-guide/" "Mozilla/5.0 (Windows NT 6.3; WOW64) AppleWebKit/537.36 (KHTML, like Gecko) Chrome/48.0.2564.116 Safari/537.36"
65.254.225.145 - - [24/Feb/2016:00:16:35 -0500] "POST /wp-cron.php?doing_wp_cron=1456290995.1232109069824218750000 HTTP/1.1" 200 - "-" "WordPress/4.4.2; http://www.agilemobiledeveloper.com"
195.3.144.92 - - [24/Feb/2016:00:16:36 -0500] "GET /wp-login.php HTTP/1.1" 403 3109 "-" "Mozilla/5.0 (Windows NT 6.1; WOW64) AppleWebKit/537.36 (KHTML, like Gecko) Chrome/36.0.1985.125 Safari/537.36"
68.180.228.42 - - [24/Feb/2016:00:16:35 -0500] "GET /category/greenplum/ HTTP/1.1" 200 60326 "-" "Mozilla/5.0 (compatible; Yahoo! Slurp; http://help.yahoo.com/help/us/ysearch/slurp)"
192.0.84.33 - - [24/Feb/2016:00:17:09 -0500] "HEAD / HTTP/1.1" 200 - "-" "jetmon/1.0 (Jetpack Site Uptime Monitor by WordPress.com)"
192.0.84.33 - - [24/Feb/2016:00:17:13 -0500] "HEAD / HTTP/1.1" 200 - "-" "jetmon/1.0 (Jetpack Site Uptime Monitor by WordPress.com)"
65.254.225.145 - - [24/Feb/2016:00:17:16 -0500] "POST /wp-cron.php?doing_wp_cron=1456291036.0892899036407470703125 HTTP/1.1" 200 - "-" "WordPress/4.4.2; http://www.mongodbdev.com"
192.0.101.226 - - [24/Feb/2016:00:17:36 -0500] "HEAD / HTTP/1.1" 200 - "-" "jetmon/1.0 (Jetpack Site Uptime Monitor by WordPress.com)"
192.0.101.226 - - [24/Feb/2016:00:17:38 -0500] "HEAD / HTTP/1.1" 200 - "-" "jetmon/1.0 (Jetpack Site Uptime Monitor by WordPress.com)"
65.254.225.145 - - [24/Feb/2016:00:17:38 -0500] "POST /wp-cron.php?doing_wp_cron=1456291058.1230819225311279296875 HTTP/1.1" 200 - "-" "WordPress/4.2.7; http://www.devopscops.xyz"
192.0.101.226 - - [24/Feb/2016:00:17:58 -0500] "HEAD / HTTP/1.1" 200 - "-" "jetmon/1.0 (Jetpack Site Uptime Monitor by WordPress.com)"
192.0.101.226 - - [24/Feb/2016:00:18:05 -0500] "HEAD / HTTP/1.1" 200 - "-" "jetmon/1.0 (Jetpack Site Uptime Monitor by WordPress.com)"
51.255.65.70 - - [24/Feb/2016:00:19:04 -0500] "GET /wiki/steelers-odds-to-win-super-bowl/ HTTP/1.1" 404 8472 "-" "Mozilla/5.0 (compatible; AhrefsBot/5.0; +http://ahrefs.com/robot/)"
114.200.179.85 - - [24/Feb/2016:00:21:39 -0500] "POST /?infinity=scrolling HTTP/1.1" 200 94909 "http://sparkdeveloper.com/" "Mozilla/5.0 (Windows NT 10.0; WOW64) AppleWebKit/537.36 (KHTML, like Gecko) Chrome/49.0.2623.54 Safari/537.36"
65.254.225.145 - - [24/Feb/2016:00:21:40 -0500] "POST /wp-cron.php?doing_wp_cron=1456291300.3056089878082275390625 HTTP/1.1" 200 - "-" "WordPress/4.4.2; http://sparkdeveloper.com"
192.0.114.49 - - [24/Feb/2016:00:21:44 -0500] "GET /wp-content/uploads/2015/03/CAYW8aqUQAEfJJE.jpg HTTP/1.1" 200 21930 "-" "Photon/1.0"
192.0.114.18 - - [24/Feb/2016:00:21:44 -0500] "GET /wp-content/uploads/2015/09/IMG_20150929_082701.jpg HTTP/1.1" 200 1013843 "-" "Photon/1.0"
192.0.118.50 - - [24/Feb/2016:00:21:44 -0500] "GET /wp-content/uploads/2015/03/CAZko4qUIAAXtvf.jpg HTTP/1.1" 200 16944 "-" "Photon/1.0"
192.0.116.113 - - [24/Feb/2016:00:21:44 -0500] "GET /wp-content/uploads/2015/03/CAZk09lU0AAGoLZ.jpg HTTP/1.1" 200 28911 "-" "Photon/1.0"
192.0.116.210 - - [24/Feb/2016:00:21:44 -0500] "GET /wp-content/uploads/2015/03/CAYWOKAUkAE3b8F.jpg HTTP/1.1" 200 35827 "-" "Photon/1.0"
192.0.116.241 - - [24/Feb/2016:00:21:44 -0500] "GET /wp-content/uploads/2015/03/CAYdMzIUsAACJzV.jpg HTTP/1.1" 200 26867 "-" "Photon/1.0"
192.0.113.177 - - [24/Feb/2016:00:21:44 -0500] "GET /wp-content/uploads/2015/03/CAZkn2VUkAAnI4q.jpg HTTP/1.1" 200 17649 "-" "Photon/1.0"
192.0.112.18 - - [24/Feb/2016:00:21:44 -0500] "GET /wp-content/uploads/2015/03/CAZk16IVEAAbZEH.jpg HTTP/1.1" 200 18731 "-" "Photon/1.0"
192.0.112.210 - - [24/Feb/2016:00:21:44 -0500] "GET /wp-content/uploads/2015/03/CAYdMzIUsAACJzV1.jpg HTTP/1.1" 200 26867 "-" "Photon/1.0"
192.0.113.49 - - [24/Feb/2016:00:21:44 -0500] "GET /wp-content/uploads/2015/03/CAZkgVTUIAArOwn.jpg HTTP/1.1" 200 16854 "-" "Photon/1.0"
192.0.117.242 - - [24/Feb/2016:00:21:44 -0500] "GET /wp-content/uploads/2015/09/IMG_20150929_083239.jpg HTTP/1.1" 200 1298211 "-" "Photon/1.0"
192.0.117.242 - - [24/Feb/2016:00:21:44 -0500] "GET /wp-content/uploads/2015/03/CAZkoVMUIAARUqf.jpg HTTP/1.1" 200 17404 "-" "Photon/1.0"
192.0.114.113 - - [24/Feb/2016:00:21:45 -0500] "GET /wp-content/uploads/2015/03/CAZkpYKVIAAZ4Pz.jpg HTTP/1.1" 200 18441 "-" "Photon/1.0"
192.0.118.178 - - [24/Feb/2016:00:21:45 -0500] "GET /wp-content/uploads/2015/03/CAZkgxmUUAABMJn.jpg HTTP/1.1" 200 18098 "-" "Photon/1.0"
192.0.118.178 - - [24/Feb/2016:00:21:45 -0500] "GET /wp-content/uploads/2015/03/CAZkXl1XIAAxtlc.jpg HTTP/1.1" 200 16935 "-" "Photon/1.0"
192.0.118.209 - - [24/Feb/2016:00:21:45 -0500] "GET /wp-content/uploads/2015/03/CAZkXLpWwAA1CjK-1.jpg HTTP/1.1" 200 16611 "-" "Photon/1.0"
192.0.114.82 - - [24/Feb/2016:00:21:45 -0500] "GET /wp-content/uploads/2015/03/CAZkNQWU8AEfKtS.jpg HTTP/1.1" 200 19566 "-" "Photon/1.0"
192.0.114.82 - - [24/Feb/2016:00:21:45 -0500] "GET /wp-content/uploads/2015/03/CAZkOSfUcAAQ2mL.jpg HTTP/1.1" 200 19764 "-" "Photon/1.0"
192.0.118.178 - - [24/Feb/2016:00:21:45 -0500] "GET /wp-content/uploads/2015/03/CAZkNxRVIAAzCNb.jpg HTTP/1.1" 200 19753 "-" "Photon/1.0"
192.0.116.146 - - [24/Feb/2016:00:21:45 -0500] "GET /wp-content/uploads/2015/03/CAZkhUWVIAAn3fs.jpg HTTP/1.1" 200 14474 "-" "Photon/1.0"
192.0.116.82 - - [24/Feb/2016:00:21:45 -0500] "GET /wp-content/uploads/2015/03/CAZkhzZUsAApJ1a.jpg HTTP/1.1" 200 17062 "-" "Photon/1.0"
192.0.116.177 - - [24/Feb/2016:00:21:45 -0500] "GET /wp-content/uploads/2015/03/CAZkYfQWsAAlz99.jpg HTTP/1.1" 200 16914 "-" "Photon/1.0"
192.0.113.82 - - [24/Feb/2016:00:21:45 -0500] "GET /wp-content/uploads/2015/03/CAZkXLpWwAA1CjK.jpg HTTP/1.1" 200 16611 "-" "Photon/1.0"
192.0.112.82 - - [24/Feb/2016:00:21:45 -0500] "GET /wp-content/uploads/2015/03/CAZkYBuXEAAuyJm.jpg HTTP/1.1" 200 16159 "-" "Photon/1.0"
192.0.112.18 - - [24/Feb/2016:00:21:45 -0500] "GET /wp-content/uploads/2015/03/CAZkXl1XIAAxtlc-1.jpg HTTP/1.1" 200 16935 "-" "Photon/1.0"
192.0.113.113 - - [24/Feb/2016:00:21:45 -0500] "GET /wp-content/uploads/2015/03/CAZkYBuXEAAuyJm-1.jpg HTTP/1.1" 200 16159 "-" "Photon/1.0"
192.0.117.242 - - [24/Feb/2016:00:21:45 -0500] "GET /wp-content/uploads/2015/03/CAZkYfQWsAAlz99-1.jpg HTTP/1.1" 200 16914 "-" "Photon/1.0"
192.0.118.209 - - [24/Feb/2016:00:21:46 -0500] "GET /wp-content/uploads/2015/03/CAZkFCWUwAATdQE.jpg HTTP/1.1" 200 18316 "-" "Photon/1.0"
192.0.118.178 - - [24/Feb/2016:00:21:46 -0500] "GET /wp-content/uploads/2015/03/CAZkF-QUMAA3pjt.jpg HTTP/1.1" 200 15360 "-" "Photon/1.0"
192.0.113.49 - - [24/Feb/2016:00:21:46 -0500] "GET /wp-content/uploads/2015/03/CAZkOzuUYAA8iup.jpg HTTP/1.1" 200 15389 "-" "Photon/1.0"
192.0.112.50 - - [24/Feb/2016:00:21:46 -0500] "GET /wp-content/uploads/2015/03/CAZkFRkUMAEajW8.jpg HTTP/1.1" 200 22978 "-" "Photon/1.0"
192.0.112.82 - - [24/Feb/2016:00:21:46 -0500] "GET /wp-content/uploads/2015/03/CAZj6K1W4AAW9ev.jpg HTTP/1.1" 200 18499 "-" "Photon/1.0"
192.0.112.82 - - [24/Feb/2016:00:21:46 -0500] "GET /wp-content/uploads/2015/03/CAZkGe5UUAENucW.jpg HTTP/1.1" 200 19155 "-" "Photon/1.0"
192.0.113.177 - - [24/Feb/2016:00:21:46 -0500] "GET /wp-content/uploads/2015/03/CAZj5trXIAItIoY.jpg HTTP/1.1" 200 18206 "-" "Photon/1.0"
192.0.118.81 - - [24/Feb/2016:00:21:47 -0500] "GET /wp-content/uploads/2015/03/CAZj6YwWAAANzUe.jpg HTTP/1.1" 200 22719 "-" "Photon/1.0"
192.0.114.18 - - [24/Feb/2016:00:21:47 -0500] "GET /wp-content/uploads/2015/03/CAZj6tGWwAA4gwB.jpg HTTP/1.1" 200 22578 "-" "Photon/1.0"
192.0.116.210 - - [24/Feb/2016:00:21:47 -0500] "GET /wp-content/uploads/2015/03/CAZiYSvWUAAmPM9.jpg HTTP/1.1" 200 19473 "-" "Photon/1.0"
192.0.113.177 - - [24/Feb/2016:00:21:47 -0500] "GET /wp-content/uploads/2015/03/CAZjucDWAAAMVR5.jpg HTTP/1.1" 200 21752 "-" "Photon/1.0"
192.0.113.210 - - [24/Feb/2016:00:21:47 -0500] "GET /wp-content/uploads/2015/03/CAZju1LWYAAOM6o.jpg HTTP/1.1" 200 21252 "-" "Photon/1.0"
192.0.112.113 - - [24/Feb/2016:00:21:47 -0500] "GET /wp-content/uploads/2015/03/CAZjvOwW4AA5vdL.jpg HTTP/1.1" 200 22402 "-" "Photon/1.0"
192.0.112.18 - - [24/Feb/2016:00:21:47 -0500] "GET /wp-content/uploads/2015/03/CAZjvlOWQAAj37F.jpg HTTP/1.1" 200 30409 "-" "Photon/1.0"
192.0.113.113 - - [24/Feb/2016:00:21:47 -0500] "GET /wp-content/uploads/2015/03/CAZiXVCWEAIZTK9.jpg HTTP/1.1" 200 21217 "-" "Photon/1.0"
192.0.113.82 - - [24/Feb/2016:00:21:47 -0500] "GET /wp-content/uploads/2015/03/CAZiX3hWQAEZWpZ.jpg HTTP/1.1" 200 18932 "-" "Photon/1.0"
192.0.113.177 - - [24/Feb/2016:00:21:47 -0500] "GET /wp-content/uploads/2015/03/CAZiYguWwAAbhsq.jpg HTTP/1.1" 200 22350 "-" "Photon/1.0"
192.0.118.81 - - [24/Feb/2016:00:21:48 -0500] "GET /wp-content/uploads/2015/03/CAYz1DKUsAEhs0u.jpg HTTP/1.1" 200 27026 "-" "Photon/1.0"
192.0.118.178 - - [24/Feb/2016:00:21:48 -0500] "GET /wp-content/uploads/2015/03/CAYkDohWMAAFJbh.jpg HTTP/1.1" 200 25568 "-" "Photon/1.0"
192.0.118.114 - - [24/Feb/2016:00:21:48 -0500] "GET /wp-content/uploads/2015/03/CAYvxqzUIAA4a0J.jpg HTTP/1.1" 200 28343 "-" "Photon/1.0"
192.0.116.241 - - [24/Feb/2016:00:21:48 -0500] "GET /wp-content/uploads/2015/03/CAZdLELUsAAr6D4.jpg HTTP/1.1" 200 47891 "-" "Photon/1.0"
192.0.116.241 - - [24/Feb/2016:00:21:48 -0500] "GET /wp-content/uploads/2015/03/CAYvnA9UQAAYE0c.jpg HTTP/1.1" 200 34278 "-" "Photon/1.0"
192.0.116.177 - - [24/Feb/2016:00:21:48 -0500] "GET /wp-content/uploads/2015/03/CAYdMkbUIAAVJuc1.jpg HTTP/1.1" 200 18933 "-" "Photon/1.0"
192.0.112.50 - - [24/Feb/2016:00:21:48 -0500] "GET /wp-content/uploads/2015/03/CAYdMkbUIAAVJuc.jpg HTTP/1.1" 200 18933 "-" "Photon/1.0"
192.0.112.18 - - [24/Feb/2016:00:21:48 -0500] "GET /wp-content/uploads/2015/03/CAY2z4ZUkAEY7wO.jpg HTTP/1.1" 200 35078 "-" "Photon/1.0"
192.0.112.241 - - [24/Feb/2016:00:21:48 -0500] "GET /wp-content/uploads/2015/03/CAY0gTsUgAAujbR.jpg HTTP/1.1" 200 37985 "-" "Photon/1.0"
192.0.113.18 - - [24/Feb/2016:00:21:48 -0500] "GET /wp-content/uploads/2015/03/CAYv2oTUkAAr3rX.jpg HTTP/1.1" 200 32991 "-" "Photon/1.0"
114.200.179.85 - - [24/Feb/2016:00:21:54 -0500] "GET /favicon.ico HTTP/1.1" 200 - "http://sparkdeveloper.com/page/2/" "Mozilla/5.0 (Windows NT 10.0; WOW64) AppleWebKit/537.36 (KHTML, like Gecko) Chrome/49.0.2623.54 Safari/537.36"
192.0.84.33 - - [24/Feb/2016:00:22:06 -0500] "HEAD / HTTP/1.1" 200 - "-" "jetmon/1.0 (Jetpack Site Uptime Monitor by WordPress.com)"
192.0.84.33 - - [24/Feb/2016:00:22:10 -0500] "HEAD / HTTP/1.1" 200 - "-" "jetmon/1.0 (Jetpack Site Uptime Monitor by WordPress.com)"
192.0.101.226 - - [24/Feb/2016:00:22:33 -0500] "HEAD / HTTP/1.1" 200 - "-" "jetmon/1.0 (Jetpack Site Uptime Monitor by WordPress.com)"
192.0.101.226 - - [24/Feb/2016:00:22:39 -0500] "HEAD / HTTP/1.1" 200 - "-" "jetmon/1.0 (Jetpack Site Uptime Monitor by WordPress.com)"
107.170.78.137 - - [24/Feb/2016:00:22:44 -0500] "GET /feed/ HTTP/1.1" 200 129465 "-" "Feedbin feed-id:1015889 - 1 subscribers"
192.0.101.226 - - [24/Feb/2016:00:23:01 -0500] "HEAD / HTTP/1.1" 200 - "-" "jetmon/1.0 (Jetpack Site Uptime Monitor by WordPress.com)"
192.0.101.226 - - [24/Feb/2016:00:23:20 -0500] "HEAD / HTTP/1.1" 200 - "-" "jetmon/1.0 (Jetpack Site Uptime Monitor by WordPress.com)"
94.158.95.124 - - [24/Feb/2016:00:24:29 -0500] "GET / HTTP/1.1" 200 91966 "http://creativelabs.biz" "Mozilla/5.0 (Windows NT 10.0; WOW64; rv:40.0) Gecko/20100101 Firefox/40.0"
94.158.95.124 - - [24/Feb/2016:00:24:31 -0500] "GET / HTTP/1.1" 200 91966 "http://creativelabs.biz" "Mozilla/5.0 (Windows NT 6.1; WOW64) AppleWebKit/537.36 (KHTML, like Gecko) Chrome/45.0.2454.93 Safari/537.36"
94.158.95.124 - - [24/Feb/2016:00:24:33 -0500] "GET / HTTP/1.1" 200 91966 "http://creativelabs.biz" "Mozilla/5.0 (Windows NT 6.1) AppleWebKit/537.36 (KHTML, like Gecko) Chrome/45.0.2454.99 Safari/537.36"
94.158.95.124 - - [24/Feb/2016:00:24:34 -0500] "GET / HTTP/1.1" 200 91966 "http://creativelabs.biz" "Mozilla/5.0 (Windows NT 6.3; WOW64) AppleWebKit/537.36 (KHTML, like Gecko) Chrome/45.0.2454.101 Safari/537.36"
175.111.89.10 - - [24/Feb/2016:00:26:28 -0500] "GET /2014/05/07/mean-2/ HTTP/1.1" 200 44083 "-" "Mozilla/5.0 (Windows NT 10.0; WOW64; rv:44.0) Gecko/20100101 Firefox/44.0"
175.111.89.10 - - [24/Feb/2016:00:26:30 -0500] "GET /wp-content/plugins/wp-to-twitter/css/twitter-feed.css?ver=4.4.2 HTTP/1.1" 200 1552 "http://www.agilemobiledeveloper.com/2014/05/07/mean-2/" "Mozilla/5.0 (Windows NT 10.0; WOW64; rv:44.0) Gecko/20100101 Firefox/44.0"
175.111.89.10 - - [24/Feb/2016:00:26:30 -0500] "GET /wp-content/themes/bhost/css/meanmenu.css?ver=4.4.2 HTTP/1.1" 200 3352 "http://www.agilemobiledeveloper.com/2014/05/07/mean-2/" "Mozilla/5.0 (Windows NT 10.0; WOW64; rv:44.0) Gecko/20100101 Firefox/44.0"
175.111.89.10 - - [24/Feb/2016:00:26:30 -0500] "GET /wp-content/themes/bhost/css/font-awesome.min.css?ver=4.4.2 HTTP/1.1" 200 26711 "http://www.agilemobiledeveloper.com/2014/05/07/mean-2/" "Mozilla/5.0 (Windows NT 10.0; WOW64; rv:44.0) Gecko/20100101 Firefox/44.0"
175.111.89.10 - - [24/Feb/2016:00:26:30 -0500] "GET /wp-content/themes/bhost/css/bootstrap.min.css?ver=4.4.2 HTTP/1.1" 200 123603 "http://www.agilemobiledeveloper.com/2014/05/07/mean-2/" "Mozilla/5.0 (Windows NT 10.0; WOW64; rv:44.0) Gecko/20100101 Firefox/44.0"
175.111.89.10 - - [24/Feb/2016:00:26:30 -0500] "GET /wp-content/themes/bhost/style.css?ver=4.4.2 HTTP/1.1" 200 26358 "http://www.agilemobiledeveloper.com/2014/05/07/mean-2/" "Mozilla/5.0 (Windows NT 10.0; WOW64; rv:44.0) Gecko/20100101 Firefox/44.0"
175.111.89.10 - - [24/Feb/2016:00:26:30 -0500] "GET /wp-content/plugins/jetpack/css/jetpack.css?ver=3.9.1 HTTP/1.1" 200 57220 "http://www.agilemobiledeveloper.com/2014/05/07/mean-2/" "Mozilla/5.0 (Windows NT 10.0; WOW64; rv:44.0) Gecko/20100101 Firefox/44.0"
175.111.89.10 - - [24/Feb/2016:00:26:30 -0500] "GET /wp-includes/js/jquery/jquery.js?ver=1.11.3 HTTP/1.1" 200 95977 "http://www.agilemobiledeveloper.com/2014/05/07/mean-2/" "Mozilla/5.0 (Windows NT 10.0; WOW64; rv:44.0) Gecko/20100101 Firefox/44.0"
175.111.89.10 - - [24/Feb/2016:00:26:30 -0500] "GET /wp-includes/js/jquery/jquery-migrate.min.js?ver=1.2.1 HTTP/1.1" 200 7200 "http://www.agilemobiledeveloper.com/2014/05/07/mean-2/" "Mozilla/5.0 (Windows NT 10.0; WOW64; rv:44.0) Gecko/20100101 Firefox/44.0"
175.111.89.10 - - [24/Feb/2016:00:26:30 -0500] "GET /wp-includes/js/wp-emoji-release.min.js?ver=4.4.2 HTTP/1.1" 200 33713 "http://www.agilemobiledeveloper.com/2014/05/07/mean-2/" "Mozilla/5.0 (Windows NT 10.0; WOW64; rv:44.0) Gecko/20100101 Firefox/44.0"
175.111.89.10 - - [24/Feb/2016:00:26:31 -0500] "GET /wp-content/plugins/akismet/_inc/form.js?ver=3.1.7 HTTP/1.1" 200 700 "http://www.agilemobiledeveloper.com/2014/05/07/mean-2/" "Mozilla/5.0 (Windows NT 10.0; WOW64; rv:44.0) Gecko/20100101 Firefox/44.0"
175.111.89.10 - - [24/Feb/2016:00:26:31 -0500] "GET /wp-content/plugins/jetpack/modules/wpgroho.js?ver=4.4.2 HTTP/1.1" 200 1015 "http://www.agilemobiledeveloper.com/2014/05/07/mean-2/" "Mozilla/5.0 (Windows NT 10.0; WOW64; rv:44.0) Gecko/20100101 Firefox/44.0"
175.111.89.10 - - [24/Feb/2016:00:26:31 -0500] "GET /wp-content/plugins/jetpack/modules/photon/photon.js?ver=20130122 HTTP/1.1" 200 1378 "http://www.agilemobiledeveloper.com/2014/05/07/mean-2/" "Mozilla/5.0 (Windows NT 10.0; WOW64; rv:44.0) Gecko/20100101 Firefox/44.0"
175.111.89.10 - - [24/Feb/2016:00:26:31 -0500] "GET /wp-content/themes/bhost/js/bootstrap.min.js?ver=20120205 HTTP/1.1" 200 37055 "http://www.agilemobiledeveloper.com/2014/05/07/mean-2/" "Mozilla/5.0 (Windows NT 10.0; WOW64; rv:44.0) Gecko/20100101 Firefox/44.0"
175.111.89.10 - - [24/Feb/2016:00:26:31 -0500] "GET /wp-content/themes/bhost/js/skip-link-focus-fix.js?ver=20130115 HTTP/1.1" 200 658 "http://www.agilemobiledeveloper.com/2014/05/07/mean-2/" "Mozilla/5.0 (Windows NT 10.0; WOW64; rv:44.0) Gecko/20100101 Firefox/44.0"
175.111.89.10 - - [24/Feb/2016:00:26:31 -0500] "GET /wp-content/themes/bhost/js/jquery.meanmenu.min.js?ver=20130116 HTTP/1.1" 200 4019 "http://www.agilemobiledeveloper.com/2014/05/07/mean-2/" "Mozilla/5.0 (Windows NT 10.0; WOW64; rv:44.0) Gecko/20100101 Firefox/44.0"
175.111.89.10 - - [24/Feb/2016:00:26:31 -0500] "GET /wp-content/themes/bhost/js/custom.js?ver=20130118 HTTP/1.1" 200 196 "http://www.agilemobiledeveloper.com/2014/05/07/mean-2/" "Mozilla/5.0 (Windows NT 10.0; WOW64; rv:44.0) Gecko/20100101 Firefox/44.0"
175.111.89.10 - - [24/Feb/2016:00:26:31 -0500] "GET /wp-includes/js/comment-reply.min.js?ver=4.4.2 HTTP/1.1" 200 1078 "http://www.agilemobiledeveloper.com/2014/05/07/mean-2/" "Mozilla/5.0 (Windows NT 10.0; WOW64; rv:44.0) Gecko/20100101 Firefox/44.0"
175.111.89.10 - - [24/Feb/2016:00:26:32 -0500] "GET /wp-includes/js/wp-embed.min.js?ver=4.4.2 HTTP/1.1" 200 1518 "http://www.agilemobiledeveloper.com/2014/05/07/mean-2/" "Mozilla/5.0 (Windows NT 10.0; WOW64; rv:44.0) Gecko/20100101 Firefox/44.0"
175.111.89.10 - - [24/Feb/2016:00:26:31 -0500] "GET /wp-content/themes/bhost/js/jquery.easing.min.js?ver=20130117 HTTP/1.1" 404 8472 "http://www.agilemobiledeveloper.com/2014/05/07/mean-2/" "Mozilla/5.0 (Windows NT 10.0; WOW64; rv:44.0) Gecko/20100101 Firefox/44.0"
175.111.89.10 - - [24/Feb/2016:00:26:37 -0500] "GET /wp-content/uploads/2012/08/big-mvbbutton.png HTTP/1.1" 404 8472 "http://www.agilemobiledeveloper.com/2014/05/07/mean-2/" "Mozilla/5.0 (Windows NT 10.0; WOW64; rv:44.0) Gecko/20100101 Firefox/44.0"
192.0.116.50 - - [24/Feb/2016:00:26:37 -0500] "GET /wp-content/uploads/2013/07/mean-1024x353.png HTTP/1.1" 404 8472 "-" "Photon/1.0"
175.111.89.10 - - [24/Feb/2016:00:26:37 -0500] "GET /wp-content/themes/bhost/js/jquery.easing.min.js?ver=20130117 HTTP/1.1" 404 8472 "http://www.agilemobiledeveloper.com/2014/05/07/mean-2/" "Mozilla/5.0 (Windows NT 10.0; WOW64; rv:44.0) Gecko/20100101 Firefox/44.0"
175.111.89.10 - - [24/Feb/2016:00:26:40 -0500] "GET /favicon.ico HTTP/1.1" 200 - "-" "Mozilla/5.0 (Windows NT 10.0; WOW64; rv:44.0) Gecko/20100101 Firefox/44.0"
175.111.89.10 - - [24/Feb/2016:00:26:41 -0500] "GET /favicon.ico HTTP/1.1" 200 - "-" "Mozilla/5.0 (Windows NT 10.0; WOW64; rv:44.0) Gecko/20100101 Firefox/44.0"
175.111.89.10 - - [24/Feb/2016:00:26:40 -0500] "GET /2014/05/16/big-data-links-16-may-2014-hadoop-redis-sqlfire-hdfs-pivotal-hd/ HTTP/1.1" 200 31186 "http://www.agilemobiledeveloper.com/2014/05/07/mean-2/" "Mozilla/5.0 (Windows NT 10.0; WOW64; rv:44.0) Gecko/20100101 Firefox/44.0"
192.0.84.33 - - [24/Feb/2016:00:27:03 -0500] "HEAD / HTTP/1.1" 200 - "-" "jetmon/1.0 (Jetpack Site Uptime Monitor by WordPress.com)"
192.0.84.33 - - [24/Feb/2016:00:27:24 -0500] "HEAD / HTTP/1.1" 200 - "-" "jetmon/1.0 (Jetpack Site Uptime Monitor by WordPress.com)"
192.0.101.226 - - [24/Feb/2016:00:27:39 -0500] "HEAD / HTTP/1.1" 200 - "-" "jetmon/1.0 (Jetpack Site Uptime Monitor by WordPress.com)"
192.0.101.226 - - [24/Feb/2016:00:27:44 -0500] "HEAD / HTTP/1.1" 200 - "-" "jetmon/1.0 (Jetpack Site Uptime Monitor by WordPress.com)"
192.0.101.226 - - [24/Feb/2016:00:27:55 -0500] "HEAD / HTTP/1.1" 200 - "-" "jetmon/1.0 (Jetpack Site Uptime Monitor by WordPress.com)"
65.254.225.145 - - [24/Feb/2016:00:28:01 -0500] "POST /wp-cron.php?doing_wp_cron=1456291681.8264389038085937500000 HTTP/1.1" 200 - "-" "WordPress/4.3.3; http://www.baconlandia.com"
192.0.101.226 - - [24/Feb/2016:00:27:59 -0500] "HEAD / HTTP/1.1" 200 - "-" "jetmon/1.0 (Jetpack Site Uptime Monitor by WordPress.com)"
51.255.65.23 - - [24/Feb/2016:00:30:18 -0500] "GET /wiki/choctaw-casino-winners/ HTTP/1.1" 404 8472 "-" "Mozilla/5.0 (compatible; AhrefsBot/5.0; +http://ahrefs.com/robot/)"
180.76.15.141 - - [24/Feb/2016:00:31:12 -0500] "GET /category/forge/ HTTP/1.1" 200 16543 "-" "Mozilla/5.0 (compatible; Baiduspider/2.0; +http://www.baidu.com/search/spider.html)"
192.0.84.33 - - [24/Feb/2016:00:32:05 -0500] "HEAD / HTTP/1.1" 200 - "-" "jetmon/1.0 (Jetpack Site Uptime Monitor by WordPress.com)"
192.0.84.33 - - [24/Feb/2016:00:32:12 -0500] "HEAD / HTTP/1.1" 200 - "-" "jetmon/1.0 (Jetpack Site Uptime Monitor by WordPress.com)"
192.0.101.226 - - [24/Feb/2016:00:32:41 -0500] "HEAD / HTTP/1.1" 200 - "-" "jetmon/1.0 (Jetpack Site Uptime Monitor by WordPress.com)"
192.0.101.226 - - [24/Feb/2016:00:32:50 -0500] "HEAD / HTTP/1.1" 200 - "-" "jetmon/1.0 (Jetpack Site Uptime Monitor by WordPress.com)"
192.0.101.226 - - [24/Feb/2016:00:33:01 -0500] "HEAD / HTTP/1.1" 200 - "-" "jetmon/1.0 (Jetpack Site Uptime Monitor by WordPress.com)"
192.0.101.226 - - [24/Feb/2016:00:33:03 -0500] "HEAD / HTTP/1.1" 200 - "-" "jetmon/1.0 (Jetpack Site Uptime Monitor by WordPress.com)"
65.254.225.145 - - [24/Feb/2016:00:33:06 -0500] "POST /wp-cron.php?doing_wp_cron=1456291986.0638809204101562500000 HTTP/1.1" 200 - "-" "WordPress/4.3.3; http://www.baconlandia.com"
141.8.143.210 - - [24/Feb/2016:00:33:17 -0500] "GET /wiki/superbowl-bets-ideas/ HTTP/1.1" 404 8472 "-" "Mozilla/5.0 (compatible; YandexBot/3.0; +http://yandex.com/bots)"
180.76.15.22 - - [24/Feb/2016:00:35:31 -0500] "GET /2015/10/30/hadoop-security-presentation/feed/ HTTP/1.1" 200 767 "-" "Mozilla/5.0 (compatible; Baiduspider/2.0; +http://www.baidu.com/search/spider.html)"
192.0.84.33 - - [24/Feb/2016:00:37:14 -0500] "HEAD / HTTP/1.1" 200 - "-" "jetmon/1.0 (Jetpack Site Uptime Monitor by WordPress.com)"
192.0.84.33 - - [24/Feb/2016:00:37:18 -0500] "HEAD / HTTP/1.1" 200 - "-" "jetmon/1.0 (Jetpack Site Uptime Monitor by WordPress.com)"
123.125.71.33 - - [24/Feb/2016:00:37:26 -0500] "GET /wp-content/themes/Melos_Pro/lib/extentions/font-awesome/css/font-awesome.css?ver=4.2.0 HTTP/1.1" 200 26651 "-" "Mozilla/5.0 (compatible; Baiduspider/2.0; +http://www.baidu.com/search/spider.html)"
192.0.101.226 - - [24/Feb/2016:00:37:34 -0500] "HEAD / HTTP/1.1" 200 - "-" "jetmon/1.0 (Jetpack Site Uptime Monitor by WordPress.com)"
107.170.102.81 - - [24/Feb/2016:00:37:43 -0500] "GET /feed/ HTTP/1.1" 200 129465 "-" "Feedbin feed-id:1015889 - 1 subscribers"
192.0.101.226 - - [24/Feb/2016:00:37:50 -0500] "HEAD / HTTP/1.1" 200 - "-" "jetmon/1.0 (Jetpack Site Uptime Monitor by WordPress.com)"
192.0.101.226 - - [24/Feb/2016:00:37:56 -0500] "HEAD / HTTP/1.1" 200 - "-" "jetmon/1.0 (Jetpack Site Uptime Monitor by WordPress.com)"
192.0.101.226 - - [24/Feb/2016:00:38:05 -0500] "HEAD / HTTP/1.1" 200 - "-" "jetmon/1.0 (Jetpack Site Uptime Monitor by WordPress.com)"
68.180.230.156 - - [24/Feb/2016:00:39:16 -0500] "GET /robots.txt HTTP/1.1" 200 67 "-" "Mozilla/5.0 (compatible; Yahoo! Slurp; http://help.yahoo.com/help/us/ysearch/slurp)"
68.180.230.156 - - [24/Feb/2016:00:39:20 -0500] "GET /how-we-do-it/ HTTP/1.1" 200 36523 "-" "Mozilla/5.0 (compatible; Yahoo! Slurp; http://help.yahoo.com/help/us/ysearch/slurp)"
107.170.120.52 - - [24/Feb/2016:00:41:59 -0500] "GET /robots.txt HTTP/1.1" 200 167 "-" "Mozilla/5.0 (compatible; spbot/5.0; +http://OpenLinkProfiler.org/bot )"
192.0.84.33 - - [24/Feb/2016:00:42:03 -0500] "HEAD / HTTP/1.1" 200 - "-" "jetmon/1.0 (Jetpack Site Uptime Monitor by WordPress.com)"
107.170.120.52 - - [24/Feb/2016:00:42:05 -0500] "GET / HTTP/1.1" 301 234 "-" "Mozilla/5.0 (compatible; spbot/5.0; +http://OpenLinkProfiler.org/bot )"
107.170.120.52 - - [24/Feb/2016:00:42:07 -0500] "GET / HTTP/1.1" 200 91966 "http://www.sparkdeveloper.com/" "Mozilla/5.0 (compatible; spbot/5.0; +http://OpenLinkProfiler.org/bot )"
107.170.120.52 - - [24/Feb/2016:00:42:09 -0500] "GET /page/2/ HTTP/1.1" 200 141729 "http://sparkdeveloper.com/" "Mozilla/5.0 (compatible; spbot/5.0; +http://OpenLinkProfiler.org/bot )"
192.0.84.33 - - [24/Feb/2016:00:42:10 -0500] "HEAD / HTTP/1.1" 200 - "-" "jetmon/1.0 (Jetpack Site Uptime Monitor by WordPress.com)"
107.170.120.52 - - [24/Feb/2016:00:42:15 -0500] "GET /page/3/ HTTP/1.1" 200 111642 "http://sparkdeveloper.com/page/2/" "Mozilla/5.0 (compatible; spbot/5.0; +http://OpenLinkProfiler.org/bot )"
107.170.120.52 - - [24/Feb/2016:00:42:20 -0500] "GET /page/4/ HTTP/1.1" 200 86363 "http://sparkdeveloper.com/page/3/" "Mozilla/5.0 (compatible; spbot/5.0; +http://OpenLinkProfiler.org/bot )"
107.170.120.52 - - [24/Feb/2016:00:42:25 -0500] "GET /page/5/ HTTP/1.1" 200 102983 "http://sparkdeveloper.com/page/4/" "Mozilla/5.0 (compatible; spbot/5.0; +http://OpenLinkProfiler.org/bot )"
157.55.39.233 - - [24/Feb/2016:00:42:27 -0500] "GET /2012/04/05/eclipse-java-scala-spring-tips/ HTTP/1.1" 200 22607 "-" "Mozilla/5.0 (compatible; bingbot/2.0; +http://www.bing.com/bingbot.htm)"
107.170.120.52 - - [24/Feb/2016:00:42:30 -0500] "GET /page/6/ HTTP/1.1" 200 111961 "http://sparkdeveloper.com/page/5/" "Mozilla/5.0 (compatible; spbot/5.0; +http://OpenLinkProfiler.org/bot )"
107.170.120.52 - - [24/Feb/2016:00:42:35 -0500] "GET /page/7/ HTTP/1.1" 200 91148 "http://sparkdeveloper.com/page/6/" "Mozilla/5.0 (compatible; spbot/5.0; +http://OpenLinkProfiler.org/bot )"
192.0.101.226 - - [24/Feb/2016:00:42:36 -0500] "HEAD / HTTP/1.1" 200 - "-" "jetmon/1.0 (Jetpack Site Uptime Monitor by WordPress.com)"
192.0.101.226 - - [24/Feb/2016:00:42:39 -0500] "HEAD / HTTP/1.1" 200 - "-" "jetmon/1.0 (Jetpack Site Uptime Monitor by WordPress.com)"
107.170.120.52 - - [24/Feb/2016:00:42:40 -0500] "GET /page/8/ HTTP/1.1" 200 139814 "http://sparkdeveloper.com/page/7/" "Mozilla/5.0 (compatible; spbot/5.0; +http://OpenLinkProfiler.org/bot )"
107.170.120.52 - - [24/Feb/2016:00:42:45 -0500] "GET /page/9/ HTTP/1.1" 200 92029 "http://sparkdeveloper.com/page/8/" "Mozilla/5.0 (compatible; spbot/5.0; +http://OpenLinkProfiler.org/bot )"
107.170.120.52 - - [24/Feb/2016:00:42:50 -0500] "GET /page/10/ HTTP/1.1" 200 87445 "http://sparkdeveloper.com/page/9/" "Mozilla/5.0 (compatible; spbot/5.0; +http://OpenLinkProfiler.org/bot )"
107.170.120.52 - - [24/Feb/2016:00:42:55 -0500] "GET /page/11/ HTTP/1.1" 200 147363 "http://sparkdeveloper.com/page/10/" "Mozilla/5.0 (compatible; spbot/5.0; +http://OpenLinkProfiler.org/bot )"
192.0.101.226 - - [24/Feb/2016:00:42:57 -0500] "HEAD / HTTP/1.1" 200 - "-" "jetmon/1.0 (Jetpack Site Uptime Monitor by WordPress.com)"
192.0.101.226 - - [24/Feb/2016:00:42:59 -0500] "HEAD / HTTP/1.1" 200 - "-" "jetmon/1.0 (Jetpack Site Uptime Monitor by WordPress.com)"
107.170.120.52 - - [24/Feb/2016:00:43:00 -0500] "GET /page/12/ HTTP/1.1" 200 80787 "http://sparkdeveloper.com/page/11/" "Mozilla/5.0 (compatible; spbot/5.0; +http://OpenLinkProfiler.org/bot )"
107.170.120.52 - - [24/Feb/2016:00:43:05 -0500] "GET /page/13/ HTTP/1.1" 200 85681 "http://sparkdeveloper.com/page/12/" "Mozilla/5.0 (compatible; spbot/5.0; +http://OpenLinkProfiler.org/bot )"
107.170.120.52 - - [24/Feb/2016:00:43:10 -0500] "GET /page/14/ HTTP/1.1" 200 104737 "http://sparkdeveloper.com/page/13/" "Mozilla/5.0 (compatible; spbot/5.0; +http://OpenLinkProfiler.org/bot )"
107.170.120.52 - - [24/Feb/2016:00:43:15 -0500] "GET /page/15/ HTTP/1.1" 200 81580 "http://sparkdeveloper.com/page/14/" "Mozilla/5.0 (compatible; spbot/5.0; +http://OpenLinkProfiler.org/bot )"
107.170.120.52 - - [24/Feb/2016:00:43:20 -0500] "GET /page/16/ HTTP/1.1" 200 99264 "http://sparkdeveloper.com/page/15/" "Mozilla/5.0 (compatible; spbot/5.0; +http://OpenLinkProfiler.org/bot )"
107.170.120.52 - - [24/Feb/2016:00:43:25 -0500] "GET /page/17/ HTTP/1.1" 200 118285 "http://sparkdeveloper.com/page/16/" "Mozilla/5.0 (compatible; spbot/5.0; +http://OpenLinkProfiler.org/bot )"
107.170.120.52 - - [24/Feb/2016:00:43:30 -0500] "GET /page/18/ HTTP/1.1" 200 93244 "http://sparkdeveloper.com/page/17/" "Mozilla/5.0 (compatible; spbot/5.0; +http://OpenLinkProfiler.org/bot )"
107.170.120.52 - - [24/Feb/2016:00:43:35 -0500] "GET /page/19/ HTTP/1.1" 200 119151 "http://sparkdeveloper.com/page/18/" "Mozilla/5.0 (compatible; spbot/5.0; +http://OpenLinkProfiler.org/bot )"
107.170.120.52 - - [24/Feb/2016:00:43:40 -0500] "GET /page/20/ HTTP/1.1" 200 91343 "http://sparkdeveloper.com/page/19/" "Mozilla/5.0 (compatible; spbot/5.0; +http://OpenLinkProfiler.org/bot )"
107.170.120.52 - - [24/Feb/2016:00:43:45 -0500] "GET /page/21/ HTTP/1.1" 200 87813 "http://sparkdeveloper.com/page/20/" "Mozilla/5.0 (compatible; spbot/5.0; +http://OpenLinkProfiler.org/bot )"
107.170.120.52 - - [24/Feb/2016:00:43:50 -0500] "GET /page/22/ HTTP/1.1" 200 91997 "http://sparkdeveloper.com/page/21/" "Mozilla/5.0 (compatible; spbot/5.0; +http://OpenLinkProfiler.org/bot )"
107.170.120.52 - - [24/Feb/2016:00:43:55 -0500] "GET /page/23/ HTTP/1.1" 200 92122 "http://sparkdeveloper.com/page/22/" "Mozilla/5.0 (compatible; spbot/5.0; +http://OpenLinkProfiler.org/bot )"
107.170.120.52 - - [24/Feb/2016:00:44:00 -0500] "GET /page/24/ HTTP/1.1" 200 128080 "http://sparkdeveloper.com/page/23/" "Mozilla/5.0 (compatible; spbot/5.0; +http://OpenLinkProfiler.org/bot )"
107.170.120.52 - - [24/Feb/2016:00:44:04 -0500] "GET /page/25/ HTTP/1.1" 200 80894 "http://sparkdeveloper.com/page/24/" "Mozilla/5.0 (compatible; spbot/5.0; +http://OpenLinkProfiler.org/bot )"
107.170.120.52 - - [24/Feb/2016:00:44:10 -0500] "GET /page/26/ HTTP/1.1" 200 99844 "http://sparkdeveloper.com/page/25/" "Mozilla/5.0 (compatible; spbot/5.0; +http://OpenLinkProfiler.org/bot )"
107.170.120.52 - - [24/Feb/2016:00:44:15 -0500] "GET /page/27/ HTTP/1.1" 200 93038 "http://sparkdeveloper.com/page/26/" "Mozilla/5.0 (compatible; spbot/5.0; +http://OpenLinkProfiler.org/bot )"
107.170.120.52 - - [24/Feb/2016:00:44:20 -0500] "GET /page/28/ HTTP/1.1" 200 81346 "http://sparkdeveloper.com/page/27/" "Mozilla/5.0 (compatible; spbot/5.0; +http://OpenLinkProfiler.org/bot )"
107.170.120.52 - - [24/Feb/2016:00:44:25 -0500] "GET /page/29/ HTTP/1.1" 200 91174 "http://sparkdeveloper.com/page/28/" "Mozilla/5.0 (compatible; spbot/5.0; +http://OpenLinkProfiler.org/bot )"
107.170.120.52 - - [24/Feb/2016:00:44:30 -0500] "GET /page/30/ HTTP/1.1" 200 92465 "http://sparkdeveloper.com/page/29/" "Mozilla/5.0 (compatible; spbot/5.0; +http://OpenLinkProfiler.org/bot )"
107.170.120.52 - - [24/Feb/2016:00:44:35 -0500] "GET /page/31/ HTTP/1.1" 200 94693 "http://sparkdeveloper.com/page/30/" "Mozilla/5.0 (compatible; spbot/5.0; +http://OpenLinkProfiler.org/bot )"
107.170.120.52 - - [24/Feb/2016:00:44:40 -0500] "GET /page/32/ HTTP/1.1" 200 98319 "http://sparkdeveloper.com/page/31/" "Mozilla/5.0 (compatible; spbot/5.0; +http://OpenLinkProfiler.org/bot )"
107.170.120.52 - - [24/Feb/2016:00:44:45 -0500] "GET /page/33/ HTTP/1.1" 200 102476 "http://sparkdeveloper.com/page/32/" "Mozilla/5.0 (compatible; spbot/5.0; +http://OpenLinkProfiler.org/bot )"
107.170.120.52 - - [24/Feb/2016:00:44:50 -0500] "GET /page/34/ HTTP/1.1" 200 96390 "http://sparkdeveloper.com/page/33/" "Mozilla/5.0 (compatible; spbot/5.0; +http://OpenLinkProfiler.org/bot )"
107.170.120.52 - - [24/Feb/2016:00:44:55 -0500] "GET /page/35/ HTTP/1.1" 200 92349 "http://sparkdeveloper.com/page/34/" "Mozilla/5.0 (compatible; spbot/5.0; +http://OpenLinkProfiler.org/bot )"
107.170.120.52 - - [24/Feb/2016:00:45:00 -0500] "GET /page/36/ HTTP/1.1" 200 121124 "http://sparkdeveloper.com/page/35/" "Mozilla/5.0 (compatible; spbot/5.0; +http://OpenLinkProfiler.org/bot )"
