107.170.120.52 - - [24/Feb/2016:01:18:10 -0500] "GET /2012/09/26/memory-check-from-sun-oracle-jvm-on-windows/ HTTP/1.1" 200 68221 "http://sparkdeveloper.com/page/25/" "Mozilla/5.0 (compatible; spbot/5.0; +http://OpenLinkProfiler.org/bot )"
107.170.120.52 - - [24/Feb/2016:01:18:15 -0500] "GET /category/java/page/4/JDBC/JBoss/Hibernate/JPAPerformance HTTP/1.1" 404 19184 "http://sparkdeveloper.com/category/java/page/4/" "Mozilla/5.0 (compatible; spbot/5.0; +http://OpenLinkProfiler.org/bot )"
107.170.120.52 - - [24/Feb/2016:01:18:20 -0500] "GET /2014/05/16/quick-links-hibernate-jpa-testing-strategies/ HTTP/1.1" 200 75887 "http://sparkdeveloper.com/page/5/" "Mozilla/5.0 (compatible; spbot/5.0; +http://OpenLinkProfiler.org/bot )"
107.170.120.52 - - [24/Feb/2016:01:18:25 -0500] "GET /category/java/page/4/&lt;prefill&gt;true&lt;/prefill&gt; HTTP/1.1" 404 19184 "http://sparkdeveloper.com/category/java/page/4/" "Mozilla/5.0 (compatible; spbot/5.0; +http://OpenLinkProfiler.org/bot )"
107.170.120.52 - - [24/Feb/2016:01:18:30 -0500] "GET /2014/08/14/using-spring-xd-to-load-files-into-gemfire-xd/ HTTP/1.1" 200 70675 "http://sparkdeveloper.com/page/4/" "Mozilla/5.0 (compatible; spbot/5.0; +http://OpenLinkProfiler.org/bot )"
107.170.120.52 - - [24/Feb/2016:01:18:34 -0500] "GET /2014/10/16/spark-on-tachyon-on-pivotal-hd-2-0-hadoop-2-2/ HTTP/1.1" 200 87977 "http://sparkdeveloper.com/page/3/" "Mozilla/5.0 (compatible; spbot/5.0; +http://OpenLinkProfiler.org/bot )"
107.170.120.52 - - [24/Feb/2016:01:18:40 -0500] "GET /2014/05/16/quick-note-object-mapping-frameworks-for-java/ HTTP/1.1" 200 70990 "http://sparkdeveloper.com/page/6/" "Mozilla/5.0 (compatible; spbot/5.0; +http://OpenLinkProfiler.org/bot )"
107.170.120.52 - - [24/Feb/2016:01:18:45 -0500] "GET /author/bunkertorgmail-com/page/8/p6SpyforJDBCInterception HTTP/1.1" 404 19184 "http://sparkdeveloper.com/author/bunkertorgmail-com/page/8/" "Mozilla/5.0 (compatible; spbot/5.0; +http://OpenLinkProfiler.org/bot )"
107.170.120.52 - - [24/Feb/2016:01:18:50 -0500] "GET /2013/03/11/10gen-m101j-mongodb-for-java-developers-week-2/ HTTP/1.1" 200 71619 "http://sparkdeveloper.com/page/19/" "Mozilla/5.0 (compatible; spbot/5.0; +http://OpenLinkProfiler.org/bot )"
107.170.120.52 - - [24/Feb/2016:01:18:55 -0500] "GET /2013/08/23/developing-a-localized-application-with-android/ HTTP/1.1" 200 70433 "http://sparkdeveloper.com/page/12/" "Mozilla/5.0 (compatible; spbot/5.0; +http://OpenLinkProfiler.org/bot )"
107.170.120.52 - - [24/Feb/2016:01:19:00 -0500] "GET /2012/10/17/node-js-development-on-windows-with-webmatrix-2/ HTTP/1.1" 200 71963 "http://sparkdeveloper.com/page/25/" "Mozilla/5.0 (compatible; spbot/5.0; +http://OpenLinkProfiler.org/bot )"
107.170.120.52 - - [24/Feb/2016:01:19:05 -0500] "GET /2014/10/14/the-future-architecture-of-a-data-lake-in-memory/ HTTP/1.1" 200 72486 "http://sparkdeveloper.com/page/3/" "Mozilla/5.0 (compatible; spbot/5.0; +http://OpenLinkProfiler.org/bot )"
107.170.120.52 - - [24/Feb/2016:01:19:10 -0500] "GET /2012/06/02/noiseweb-noise-producer-android-sound-application/ HTTP/1.1" 200 76712 "http://sparkdeveloper.com/page/31/" "Mozilla/5.0 (compatible; spbot/5.0; +http://OpenLinkProfiler.org/bot )"
107.170.120.52 - - [24/Feb/2016:01:19:15 -0500] "GET /2014/04/02/spring-boot-with-spring-4-and-spring-data-mongodb/ HTTP/1.1" 200 71072 "http://sparkdeveloper.com/page/8/" "Mozilla/5.0 (compatible; spbot/5.0; +http://OpenLinkProfiler.org/bot )"
107.170.120.52 - - [24/Feb/2016:01:19:20 -0500] "GET /2012/01/25/webinars-articles-and-tutorials-android-java-nosql/ HTTP/1.1" 200 79858 "http://sparkdeveloper.com/page/36/" "Mozilla/5.0 (compatible; spbot/5.0; +http://OpenLinkProfiler.org/bot )"
107.170.120.52 - - [24/Feb/2016:01:19:25 -0500] "GET /2012/05/16/developing-applications-on-redhats-openshift-cloud/ HTTP/1.1" 200 71871 "http://sparkdeveloper.com/page/32/" "Mozilla/5.0 (compatible; spbot/5.0; +http://OpenLinkProfiler.org/bot )"
77.75.78.167 - - [24/Feb/2016:01:19:26 -0500] "GET /robots.txt HTTP/1.1" 200 187 "-" "Mozilla/5.0 (compatible; SeznamBot/3.2; +http://fulltext.sblog.cz/)"
107.170.120.52 - - [24/Feb/2016:01:19:30 -0500] "GET /2015/09/29/apache-spark-camp-hadoop-world-strata-conf-2015-nyc/ HTTP/1.1" 200 67618 "http://sparkdeveloper.com/page/2/" "Mozilla/5.0 (compatible; spbot/5.0; +http://OpenLinkProfiler.org/bot )"
77.75.78.167 - - [24/Feb/2016:01:19:29 -0500] "GET /category/microservices/ HTTP/1.1" 200 46200 "-" "Mozilla/5.0 (compatible; SeznamBot/3.2; +http://fulltext.sblog.cz/)"
107.170.120.52 - - [24/Feb/2016:01:19:34 -0500] "GET /2013/07/01/algorithms-data-structures-android-html5-java-tools/ HTTP/1.1" 200 74421 "http://sparkdeveloper.com/page/14/" "Mozilla/5.0 (compatible; spbot/5.0; +http://OpenLinkProfiler.org/bot )"
107.170.120.52 - - [24/Feb/2016:01:19:40 -0500] "GET /2014/09/12/spring-cloud-spring-boot-microservices-and-spring-io/ HTTP/1.1" 200 70050 "http://sparkdeveloper.com/page/4/" "Mozilla/5.0 (compatible; spbot/5.0; +http://OpenLinkProfiler.org/bot )"
107.170.120.52 - - [24/Feb/2016:01:19:45 -0500] "GET /2012/07/03/spring-mvc-spring-data-for-mongodb-mongolab-openshift/ HTTP/1.1" 200 70561 "http://sparkdeveloper.com/page/27/" "Mozilla/5.0 (compatible; spbot/5.0; +http://OpenLinkProfiler.org/bot )"
107.170.120.52 - - [24/Feb/2016:01:19:50 -0500] "GET /2012/04/23/android-nosql-jboss-mashups-mobile-testing-javascript/ HTTP/1.1" 200 77011 "http://sparkdeveloper.com/page/33/" "Mozilla/5.0 (compatible; spbot/5.0; +http://OpenLinkProfiler.org/bot )"
107.170.120.52 - - [24/Feb/2016:01:19:55 -0500] "GET /2013/06/04/hp-developer-anywhere-updated-to-10-01-on-june-1-2013/ HTTP/1.1" 200 71618 "http://sparkdeveloper.com/page/15/" "Mozilla/5.0 (compatible; spbot/5.0; +http://OpenLinkProfiler.org/bot )"
107.170.120.52 - - [24/Feb/2016:01:20:00 -0500] "GET /2014/01/09/timing-monitoring-microbenchmarks-and-metrics-for-java/ HTTP/1.1" 200 76243 "http://sparkdeveloper.com/page/8/" "Mozilla/5.0 (compatible; spbot/5.0; +http://OpenLinkProfiler.org/bot )"
107.170.120.52 - - [24/Feb/2016:01:20:05 -0500] "GET /2014/05/28/quick-tip-spring-rest-utility-for-current-http-request/ HTTP/1.1" 200 70163 "http://sparkdeveloper.com/page/5/" "Mozilla/5.0 (compatible; spbot/5.0; +http://OpenLinkProfiler.org/bot )"
107.170.120.52 - - [24/Feb/2016:01:20:10 -0500] "GET /2012/11/26/using-ibm-heap-analyzer-and-other-ibm-tools-for-ibm-jdk/ HTTP/1.1" 200 75610 "http://sparkdeveloper.com/page/24/" "Mozilla/5.0 (compatible; spbot/5.0; +http://OpenLinkProfiler.org/bot )"
107.170.120.52 - - [24/Feb/2016:01:20:15 -0500] "GET /author/bunkertorgmail-com/page/8/&lt;prefill&gt;true&lt;/prefill&gt; HTTP/1.1" 404 19184 "http://sparkdeveloper.com/author/bunkertorgmail-com/page/8/" "Mozilla/5.0 (compatible; spbot/5.0; +http://OpenLinkProfiler.org/bot )"
107.170.120.52 - - [24/Feb/2016:01:20:20 -0500] "GET /author/bunkertorgmail-com/page/8/JDBC/JBoss/Hibernate/JPAPerformance HTTP/1.1" 404 19184 "http://sparkdeveloper.com/author/bunkertorgmail-com/page/8/" "Mozilla/5.0 (compatible; spbot/5.0; +http://OpenLinkProfiler.org/bot )"
107.170.120.52 - - [24/Feb/2016:01:20:25 -0500] "GET /page/8/org.hibernate.transaction.JBossTransactionManagerLookupJBossAS HTTP/1.1" 404 19184 "http://sparkdeveloper.com/page/8/" "Mozilla/5.0 (compatible; spbot/5.0; +http://OpenLinkProfiler.org/bot )"
107.170.120.52 - - [24/Feb/2016:01:20:29 -0500] "GET /2014/05/19/quick-links-modern-tools-for-modern-big-data-applications/ HTTP/1.1" 200 85720 "http://sparkdeveloper.com/page/5/" "Mozilla/5.0 (compatible; spbot/5.0; +http://OpenLinkProfiler.org/bot )"
107.170.120.52 - - [24/Feb/2016:01:20:35 -0500] "GET /2013/05/29/quick-example-of-searching-your-outlook-pst-file-with-java/ HTTP/1.1" 200 71663 "http://sparkdeveloper.com/page/15/" "Mozilla/5.0 (compatible; spbot/5.0; +http://OpenLinkProfiler.org/bot )"
107.170.120.52 - - [24/Feb/2016:01:20:40 -0500] "GET /2015/11/04/setting-up-a-standalone-apache-spark-1-5-1-cluster-on-ubuntu/ HTTP/1.1" 200 74010 "http://sparkdeveloper.com/" "Mozilla/5.0 (compatible; spbot/5.0; +http://OpenLinkProfiler.org/bot )"
107.170.142.158 - - [24/Feb/2016:01:20:40 -0500] "GET /feed/ HTTP/1.1" 200 129465 "-" "Feedbin feed-id:1015889 - 1 subscribers"
107.170.120.52 - - [24/Feb/2016:01:20:45 -0500] "GET /2013/10/16/static-code-analysis-code-coverage-and-jenkins-with-cloudbees/ HTTP/1.1" 200 71072 "http://sparkdeveloper.com/page/10/" "Mozilla/5.0 (compatible; spbot/5.0; +http://OpenLinkProfiler.org/bot )"
107.170.120.52 - - [24/Feb/2016:01:20:50 -0500] "GET /2013/09/07/lambda-links-and-the-search-for-final-closure-java-8-and-scala/ HTTP/1.1" 200 71454 "http://sparkdeveloper.com/page/11/" "Mozilla/5.0 (compatible; spbot/5.0; +http://OpenLinkProfiler.org/bot )"
107.170.120.52 - - [24/Feb/2016:01:20:55 -0500] "GET /2014/05/16/big-data-links-16-may-2014-hadoop-redis-sqlfire-hdfs-pivotal-hd/ HTTP/1.1" 200 79176 "http://sparkdeveloper.com/page/6/" "Mozilla/5.0 (compatible; spbot/5.0; +http://OpenLinkProfiler.org/bot )"
107.170.120.52 - - [24/Feb/2016:01:21:00 -0500] "GET /category/jpa/org.hibernate.transaction.JBossTransactionManagerLookupJBossAS HTTP/1.1" 404 19184 "http://sparkdeveloper.com/category/jpa/" "Mozilla/5.0 (compatible; spbot/5.0; +http://OpenLinkProfiler.org/bot )"
107.170.120.52 - - [24/Feb/2016:01:21:05 -0500] "GET /category/rest/org.hibernate.transaction.JBossTransactionManagerLookupJBossAS HTTP/1.1" 404 19184 "http://sparkdeveloper.com/category/rest/" "Mozilla/5.0 (compatible; spbot/5.0; +http://OpenLinkProfiler.org/bot )"
107.170.120.52 - - [24/Feb/2016:01:21:10 -0500] "GET /category/maven/org.hibernate.transaction.JBossTransactionManagerLookupJBossAS HTTP/1.1" 404 19184 "http://sparkdeveloper.com/category/maven/" "Mozilla/5.0 (compatible; spbot/5.0; +http://OpenLinkProfiler.org/bot )"
107.170.120.52 - - [24/Feb/2016:01:21:15 -0500] "GET /category/jboss/org.hibernate.transaction.JBossTransactionManagerLookupJBossAS HTTP/1.1" 404 19184 "http://sparkdeveloper.com/category/jboss/" "Mozilla/5.0 (compatible; spbot/5.0; +http://OpenLinkProfiler.org/bot )"
107.170.120.52 - - [24/Feb/2016:01:21:20 -0500] "GET /2014/10/29/loading-tilde-delimited-files-into-hawq-tables-with-mixed-columns/ HTTP/1.1" 200 74491 "http://sparkdeveloper.com/page/3/" "Mozilla/5.0 (compatible; spbot/5.0; +http://OpenLinkProfiler.org/bot )"
107.170.120.52 - - [24/Feb/2016:01:21:25 -0500] "GET /category/oracle/org.hibernate.transaction.JBossTransactionManagerLookupJBossAS HTTP/1.1" 404 19184 "http://sparkdeveloper.com/category/oracle/" "Mozilla/5.0 (compatible; spbot/5.0; +http://OpenLinkProfiler.org/bot )"
107.170.120.52 - - [24/Feb/2016:01:21:30 -0500] "GET /2014/02/07/jboss-as-7-and-jboss-eap-6-1-1-data-sources/p6SpyforJDBCInterception HTTP/1.1" 404 19184 "http://sparkdeveloper.com/2014/02/07/jboss-as-7-and-jboss-eap-6-1-1-data-sources/" "Mozilla/5.0 (compatible; spbot/5.0; +http://OpenLinkProfiler.org/bot )"
107.170.120.52 - - [24/Feb/2016:01:21:35 -0500] "GET /category/hibernate/org.hibernate.transaction.JBossTransactionManagerLookupJBossAS HTTP/1.1" 404 19184 "http://sparkdeveloper.com/category/hibernate/" "Mozilla/5.0 (compatible; spbot/5.0; +http://OpenLinkProfiler.org/bot )"
107.170.120.52 - - [24/Feb/2016:01:21:40 -0500] "GET /2014/03/05/recent-links-data-java-javascript-patterns-mean-cordova-testing-node-js/ HTTP/1.1" 200 100583 "http://sparkdeveloper.com/page/8/" "Mozilla/5.0 (compatible; spbot/5.0; +http://OpenLinkProfiler.org/bot )"
107.170.120.52 - - [24/Feb/2016:01:21:45 -0500] "GET /category/java/page/4/org.hibernate.transaction.JBossTransactionManagerLookupJBossAS HTTP/1.1" 404 19184 "http://sparkdeveloper.com/category/java/page/4/" "Mozilla/5.0 (compatible; spbot/5.0; +http://OpenLinkProfiler.org/bot )"
107.170.120.52 - - [24/Feb/2016:01:21:50 -0500] "GET /2013/05/22/vert-x-yoke-polyglot-answer-to-node-js-express-websockets-on-many-clouds/ HTTP/1.1" 200 74812 "http://sparkdeveloper.com/page/16/" "Mozilla/5.0 (compatible; spbot/5.0; +http://OpenLinkProfiler.org/bot )"
107.170.120.52 - - [24/Feb/2016:01:21:55 -0500] "GET /2015/09/17/top-25-tutorials-and-workshops-for-hadoop-and-related-big-data-technologies/ HTTP/1.1" 200 78167 "http://sparkdeveloper.com/page/2/" "Mozilla/5.0 (compatible; spbot/5.0; +http://OpenLinkProfiler.org/bot )"
107.170.120.52 - - [24/Feb/2016:01:22:00 -0500] "GET /2014/02/07/jboss-as-7-and-jboss-eap-6-1-1-data-sources/&lt;prefill&gt;true&lt;/prefill&gt; HTTP/1.1" 404 19184 "http://sparkdeveloper.com/2014/02/07/jboss-as-7-and-jboss-eap-6-1-1-data-sources/" "Mozilla/5.0 (compatible; spbot/5.0; +http://OpenLinkProfiler.org/bot )"
188.165.238.96 - - [24/Feb/2016:01:22:01 -0500] "POST /xmlrpc.php HTTP/1.1" 200 448 "http://agilemobiledeveloper.com/xmlrpc.php" "Mozilla/5.0 (X11; U; Linux i686; en-US; rv:1.7.8) Gecko/20050610"
107.170.120.52 - - [24/Feb/2016:01:22:05 -0500] "GET /2014/02/07/jboss-as-7-and-jboss-eap-6-1-1-data-sources/JDBC/JBoss/Hibernate/JPAPerformance HTTP/1.1" 404 19184 "http://sparkdeveloper.com/2014/02/07/jboss-as-7-and-jboss-eap-6-1-1-data-sources/" "Mozilla/5.0 (compatible; spbot/5.0; +http://OpenLinkProfiler.org/bot )"
107.170.120.52 - - [24/Feb/2016:01:22:10 -0500] "GET /author/bunkertorgmail-com/page/8/org.hibernate.transaction.JBossTransactionManagerLookupJBossAS HTTP/1.1" 404 19184 "http://sparkdeveloper.com/author/bunkertorgmail-com/page/8/" "Mozilla/5.0 (compatible; spbot/5.0; +http://OpenLinkProfiler.org/bot )"
192.0.84.33 - - [24/Feb/2016:01:22:10 -0500] "HEAD / HTTP/1.1" 200 - "-" "jetmon/1.0 (Jetpack Site Uptime Monitor by WordPress.com)"
192.0.84.33 - - [24/Feb/2016:01:22:15 -0500] "HEAD / HTTP/1.1" 200 - "-" "jetmon/1.0 (Jetpack Site Uptime Monitor by WordPress.com)"
107.170.120.52 - - [24/Feb/2016:01:22:15 -0500] "GET /2015/11/29/tools-for-troubleshooting-installation-and-setup-of-apache-spark-big-data-environments/ HTTP/1.1" 200 73888 "http://sparkdeveloper.com/" "Mozilla/5.0 (compatible; spbot/5.0; +http://OpenLinkProfiler.org/bot )"
107.170.120.52 - - [24/Feb/2016:01:22:20 -0500] "GET /2012/02/09/android-subversion-spring-hibernate-html5-javaee-playframework-guice-jmeter-nosql-scrum/ HTTP/1.1" 200 73657 "http://sparkdeveloper.com/page/35/" "Mozilla/5.0 (compatible; spbot/5.0; +http://OpenLinkProfiler.org/bot )"
107.170.120.52 - - [24/Feb/2016:01:22:25 -0500] "GET /2012/02/29/javascript-libraries-html5-strong-cryptography-graphing-droid-testing-spring-fb-integration/ HTTP/1.1" 200 76485 "http://sparkdeveloper.com/page/34/" "Mozilla/5.0 (compatible; spbot/5.0; +http://OpenLinkProfiler.org/bot )"
107.170.120.52 - - [24/Feb/2016:01:22:30 -0500] "GET /2013/07/22/spring-3-2-3-spring-mvc-hibernate-4-2-3-jpa-2-on-cloudbees-heroku-openshift-and-cloudfoundry-in-progress/ HTTP/1.1" 200 74005 "http://sparkdeveloper.com/page/13/" "Mozilla/5.0 (compatible; spbot/5.0; +http://OpenLinkProfiler.org/bot )"
107.170.120.52 - - [24/Feb/2016:01:22:35 -0500] "GET /2014/02/07/jboss-as-7-and-jboss-eap-6-1-1-data-sources/org.hibernate.transaction.JBossTransactionManagerLookupJBossAS HTTP/1.1" 404 19184 "http://sparkdeveloper.com/2014/02/07/jboss-as-7-and-jboss-eap-6-1-1-data-sources/" "Mozilla/5.0 (compatible; spbot/5.0; +http://OpenLinkProfiler.org/bot )"
192.0.101.226 - - [24/Feb/2016:01:22:34 -0500] "HEAD / HTTP/1.1" 200 - "-" "jetmon/1.0 (Jetpack Site Uptime Monitor by WordPress.com)"
107.170.120.52 - - [24/Feb/2016:01:22:40 -0500] "GET /2013/01/31/hibernate-ogm-mongodb-vs-kundera-vs-jongo-vs-mongodb-api-vs-morphia-vs-spring-data-mongo-mongodb-drivers-for-java/ HTTP/1.1" 200 78082 "http://sparkdeveloper.com/page/23/" "Mozilla/5.0 (compatible; spbot/5.0; +http://OpenLinkProfiler.org/bot )"
192.0.101.226 - - [24/Feb/2016:01:22:50 -0500] "HEAD / HTTP/1.1" 200 - "-" "jetmon/1.0 (Jetpack Site Uptime Monitor by WordPress.com)"
192.0.101.226 - - [24/Feb/2016:01:23:02 -0500] "HEAD / HTTP/1.1" 200 - "-" "jetmon/1.0 (Jetpack Site Uptime Monitor by WordPress.com)"
192.0.101.226 - - [24/Feb/2016:01:23:08 -0500] "HEAD / HTTP/1.1" 200 - "-" "jetmon/1.0 (Jetpack Site Uptime Monitor by WordPress.com)"
86.57.158.134 - - [24/Feb/2016:01:23:30 -0500] "GET /robots.txt HTTP/1.1" 200 187 "-" "Goldfire Server"
86.57.158.134 - - [24/Feb/2016:01:23:37 -0500] "GET /2015/08/10/apache-drill-with-avro-and-mongodb/ HTTP/1.1" 200 24811 "-" "Goldfire Server"
188.165.238.96 - - [24/Feb/2016:01:25:44 -0500] "POST /xmlrpc.php HTTP/1.1" 200 538 "http://noiseweb.com/xmlrpc.php" "Mozilla/5.0 (Linux i686; U; en; rv:1.8.1) Gecko/20061208 Firefox/2.0.0"
51.255.65.86 - - [24/Feb/2016:01:25:49 -0500] "GET /2015/06/02/mongodb-world-day-2-2015/?share=linkedin HTTP/1.1" 302 445 "-" "Mozilla/5.0 (compatible; AhrefsBot/5.0; +http://ahrefs.com/robot/)"
188.165.238.96 - - [24/Feb/2016:01:25:53 -0500] "POST /xmlrpc.php HTTP/1.1" 200 538 "http://noiseweb.com/xmlrpc.php" "Mozilla/5.0 (X11; U; Linux i686; it-IT; rv:1.9.0.11) Gecko/2009060308 Linux Mint/7 (Gloria) Firefox/3.0.11"
46.148.22.18 - - [24/Feb/2016:01:26:46 -0500] "POST /xmlrpc.php HTTP/1.1" 200 536 "http://noiseweb.com/xmlrpc.php" "Mozilla/5.0 (Windows; U; Windows NT 6.1; en-GB; rv:1.9.1b3) Gecko/20090305 Firefox/3.1b3 (.NET CLR 3.5.30729)"
192.0.84.33 - - [24/Feb/2016:01:27:06 -0500] "HEAD / HTTP/1.1" 200 - "-" "jetmon/1.0 (Jetpack Site Uptime Monitor by WordPress.com)"
192.0.84.33 - - [24/Feb/2016:01:27:12 -0500] "HEAD / HTTP/1.1" 200 - "-" "jetmon/1.0 (Jetpack Site Uptime Monitor by WordPress.com)"
51.255.65.66 - - [24/Feb/2016:01:27:31 -0500] "GET /wiki/mobile-proline-sports-odds/ HTTP/1.1" 404 8472 "-" "Mozilla/5.0 (compatible; AhrefsBot/5.0; +http://ahrefs.com/robot/)"
157.55.39.233 - - [24/Feb/2016:01:27:30 -0500] "GET /2013/02/19/todays-links-2/ HTTP/1.1" 200 24766 "-" "Mozilla/5.0 (compatible; bingbot/2.0; +http://www.bing.com/bingbot.htm)"
192.0.101.226 - - [24/Feb/2016:01:27:37 -0500] "HEAD / HTTP/1.1" 200 - "-" "jetmon/1.0 (Jetpack Site Uptime Monitor by WordPress.com)"
192.0.101.226 - - [24/Feb/2016:01:27:42 -0500] "HEAD / HTTP/1.1" 200 - "-" "jetmon/1.0 (Jetpack Site Uptime Monitor by WordPress.com)"
192.0.101.226 - - [24/Feb/2016:01:27:58 -0500] "HEAD / HTTP/1.1" 200 - "-" "jetmon/1.0 (Jetpack Site Uptime Monitor by WordPress.com)"
65.254.225.145 - - [24/Feb/2016:01:28:08 -0500] "POST /wp-cron.php?doing_wp_cron=1456295288.7525570392608642578125 HTTP/1.1" 200 - "-" "WordPress/4.3.3; http://www.baconlandia.com"
192.0.101.226 - - [24/Feb/2016:01:28:07 -0500] "HEAD / HTTP/1.1" 200 - "-" "jetmon/1.0 (Jetpack Site Uptime Monitor by WordPress.com)"
192.0.84.33 - - [24/Feb/2016:01:32:07 -0500] "HEAD / HTTP/1.1" 200 - "-" "jetmon/1.0 (Jetpack Site Uptime Monitor by WordPress.com)"
192.0.84.33 - - [24/Feb/2016:01:32:20 -0500] "HEAD / HTTP/1.1" 200 - "-" "jetmon/1.0 (Jetpack Site Uptime Monitor by WordPress.com)"
192.0.101.226 - - [24/Feb/2016:01:32:34 -0500] "HEAD / HTTP/1.1" 200 - "-" "jetmon/1.0 (Jetpack Site Uptime Monitor by WordPress.com)"
180.76.15.137 - - [24/Feb/2016:01:32:34 -0500] "GET /wp-json/oembed/1.0/embed?url=http%3A%2F%2Fwww.agilemobiledeveloper.com%2F2012%2F06%2F03%2Fvert-x%2F&format=xml HTTP/1.1" 200 2461 "-" "Mozilla/5.0 (compatible; Baiduspider/2.0; +http://www.baidu.com/search/spider.html)"
192.0.101.226 - - [24/Feb/2016:01:32:46 -0500] "HEAD / HTTP/1.1" 200 - "-" "jetmon/1.0 (Jetpack Site Uptime Monitor by WordPress.com)"
192.0.101.226 - - [24/Feb/2016:01:33:00 -0500] "HEAD / HTTP/1.1" 200 - "-" "jetmon/1.0 (Jetpack Site Uptime Monitor by WordPress.com)"
192.0.101.226 - - [24/Feb/2016:01:33:04 -0500] "HEAD / HTTP/1.1" 200 - "-" "jetmon/1.0 (Jetpack Site Uptime Monitor by WordPress.com)"
65.254.225.145 - - [24/Feb/2016:01:33:05 -0500] "POST /wp-cron.php?doing_wp_cron=1456295585.5105180740356445312500 HTTP/1.1" 200 - "-" "WordPress/4.3.3; http://www.baconlandia.com"
199.16.156.126 - - [24/Feb/2016:01:33:48 -0500] "GET /robots.txt HTTP/1.1" 200 187 "-" "Twitterbot/1.0"
199.16.156.126 - - [24/Feb/2016:01:33:50 -0500] "GET /2013/01/23/dzgoodies/ HTTP/1.1" 200 21733 "-" "Twitterbot/1.0"
68.180.229.154 - - [24/Feb/2016:01:34:17 -0500] "GET /2014/10/20/my-recent-articles/ HTTP/1.1" 200 21789 "-" "Mozilla/5.0 (compatible; Yahoo! Slurp; http://help.yahoo.com/help/us/ysearch/slurp)"
180.153.236.163 - - [24/Feb/2016:01:35:01 -0500] "GET / HTTP/1.1" 200 91966 "http://sparkdeveloper.com/" "Mozilla/5.0 (compatible; MSIE 9.0; Windows NT 6.1; Trident/5.0); 360Spider(compatible; HaosouSpider; http://www.haosou.com/help/help_3_2.html)"
51.255.65.42 - - [24/Feb/2016:01:35:04 -0500] "GET /2015/10/29/hikari-connection-pool/ HTTP/1.1" 200 21827 "-" "Mozilla/5.0 (compatible; AhrefsBot/5.0; +http://ahrefs.com/robot/)"
107.170.142.158 - - [24/Feb/2016:01:35:23 -0500] "GET /feed/ HTTP/1.1" 200 129465 "-" "Feedbin feed-id:1015889 - 1 subscribers"
192.0.84.33 - - [24/Feb/2016:01:37:11 -0500] "HEAD / HTTP/1.1" 200 - "-" "jetmon/1.0 (Jetpack Site Uptime Monitor by WordPress.com)"
192.0.84.33 - - [24/Feb/2016:01:37:16 -0500] "HEAD / HTTP/1.1" 200 - "-" "jetmon/1.0 (Jetpack Site Uptime Monitor by WordPress.com)"
192.0.101.226 - - [24/Feb/2016:01:37:37 -0500] "HEAD / HTTP/1.1" 200 - "-" "jetmon/1.0 (Jetpack Site Uptime Monitor by WordPress.com)"
192.0.101.226 - - [24/Feb/2016:01:37:44 -0500] "HEAD / HTTP/1.1" 200 - "-" "jetmon/1.0 (Jetpack Site Uptime Monitor by WordPress.com)"
192.0.101.226 - - [24/Feb/2016:01:38:00 -0500] "HEAD / HTTP/1.1" 200 - "-" "jetmon/1.0 (Jetpack Site Uptime Monitor by WordPress.com)"
192.0.101.226 - - [24/Feb/2016:01:38:14 -0500] "HEAD / HTTP/1.1" 200 - "-" "jetmon/1.0 (Jetpack Site Uptime Monitor by WordPress.com)"
178.32.217.178 - - [24/Feb/2016:01:38:28 -0500] "GET /feed/ HTTP/1.1" 200 129465 "-" "Mozilla/5.0 (Windows NT 6.2; Win64; x64; rv:16.0.1) Gecko/20121011 Firefox/16.0.1"
123.57.237.215 - - [24/Feb/2016:01:40:11 -0500] "GET /feed/ HTTP/1.1" 200 129465 "-" "Mozilla/5.0 (Ubuntu; X11; Linux x86_64; rv:8.0) Gecko/20100101 Firefox/8.0"
68.180.228.42 - - [24/Feb/2016:01:41:56 -0500] "GET /category/pivotal-hd/feed/ HTTP/1.1" 200 21639 "-" "Mozilla/5.0 (compatible; Yahoo! Slurp; http://help.yahoo.com/help/us/ysearch/slurp)"
192.0.84.33 - - [24/Feb/2016:01:42:12 -0500] "HEAD / HTTP/1.1" 200 - "-" "jetmon/1.0 (Jetpack Site Uptime Monitor by WordPress.com)"
192.0.84.33 - - [24/Feb/2016:01:42:12 -0500] "HEAD / HTTP/1.1" 200 - "-" "jetmon/1.0 (Jetpack Site Uptime Monitor by WordPress.com)"
204.50.113.29 - - [24/Feb/2016:01:42:17 -0500] "GET /2013/05/29/quick-example-of-searching-your-outlook-pst-file-with-java/ HTTP/1.1" 200 24019 "https://www.google.ca/" "Mozilla/5.0 (Windows NT 6.1; WOW64) AppleWebKit/537.36 (KHTML, like Gecko) Chrome/48.0.2564.116 Safari/537.36"
204.50.113.29 - - [24/Feb/2016:01:42:18 -0500] "GET /wp-content/themes/bhost/css/font-awesome.min.css?ver=4.4.2 HTTP/1.1" 200 26711 "-" "Mozilla/4.0 (compatible;)"
204.50.113.29 - - [24/Feb/2016:01:42:18 -0500] "GET /wp-content/themes/bhost/css/meanmenu.css?ver=4.4.2 HTTP/1.1" 200 3352 "-" "Mozilla/4.0 (compatible;)"
204.50.113.29 - - [24/Feb/2016:01:42:18 -0500] "GET /wp-content/plugins/wp-to-twitter/css/twitter-feed.css?ver=4.4.2 HTTP/1.1" 200 1552 "-" "Mozilla/4.0 (compatible;)"
204.50.113.29 - - [24/Feb/2016:01:42:18 -0500] "GET /wp-content/themes/bhost/css/bootstrap.min.css?ver=4.4.2 HTTP/1.1" 200 123603 "-" "Mozilla/4.0 (compatible;)"
204.50.113.29 - - [24/Feb/2016:01:42:18 -0500] "GET /wp-content/themes/bhost/style.css?ver=4.4.2 HTTP/1.1" 200 26358 "-" "Mozilla/4.0 (compatible;)"
204.50.113.29 - - [24/Feb/2016:01:42:18 -0500] "GET /wp-content/plugins/jetpack/css/jetpack.css?ver=3.9.1 HTTP/1.1" 200 57220 "-" "Mozilla/4.0 (compatible;)"
204.50.113.29 - - [24/Feb/2016:01:42:19 -0500] "GET /wp-includes/js/jquery/jquery-migrate.min.js?ver=1.2.1 HTTP/1.1" 200 7200 "-" "Mozilla/4.0 (compatible;)"
204.50.113.29 - - [24/Feb/2016:01:42:19 -0500] "GET /wp-includes/js/jquery/jquery.js?ver=1.11.3 HTTP/1.1" 200 95977 "-" "Mozilla/4.0 (compatible;)"
204.50.113.29 - - [24/Feb/2016:01:42:19 -0500] "GET /wp-includes/wlwmanifest.xml HTTP/1.1" 200 1045 "-" "Mozilla/4.0 (compatible;)"
204.50.113.29 - - [24/Feb/2016:01:42:18 -0500] "GET /2013/05/29/quick-example-of-searching-your-outlook-pst-file-with-java/feed/ HTTP/1.1" 200 908 "-" "Mozilla/4.0 (compatible;)"
204.50.113.29 - - [24/Feb/2016:01:42:18 -0500] "GET /comments/feed/ HTTP/1.1" 200 5760 "-" "Mozilla/4.0 (compatible;)"
204.50.113.29 - - [24/Feb/2016:01:42:18 -0500] "GET /xmlrpc.php HTTP/1.1" 405 42 "-" "Mozilla/4.0 (compatible;)"
204.50.113.29 - - [24/Feb/2016:01:42:19 -0500] "GET /wp-json/ HTTP/1.1" 200 991 "-" "Mozilla/4.0 (compatible;)"
204.50.113.29 - - [24/Feb/2016:01:42:19 -0500] "GET /xmlrpc.php?rsd HTTP/1.1" 200 902 "-" "Mozilla/4.0 (compatible;)"
204.50.113.29 - - [24/Feb/2016:01:42:18 -0500] "GET /feed/ HTTP/1.1" 200 129465 "-" "Mozilla/4.0 (compatible;)"
204.50.113.29 - - [24/Feb/2016:01:42:20 -0500] "GET /wp-content/plugins/akismet/_inc/form.js?ver=3.1.7 HTTP/1.1" 200 700 "-" "Mozilla/4.0 (compatible;)"
204.50.113.29 - - [24/Feb/2016:01:42:20 -0500] "GET /wp-content/plugins/jetpack/modules/photon/photon.js?ver=20130122 HTTP/1.1" 200 1378 "-" "Mozilla/4.0 (compatible;)"
204.50.113.29 - - [24/Feb/2016:01:42:19 -0500] "GET /wp-json/oembed/1.0/embed?url=http%3A%2F%2Fwww.agilemobiledeveloper.com%2F2013%2F05%2F29%2Fquick-example-of-searching-your-outlook-pst-file-with-java%2F& HTTP/1.1" 200 2585 "-" "Mozilla/4.0 (compatible;)"
204.50.113.29 - - [24/Feb/2016:01:42:19 -0500] "GET /2013/05/29/droid-development-links/ HTTP/1.1" 200 29543 "-" "Mozilla/4.0 (compatible;)"
204.50.113.29 - - [24/Feb/2016:01:42:19 -0500] "GET /2013/05/31/links-du-jour/ HTTP/1.1" 200 23243 "-" "Mozilla/4.0 (compatible;)"
204.50.113.29 - - [24/Feb/2016:01:42:19 -0500] "GET /wp-json/oembed/1.0/embed?url=http%3A%2F%2Fwww.agilemobiledeveloper.com%2F2013%2F05%2F29%2Fquick-example-of-searching-your-outlook-pst-file-with-java%2F HTTP/1.1" 200 2585 "-" "Mozilla/4.0 (compatible;)"
204.50.113.29 - - [24/Feb/2016:01:42:20 -0500] "GET /wp-content/plugins/jetpack/modules/wpgroho.js?ver=4.4.2 HTTP/1.1" 200 1015 "-" "Mozilla/4.0 (compatible;)"
204.50.113.29 - - [24/Feb/2016:01:42:20 -0500] "GET /wp-content/themes/bhost/js/bootstrap.min.js?ver=20120205 HTTP/1.1" 200 37055 "-" "Mozilla/4.0 (compatible;)"
204.50.113.29 - - [24/Feb/2016:01:42:20 -0500] "GET /wp-content/themes/bhost/js/skip-link-focus-fix.js?ver=20130115 HTTP/1.1" 200 658 "-" "Mozilla/4.0 (compatible;)"
204.50.113.29 - - [24/Feb/2016:01:42:20 -0500] "GET /wp-content/themes/bhost/js/jquery.meanmenu.min.js?ver=20130116 HTTP/1.1" 200 4019 "-" "Mozilla/4.0 (compatible;)"
204.50.113.29 - - [24/Feb/2016:01:42:20 -0500] "GET /wp-content/themes/bhost/js/custom.js?ver=20130118 HTTP/1.1" 200 196 "-" "Mozilla/4.0 (compatible;)"
204.50.113.29 - - [24/Feb/2016:01:42:20 -0500] "GET /wp-includes/js/comment-reply.min.js?ver=4.4.2 HTTP/1.1" 200 1078 "-" "Mozilla/4.0 (compatible;)"
204.50.113.29 - - [24/Feb/2016:01:42:20 -0500] "GET /wp-includes/js/wp-embed.min.js?ver=4.4.2 HTTP/1.1" 200 1518 "-" "Mozilla/4.0 (compatible;)"
204.50.113.29 - - [24/Feb/2016:01:42:20 -0500] "GET /wp-content/uploads/2012/08/big-mvbbutton.png HTTP/1.1" 404 8472 "-" "Mozilla/4.0 (compatible;)"
204.50.113.29 - - [24/Feb/2016:01:42:20 -0500] "GET /wp-content/themes/bhost/js/jquery.easing.min.js?ver=20130117 HTTP/1.1" 404 8472 "-" "Mozilla/4.0 (compatible;)"
204.50.113.29 - - [24/Feb/2016:01:42:20 -0500] "GET /2013/05/29/droid-development-links/feed/ HTTP/1.1" 200 803 "-" "Mozilla/4.0 (compatible;)"
204.50.113.29 - - [24/Feb/2016:01:42:20 -0500] "GET /wp-json/oembed/1.0/embed?url=http%3A%2F%2Fwww.agilemobiledeveloper.com%2F2013%2F05%2F29%2Fdroid-development-links%2F& HTTP/1.1" 200 2445 "-" "Mozilla/4.0 (compatible;)"
204.50.113.29 - - [24/Feb/2016:01:42:20 -0500] "GET /wp-json/oembed/1.0/embed?url=http%3A%2F%2Fwww.agilemobiledeveloper.com%2F2013%2F05%2F31%2Flinks-du-jour%2F HTTP/1.1" 200 2405 "-" "Mozilla/4.0 (compatible;)"
204.50.113.29 - - [24/Feb/2016:01:42:20 -0500] "GET /2013/05/31/links-du-jour/feed/ HTTP/1.1" 200 773 "-" "Mozilla/4.0 (compatible;)"
204.50.113.29 - - [24/Feb/2016:01:42:20 -0500] "GET /wp-json/oembed/1.0/embed?url=http%3A%2F%2Fwww.agilemobiledeveloper.com%2F2013%2F05%2F29%2Fdroid-development-links%2F HTTP/1.1" 200 2445 "-" "Mozilla/4.0 (compatible;)"
204.50.113.29 - - [24/Feb/2016:01:42:20 -0500] "GET /2013/05/31/15-seconds-to-selenide/ HTTP/1.1" 200 22038 "-" "Mozilla/4.0 (compatible;)"
204.50.113.29 - - [24/Feb/2016:01:42:20 -0500] "GET /wp-json/oembed/1.0/embed?url=http%3A%2F%2Fwww.agilemobiledeveloper.com%2F2013%2F05%2F31%2Flinks-du-jour%2F& HTTP/1.1" 200 2405 "-" "Mozilla/4.0 (compatible;)"
204.50.113.29 - - [24/Feb/2016:01:42:20 -0500] "GET /2013/05/24/its-hip-2-b-square/ HTTP/1.1" 200 29079 "-" "Mozilla/4.0 (compatible;)"
204.50.113.29 - - [24/Feb/2016:01:42:22 -0500] "GET /2013/05/31/15-seconds-to-selenide/feed/ HTTP/1.1" 200 800 "-" "Mozilla/4.0 (compatible;)"
204.50.113.29 - - [24/Feb/2016:01:42:22 -0500] "GET /wp-json/oembed/1.0/embed?url=http%3A%2F%2Fwww.agilemobiledeveloper.com%2F2013%2F05%2F31%2F15-seconds-to-selenide%2F HTTP/1.1" 200 2441 "-" "Mozilla/4.0 (compatible;)"
204.50.113.29 - - [24/Feb/2016:01:42:22 -0500] "GET /wp-json/oembed/1.0/embed?url=http%3A%2F%2Fwww.agilemobiledeveloper.com%2F2013%2F05%2F24%2Fits-hip-2-b-square%2F& HTTP/1.1" 200 2433 "-" "Mozilla/4.0 (compatible;)"
204.50.113.29 - - [24/Feb/2016:01:42:22 -0500] "GET /wp-json/oembed/1.0/embed?url=http%3A%2F%2Fwww.agilemobiledeveloper.com%2F2013%2F05%2F31%2F15-seconds-to-selenide%2F& HTTP/1.1" 200 2441 "-" "Mozilla/4.0 (compatible;)"
204.50.113.29 - - [24/Feb/2016:01:42:22 -0500] "GET /2013/05/24/its-hip-2-b-square/feed/ HTTP/1.1" 200 795 "-" "Mozilla/4.0 (compatible;)"
204.50.113.29 - - [24/Feb/2016:01:42:22 -0500] "GET /wp-json/oembed/1.0/embed?url=http%3A%2F%2Fwww.agilemobiledeveloper.com%2F2013%2F05%2F24%2Fits-hip-2-b-square%2F HTTP/1.1" 200 2433 "-" "Mozilla/4.0 (compatible;)"
204.50.113.29 - - [24/Feb/2016:01:42:22 -0500] "GET /2013/05/31/using-square-retrofit-rest-client-with-pojo/ HTTP/1.1" 200 23685 "-" "Mozilla/4.0 (compatible;)"
204.50.113.29 - - [24/Feb/2016:01:42:22 -0500] "GET /2013/05/22/vert-x-yoke-polyglot-answer-to-node-js-express-websockets-on-many-clouds/ HTTP/1.1" 200 26304 "-" "Mozilla/4.0 (compatible;)"
204.50.113.29 - - [24/Feb/2016:01:42:24 -0500] "GET /wp-includes/js/wp-emoji-release.min.js?ver=4.4.2 HTTP/1.1" 200 33713 "http://www.agilemobiledeveloper.com/2013/05/29/quick-example-of-searching-your-outlook-pst-file-with-java/" "Mozilla/5.0 (Windows NT 6.1; WOW64) AppleWebKit/537.36 (KHTML, like Gecko) Chrome/48.0.2564.116 Safari/537.36"
204.50.113.29 - - [24/Feb/2016:01:42:24 -0500] "GET /wp-content/themes/bhost/js/jquery.easing.min.js?ver=20130117 HTTP/1.1" 404 8472 "http://www.agilemobiledeveloper.com/2013/05/29/quick-example-of-searching-your-outlook-pst-file-with-java/" "Mozilla/5.0 (Windows NT 6.1; WOW64) AppleWebKit/537.36 (KHTML, like Gecko) Chrome/48.0.2564.116 Safari/537.36"
204.50.113.29 - - [24/Feb/2016:01:42:24 -0500] "GET /wp-content/uploads/2012/08/big-mvbbutton.png HTTP/1.1" 404 8472 "http://www.agilemobiledeveloper.com/2013/05/29/quick-example-of-searching-your-outlook-pst-file-with-java/" "Mozilla/5.0 (Windows NT 6.1; WOW64) AppleWebKit/537.36 (KHTML, like Gecko) Chrome/48.0.2564.116 Safari/537.36"
204.50.113.29 - - [24/Feb/2016:01:42:26 -0500] "GET /favicon.ico HTTP/1.1" 200 - "http://www.agilemobiledeveloper.com/2013/05/29/quick-example-of-searching-your-outlook-pst-file-with-java/" "Mozilla/5.0 (Windows NT 6.1; WOW64) AppleWebKit/537.36 (KHTML, like Gecko) Chrome/48.0.2564.116 Safari/537.36"
192.0.101.226 - - [24/Feb/2016:01:42:42 -0500] "HEAD / HTTP/1.1" 200 - "-" "jetmon/1.0 (Jetpack Site Uptime Monitor by WordPress.com)"
192.0.101.226 - - [24/Feb/2016:01:42:42 -0500] "HEAD / HTTP/1.1" 200 - "-" "jetmon/1.0 (Jetpack Site Uptime Monitor by WordPress.com)"
54.224.168.18 - - [24/Feb/2016:01:42:49 -0500] "GET /feed/ HTTP/1.1" 200 129465 "-" "Flamingo_SearchEngine (+http://www.flamingosearch.com/bot)"
192.0.101.226 - - [24/Feb/2016:01:43:02 -0500] "HEAD / HTTP/1.1" 200 - "-" "jetmon/1.0 (Jetpack Site Uptime Monitor by WordPress.com)"
192.0.101.226 - - [24/Feb/2016:01:43:10 -0500] "HEAD / HTTP/1.1" 200 - "-" "jetmon/1.0 (Jetpack Site Uptime Monitor by WordPress.com)"
46.148.22.18 - - [24/Feb/2016:01:43:29 -0500] "POST /xmlrpc.php HTTP/1.1" 200 446 "http://mongodbdev.com/xmlrpc.php" "Mozilla/5.0 (compatible; Konqueror/3.1-rc5; i686 Linux; 20020823)"
159.220.74.5 - - [24/Feb/2016:01:43:53 -0500] "GET /2013/05/22/vert-x-yoke-polyglot-answer-to-node-js-express-websockets-on-many-clouds/ HTTP/1.1" 200 26304 "https://www.google.com/" "Mozilla/5.0 (Windows NT 6.1; WOW64) AppleWebKit/537.36 (KHTML, like Gecko) Chrome/48.0.2564.109 Safari/537.36"
159.220.74.5 - - [24/Feb/2016:01:44:21 -0500] "GET /wp-content/themes/bhost/js/jquery.easing.min.js?ver=20130117 HTTP/1.1" 404 8472 "http://www.agilemobiledeveloper.com/2013/05/22/vert-x-yoke-polyglot-answer-to-node-js-express-websockets-on-many-clouds/" "Mozilla/5.0 (Windows NT 6.1; WOW64) AppleWebKit/537.36 (KHTML, like Gecko) Chrome/48.0.2564.109 Safari/537.36"
195.3.144.92 - - [24/Feb/2016:01:44:25 -0500] "GET /wp-login.php HTTP/1.1" 403 3109 "-" "Mozilla/5.0 (Windows NT 6.1; WOW64) AppleWebKit/537.36 (KHTML, like Gecko) Chrome/36.0.1985.125 Safari/537.36"
159.220.74.5 - - [24/Feb/2016:01:44:26 -0500] "GET /wp-content/uploads/2012/08/big-mvbbutton.png HTTP/1.1" 404 8472 "http://www.agilemobiledeveloper.com/2013/05/22/vert-x-yoke-polyglot-answer-to-node-js-express-websockets-on-many-clouds/" "Mozilla/5.0 (Windows NT 6.1; WOW64) AppleWebKit/537.36 (KHTML, like Gecko) Chrome/48.0.2564.109 Safari/537.36"
159.220.74.5 - - [24/Feb/2016:01:44:38 -0500] "GET /favicon.ico HTTP/1.1" 200 - "http://www.agilemobiledeveloper.com/2013/05/22/vert-x-yoke-polyglot-answer-to-node-js-express-websockets-on-many-clouds/" "Mozilla/5.0 (Windows NT 6.1; WOW64) AppleWebKit/537.36 (KHTML, like Gecko) Chrome/48.0.2564.109 Safari/537.36"
51.255.65.49 - - [24/Feb/2016:01:44:43 -0500] "GET /2013/05/ HTTP/1.1" 200 96483 "-" "Mozilla/5.0 (compatible; AhrefsBot/5.0; +http://ahrefs.com/robot/)"
180.76.15.31 - - [24/Feb/2016:01:46:04 -0500] "GET / HTTP/1.1" 200 102798 "-" "Mozilla/5.0 (compatible; Baiduspider/2.0; +http://www.baidu.com/search/spider.html)"
192.0.84.33 - - [24/Feb/2016:01:47:07 -0500] "HEAD / HTTP/1.1" 200 - "-" "jetmon/1.0 (Jetpack Site Uptime Monitor by WordPress.com)"
192.0.84.33 - - [24/Feb/2016:01:47:13 -0500] "HEAD / HTTP/1.1" 200 - "-" "jetmon/1.0 (Jetpack Site Uptime Monitor by WordPress.com)"
61.135.189.117 - - [24/Feb/2016:01:47:34 -0500] "GET /why-airis-data/ HTTP/1.1" 200 37343 "-" "Sogou web spider/4.0(+http://www.sogou.com/docs/help/webmasters.htm#07)"
192.0.101.226 - - [24/Feb/2016:01:47:43 -0500] "HEAD / HTTP/1.1" 200 - "-" "jetmon/1.0 (Jetpack Site Uptime Monitor by WordPress.com)"
192.0.101.226 - - [24/Feb/2016:01:47:42 -0500] "HEAD / HTTP/1.1" 200 - "-" "jetmon/1.0 (Jetpack Site Uptime Monitor by WordPress.com)"
65.254.225.145 - - [24/Feb/2016:01:47:44 -0500] "POST /wp-cron.php?doing_wp_cron=1456296464.3657300472259521484375 HTTP/1.1" 200 - "-" "WordPress/4.3.3; http://www.dogshitsecurity.work"
61.135.189.117 - - [24/Feb/2016:01:47:51 -0500] "GET /robots.txt HTTP/1.1" 200 67 "-" "Sogou web spider/4.0(+http://www.sogou.com/docs/help/webmasters.htm#07)"
192.0.101.226 - - [24/Feb/2016:01:47:57 -0500] "HEAD / HTTP/1.1" 200 - "-" "jetmon/1.0 (Jetpack Site Uptime Monitor by WordPress.com)"
65.254.225.145 - - [24/Feb/2016:01:47:58 -0500] "POST /wp-cron.php?doing_wp_cron=1456296478.6535449028015136718750 HTTP/1.1" 200 - "-" "WordPress/4.3.3; http://www.occultscienceindustries.com"
61.135.189.117 - - [24/Feb/2016:01:48:00 -0500] "GET /our-meetups/ HTTP/1.1" 200 40961 "-" "Sogou web spider/4.0(+http://www.sogou.com/docs/help/webmasters.htm#07)"
192.0.101.226 - - [24/Feb/2016:01:48:03 -0500] "HEAD / HTTP/1.1" 200 - "-" "jetmon/1.0 (Jetpack Site Uptime Monitor by WordPress.com)"
51.255.65.34 - - [24/Feb/2016:01:48:20 -0500] "GET /2014/06/02/quick-look-spring-xd/feed/ HTTP/1.1" 200 746 "-" "Mozilla/5.0 (compatible; AhrefsBot/5.0; +http://ahrefs.com/robot/)"
123.125.71.52 - - [24/Feb/2016:01:49:13 -0500] "GET /robots.txt HTTP/1.1" 200 79 "-" "Mozilla/5.0 (compatible; Baiduspider/2.0; +http://www.baidu.com/search/spider.html)"
107.170.91.224 - - [24/Feb/2016:01:49:46 -0500] "GET /feed/ HTTP/1.1" 200 129465 "-" "Feedbin feed-id:1015889 - 1 subscribers"
184.154.139.18 - - [24/Feb/2016:01:49:54 -0500] "GET / HTTP/1.1" 200 102798 "http://www.google.com/url?url=noiseweb.com&yahoo.com" "Mozilla/5.0 (compatible; MSIE 9.0; Windows NT 6.1; WOW64; Trident/6.0)"
184.154.139.18 - - [24/Feb/2016:01:49:57 -0500] "GET /th1s_1s_a_4o4.html HTTP/1.1" 404 33068 "http://www.google.com/url?url=noiseweb.com&yahoo.com" "Mozilla/5.0 (compatible; MSIE 9.0; Windows NT 6.1; WOW64; Trident/6.0)"
92.222.6.12 - - [24/Feb/2016:01:50:08 -0500] "GET / HTTP/1.1" 301 234 "http://burger-imperia.com/" "Mozilla/5.0 (X11; Linux x86_64) AppleWebKit/537.36 (KHTML, like Gecko) Chrome/37.0.2062.120 Safari/537.36"
72.52.75.27 - - [24/Feb/2016:01:50:14 -0500] "GET / HTTP/1.1" 200 43152 "http://burger-imperia.com/" "Mozilla/5.0 (X11; Linux x86_64) AppleWebKit/537.36 (KHTML, like Gecko) Chrome/37.0.2062.120 Safari/537.36"
66.249.66.191 - - [24/Feb/2016:01:51:26 -0500] "GET /robots.txt HTTP/1.1" 200 67 "-" "Mozilla/5.0 (compatible; Googlebot/2.1; +http://www.google.com/bot.html)"
192.0.84.33 - - [24/Feb/2016:01:52:09 -0500] "HEAD / HTTP/1.1" 200 - "-" "jetmon/1.0 (Jetpack Site Uptime Monitor by WordPress.com)"
192.0.84.33 - - [24/Feb/2016:01:52:15 -0500] "HEAD / HTTP/1.1" 200 - "-" "jetmon/1.0 (Jetpack Site Uptime Monitor by WordPress.com)"
192.0.101.226 - - [24/Feb/2016:01:52:39 -0500] "HEAD / HTTP/1.1" 200 - "-" "jetmon/1.0 (Jetpack Site Uptime Monitor by WordPress.com)"
192.0.101.226 - - [24/Feb/2016:01:52:40 -0500] "HEAD / HTTP/1.1" 200 - "-" "jetmon/1.0 (Jetpack Site Uptime Monitor by WordPress.com)"
66.249.66.128 - - [24/Feb/2016:01:52:49 -0500] "GET /feed/ HTTP/1.1" 200 70895 "-" "Mozilla/5.0 (compatible; Googlebot/2.1; +http://www.google.com/bot.html)"
65.254.225.145 - - [24/Feb/2016:01:53:00 -0500] "POST /wp-cron.php?doing_wp_cron=1456296780.2992630004882812500000 HTTP/1.1" 200 - "-" "WordPress/4.3.3; http://www.occultscienceindustries.com"
192.0.101.226 - - [24/Feb/2016:01:52:59 -0500] "HEAD / HTTP/1.1" 200 - "-" "jetmon/1.0 (Jetpack Site Uptime Monitor by WordPress.com)"
180.76.15.18 - - [24/Feb/2016:01:53:02 -0500] "GET /2012/06/04/mongodb/embed/ HTTP/1.1" 200 19672 "-" "Mozilla/5.0 (compatible; Baiduspider/2.0; +http://www.baidu.com/search/spider.html)"
192.0.101.226 - - [24/Feb/2016:01:53:02 -0500] "HEAD / HTTP/1.1" 200 - "-" "jetmon/1.0 (Jetpack Site Uptime Monitor by WordPress.com)"
8.29.198.26 - - [24/Feb/2016:01:54:08 -0500] "GET /comments/feed/ HTTP/1.1" 200 678 "-" "Feedly/1.0 (+http://www.feedly.com/fetcher.html; like FeedFetcher-Google)"
195.154.250.39 - - [24/Feb/2016:01:54:20 -0500] "GET /2013/01/ HTTP/1.1" 200 82321 "-" "Mozilla/5.0 (Windows NT 6.1; Trident/7.0; rv:11.0) like Gecko"
51.255.65.96 - - [24/Feb/2016:01:55:01 -0500] "GET /feed/ HTTP/1.1" 200 129465 "-" "Mozilla/5.0 (compatible; AhrefsBot/5.0; +http://ahrefs.com/robot/)"
51.255.65.83 - - [24/Feb/2016:01:56:15 -0500] "GET /feed/ HTTP/1.1" 200 129465 "-" "Mozilla/5.0 (compatible; AhrefsBot/5.0; +http://ahrefs.com/robot/)"
66.249.66.143 - - [24/Feb/2016:01:56:46 -0500] "GET /2015/09/29/apache-spark-camp-hadoop-world-strata-conf-2015-nyc/?relatedposts=1 HTTP/1.1" 200 2634 "http://sparkdeveloper.com/2015/09/29/apache-spark-camp-hadoop-world-strata-conf-2015-nyc/" "Mozilla/5.0 (compatible; Googlebot/2.1; +http://www.google.com/bot.html)"
192.0.84.33 - - [24/Feb/2016:01:57:10 -0500] "HEAD / HTTP/1.1" 200 - "-" "jetmon/1.0 (Jetpack Site Uptime Monitor by WordPress.com)"
192.0.84.33 - - [24/Feb/2016:01:57:14 -0500] "HEAD / HTTP/1.1" 200 - "-" "jetmon/1.0 (Jetpack Site Uptime Monitor by WordPress.com)"
65.254.225.145 - - [24/Feb/2016:01:57:34 -0500] "POST /wp-cron.php?doing_wp_cron=1456297054.1093750000000000000000 HTTP/1.1" 200 - "-" "WordPress/4.2.7; http://www.devopscops.xyz"
192.0.101.226 - - [24/Feb/2016:01:57:33 -0500] "HEAD / HTTP/1.1" 200 - "-" "jetmon/1.0 (Jetpack Site Uptime Monitor by WordPress.com)"
192.0.101.226 - - [24/Feb/2016:01:57:44 -0500] "HEAD / HTTP/1.1" 200 - "-" "jetmon/1.0 (Jetpack Site Uptime Monitor by WordPress.com)"
192.0.101.226 - - [24/Feb/2016:01:57:57 -0500] "HEAD / HTTP/1.1" 200 - "-" "jetmon/1.0 (Jetpack Site Uptime Monitor by WordPress.com)"
192.0.101.226 - - [24/Feb/2016:01:58:11 -0500] "HEAD / HTTP/1.1" 200 - "-" "jetmon/1.0 (Jetpack Site Uptime Monitor by WordPress.com)"
107.173.247.58 - - [24/Feb/2016:01:58:20 -0500] "GET /2013/03/ HTTP/1.1" 200 84905 "http://www.agilemobiledeveloper.com/" "Mozilla/5.0 (Windows NT 6.1; WOW64; rv:35.0) Gecko/20100101 Firefox/35.0 AlexaToolbar/alxf-2.21"
107.173.247.58 - - [24/Feb/2016:01:58:22 -0500] "GET /wp-login.php?action=register HTTP/1.1" 302 254 "http://www.agilemobiledeveloper.com/" "Opera/9.80 (Windows NT 6.2; Win64; x64) Presto/2.12.388 Version/12.17"
107.173.247.58 - - [24/Feb/2016:01:58:22 -0500] "GET /wp-login.php?registration=disabled HTTP/1.1" 200 3029 "http://www.agilemobiledeveloper.com/" "Opera/9.80 (Windows NT 6.2; Win64; x64) Presto/2.12.388 Version/12.17"
157.55.39.97 - - [24/Feb/2016:01:58:41 -0500] "GET /2013/07/23/anti-if-compaign/ HTTP/1.1" 200 31399 "-" "Mozilla/5.0 (compatible; bingbot/2.0; +http://www.bing.com/bingbot.htm)"
51.255.65.72 - - [24/Feb/2016:01:58:51 -0500] "GET /arsine-chieftain/toshiba-webcam-problems/ HTTP/1.1" 404 8472 "-" "Mozilla/5.0 (compatible; AhrefsBot/5.0; +http://ahrefs.com/robot/)"
94.158.95.124 - - [24/Feb/2016:02:00:22 -0500] "GET / HTTP/1.1" 200 91966 "http://creativelabs.biz" "Mozilla/5.0 (Windows NT 6.1) AppleWebKit/537.36 (KHTML, like Gecko) Chrome/45.0.2454.99 Safari/537.36"
94.158.95.124 - - [24/Feb/2016:02:00:25 -0500] "GET / HTTP/1.1" 200 91966 "http://creativelabs.biz" "Mozilla/5.0 (Windows NT 10.0; WOW64) AppleWebKit/537.36 (KHTML, like Gecko) Chrome/45.0.2454.99 Safari/537.36"
94.158.95.124 - - [24/Feb/2016:02:00:26 -0500] "GET / HTTP/1.1" 200 91966 "http://creativelabs.biz" "Mozilla/5.0 (Windows NT 6.3; WOW64) AppleWebKit/537.36 (KHTML, like Gecko) Chrome/45.0.2454.101 Safari/537.36"
94.158.95.124 - - [24/Feb/2016:02:00:27 -0500] "GET / HTTP/1.1" 200 91966 "http://creativelabs.biz" "Mozilla/5.0 (Windows NT 6.3; WOW64) AppleWebKit/537.36 (KHTML, like Gecko) Chrome/45.0.2454.101 Safari/537.36"
77.75.78.167 - - [24/Feb/2016:02:01:00 -0500] "GET /robots.txt HTTP/1.1" 200 79 "-" "Mozilla/5.0 (compatible; SeznamBot/3.2; +http://fulltext.sblog.cz/)"
77.75.78.167 - - [24/Feb/2016:02:01:10 -0500] "GET /bbtapes/ HTTP/1.1" 404 33068 "-" "Mozilla/5.0 (compatible; SeznamBot/3.2; +http://fulltext.sblog.cz/)"
192.0.84.33 - - [24/Feb/2016:02:02:09 -0500] "HEAD / HTTP/1.1" 200 - "-" "jetmon/1.0 (Jetpack Site Uptime Monitor by WordPress.com)"
192.0.84.33 - - [24/Feb/2016:02:02:14 -0500] "HEAD / HTTP/1.1" 200 - "-" "jetmon/1.0 (Jetpack Site Uptime Monitor by WordPress.com)"
51.255.65.47 - - [24/Feb/2016:02:02:14 -0500] "GET /arsine-chieftain/first-amateur-microwave-allocation/ HTTP/1.1" 404 8472 "-" "Mozilla/5.0 (compatible; AhrefsBot/5.0; +http://ahrefs.com/robot/)"
192.0.101.226 - - [24/Feb/2016:02:02:40 -0500] "HEAD / HTTP/1.1" 200 - "-" "jetmon/1.0 (Jetpack Site Uptime Monitor by WordPress.com)"
192.0.101.226 - - [24/Feb/2016:02:02:43 -0500] "HEAD / HTTP/1.1" 200 - "-" "jetmon/1.0 (Jetpack Site Uptime Monitor by WordPress.com)"
65.254.225.145 - - [24/Feb/2016:02:02:44 -0500] "POST /wp-cron.php?doing_wp_cron=1456297364.9187810420989990234375 HTTP/1.1" 200 - "-" "WordPress/4.3.3; http://www.dogshitsecurity.work"
192.0.101.226 - - [24/Feb/2016:02:03:10 -0500] "HEAD / HTTP/1.1" 200 - "-" "jetmon/1.0 (Jetpack Site Uptime Monitor by WordPress.com)"
192.0.101.226 - - [24/Feb/2016:02:03:11 -0500] "HEAD / HTTP/1.1" 200 - "-" "jetmon/1.0 (Jetpack Site Uptime Monitor by WordPress.com)"
107.170.142.158 - - [24/Feb/2016:02:04:29 -0500] "GET /feed/ HTTP/1.1" 200 129465 "-" "Feedbin feed-id:1015889 - 1 subscribers"
66.249.66.62 - - [24/Feb/2016:02:05:25 -0500] "GET /feed/ HTTP/1.1" 200 1896 "-" "Mozilla/5.0 (compatible; Googlebot/2.1; +http://www.google.com/bot.html)"
92.247.181.31 - - [24/Feb/2016:02:06:36 -0500] "GET /feed/ HTTP/1.1" 200 179372 "http://sparkdeveloper.com/" "Mozilla/5.0 (compatible; inoreader.com-like FeedFetcher-Google)"
192.0.84.33 - - [24/Feb/2016:02:07:13 -0500] "HEAD / HTTP/1.1" 200 - "-" "jetmon/1.0 (Jetpack Site Uptime Monitor by WordPress.com)"
192.0.84.33 - - [24/Feb/2016:02:07:15 -0500] "HEAD / HTTP/1.1" 200 - "-" "jetmon/1.0 (Jetpack Site Uptime Monitor by WordPress.com)"
101.200.199.203 - - [24/Feb/2016:02:07:27 -0500] "GET /feed/ HTTP/1.1" 200 179372 "-" "Mozilla/5.0 (Ubuntu; X11; Linux x86_64; rv:8.0) Gecko/20100101 Firefox/8.0"
192.0.101.226 - - [24/Feb/2016:02:07:37 -0500] "HEAD / HTTP/1.1" 200 - "-" "jetmon/1.0 (Jetpack Site Uptime Monitor by WordPress.com)"
192.0.101.226 - - [24/Feb/2016:02:07:40 -0500] "HEAD / HTTP/1.1" 200 - "-" "jetmon/1.0 (Jetpack Site Uptime Monitor by WordPress.com)"
192.0.101.226 - - [24/Feb/2016:02:08:05 -0500] "HEAD / HTTP/1.1" 200 - "-" "jetmon/1.0 (Jetpack Site Uptime Monitor by WordPress.com)"
192.0.101.226 - - [24/Feb/2016:02:08:07 -0500] "HEAD / HTTP/1.1" 200 - "-" "jetmon/1.0 (Jetpack Site Uptime Monitor by WordPress.com)"
68.180.228.42 - - [24/Feb/2016:02:08:08 -0500] "GET /2012/03/05/svn-nosql-jvm/ HTTP/1.1" 200 68051 "-" "Mozilla/5.0 (compatible; Yahoo! Slurp; http://help.yahoo.com/help/us/ysearch/slurp)"
192.0.84.33 - - [24/Feb/2016:02:12:14 -0500] "HEAD / HTTP/1.1" 200 - "-" "jetmon/1.0 (Jetpack Site Uptime Monitor by WordPress.com)"
192.0.84.33 - - [24/Feb/2016:02:12:13 -0500] "HEAD / HTTP/1.1" 200 - "-" "jetmon/1.0 (Jetpack Site Uptime Monitor by WordPress.com)"
65.254.225.145 - - [24/Feb/2016:02:12:15 -0500] "POST /wp-cron.php?doing_wp_cron=1456297935.1900229454040527343750 HTTP/1.1" 200 - "-" "WordPress/4.4.2; http://www.mongodbdev.com"
192.0.101.226 - - [24/Feb/2016:02:12:40 -0500] "HEAD / HTTP/1.1" 200 - "-" "jetmon/1.0 (Jetpack Site Uptime Monitor by WordPress.com)"
192.0.101.226 - - [24/Feb/2016:02:12:48 -0500] "HEAD / HTTP/1.1" 200 - "-" "jetmon/1.0 (Jetpack Site Uptime Monitor by WordPress.com)"
192.0.101.226 - - [24/Feb/2016:02:12:57 -0500] "HEAD / HTTP/1.1" 200 - "-" "jetmon/1.0 (Jetpack Site Uptime Monitor by WordPress.com)"
192.0.101.226 - - [24/Feb/2016:02:13:04 -0500] "HEAD / HTTP/1.1" 200 - "-" "jetmon/1.0 (Jetpack Site Uptime Monitor by WordPress.com)"
180.76.15.139 - - [24/Feb/2016:02:13:29 -0500] "GET /?m=201203 HTTP/1.1" 301 252 "-" "Mozilla/5.0 (compatible; Baiduspider/2.0; +http://www.baidu.com/search/spider.html)"
180.76.15.146 - - [24/Feb/2016:02:13:30 -0500] "GET /2012/03/ HTTP/1.1" 200 44321 "-" "Mozilla/5.0 (compatible; Baiduspider/2.0; +http://www.baidu.com/search/spider.html)"
157.55.39.60 - - [24/Feb/2016:02:13:37 -0500] "GET /2013/05/06/node-js-for-production/ HTTP/1.1" 200 70314 "-" "Mozilla/5.0 (compatible; bingbot/2.0; +http://www.bing.com/bingbot.htm)"
54.165.176.73 - - [24/Feb/2016:02:15:14 -0500] "GET /feed/ HTTP/1.1" 304 - "-" "python-requests/2.5.0 CPython/2.7.9 Linux/3.14.20-20.44.amzn1.x86_64"
65.254.225.145 - - [24/Feb/2016:02:15:15 -0500] "POST /wp-cron.php?doing_wp_cron=1456298115.5642070770263671875000 HTTP/1.1" 200 - "-" "WordPress/4.4.2; http://www.agilemobiledeveloper.com"
59.161.36.169 - - [24/Feb/2016:02:16:09 -0500] "GET / HTTP/1.1" 200 92050 "https://www.google.co.in" "Mozilla/5.0 (Windows NT 6.1; Win64; x64; rv:43.0) Gecko/20100101 Firefox/43.0"
59.161.36.169 - - [24/Feb/2016:02:16:14 -0500] "GET /wp-content/plugins/sociable/css/sociable.css?ver=4.4.2 HTTP/1.1" 200 5949 "http://sparkdeveloper.com/" "Mozilla/5.0 (Windows NT 6.1; Win64; x64; rv:43.0) Gecko/20100101 Firefox/43.0"
59.161.36.169 - - [24/Feb/2016:02:16:14 -0500] "GET /wp-includes/js/mediaelement/mediaelementplayer.min.css?ver=2.18.1 HTTP/1.1" 200 20163 "http://sparkdeveloper.com/" "Mozilla/5.0 (Windows NT 6.1; Win64; x64; rv:43.0) Gecko/20100101 Firefox/43.0"
59.161.36.169 - - [24/Feb/2016:02:16:14 -0500] "GET /wp-content/themes/sundance/style.css?ver=4.4.2 HTTP/1.1" 200 32587 "http://sparkdeveloper.com/" "Mozilla/5.0 (Windows NT 6.1; Win64; x64; rv:43.0) Gecko/20100101 Firefox/43.0"
59.161.36.169 - - [24/Feb/2016:02:16:14 -0500] "GET /wp-includes/js/wp-emoji-release.min.js?ver=4.4.2 HTTP/1.1" 200 33713 "http://sparkdeveloper.com/" "Mozilla/5.0 (Windows NT 6.1; Win64; x64; rv:43.0) Gecko/20100101 Firefox/43.0"
59.161.36.169 - - [24/Feb/2016:02:16:14 -0500] "GET /wp-content/plugins/jetpack/css/jetpack.css?ver=3.9.1 HTTP/1.1" 200 57220 "http://sparkdeveloper.com/" "Mozilla/5.0 (Windows NT 6.1; Win64; x64; rv:43.0) Gecko/20100101 Firefox/43.0"
59.161.36.169 - - [24/Feb/2016:02:16:14 -0500] "GET /wp-includes/js/jquery/jquery.js?ver=1.11.3 HTTP/1.1" 200 95977 "http://sparkdeveloper.com/" "Mozilla/5.0 (Windows NT 6.1; Win64; x64; rv:43.0) Gecko/20100101 Firefox/43.0"
59.161.36.169 - - [24/Feb/2016:02:16:14 -0500] "GET /wp-content/plugins/sociable/js/sociable.js?ver=4.4.2 HTTP/1.1" 200 1959 "http://sparkdeveloper.com/" "Mozilla/5.0 (Windows NT 6.1; Win64; x64; rv:43.0) Gecko/20100101 Firefox/43.0"
59.161.36.169 - - [24/Feb/2016:02:16:14 -0500] "GET /wp-includes/js/jquery/jquery-migrate.min.js?ver=1.2.1 HTTP/1.1" 200 7200 "http://sparkdeveloper.com/" "Mozilla/5.0 (Windows NT 6.1; Win64; x64; rv:43.0) Gecko/20100101 Firefox/43.0"
59.161.36.169 - - [24/Feb/2016:02:16:14 -0500] "GET /wp-content/plugins/sociable/js/addtofavorites.js?ver=4.4.2 HTTP/1.1" 200 602 "http://sparkdeveloper.com/" "Mozilla/5.0 (Windows NT 6.1; Win64; x64; rv:43.0) Gecko/20100101 Firefox/43.0"
59.161.36.169 - - [24/Feb/2016:02:16:14 -0500] "GET /wp-content/plugins/sociable/js/vuible.js?ver=4.4.2 HTTP/1.1" 200 370 "http://sparkdeveloper.com/" "Mozilla/5.0 (Windows NT 6.1; Win64; x64; rv:43.0) Gecko/20100101 Firefox/43.0"
